============================= test session starts ==============================
platform darwin -- Python 3.12.11, pytest-8.4.1, pluggy-1.6.0 -- /Users/jonah/Library/Caches/pypoetry/virtualenvs/omnibase-core-Twd7t-Wn-py3.12/bin/python
cachedir: .pytest_cache
rootdir: /Volumes/PRO-G40/Code/omnibase_core/tests
configfile: pytest.ini
plugins: asyncio-0.25.3, anyio-4.10.0, cov-7.0.0
asyncio: mode=Mode.STRICT, asyncio_default_fixture_loop_scope=None
collecting ... collected 4349 items / 2 skipped

tests/integration/test_validation_integration.py::TestValidationIntegration::test_all_validators_pass_clean_repository PASSED [  0%]
tests/integration/test_validation_integration.py::TestValidationIntegration::test_validators_detect_violations_consistently PASSED [  0%]
tests/integration/test_validation_integration.py::TestValidationIntegration::test_validation_script_error_handling PASSED [  0%]
tests/integration/test_validation_integration.py::TestValidationIntegration::test_validation_scripts_with_mixed_content PASSED [  0%]
tests/integration/test_validation_integration.py::TestPreCommitIntegration::test_simulate_pre_commit_hook_validation PASSED [  0%]
tests/integration/test_validation_integration.py::TestPreCommitIntegration::test_pre_commit_validation_file_list PASSED [  0%]
tests/integration/test_validation_integration.py::TestPreCommitIntegration::test_pre_commit_no_python_files PASSED [  0%]
tests/integration/test_validation_integration.py::TestContinuousIntegration::test_ci_full_repository_scan PASSED [  0%]
tests/integration/test_validation_integration.py::TestContinuousIntegration::test_ci_parallel_validation_simulation PASSED [  0%]
tests/integration/test_validation_integration.py::TestValidationPerformance::test_large_repository_validation_performance PASSED [  0%]
tests/integration/test_validation_integration.py::TestValidationPerformance::test_validation_memory_usage PASSED [  0%]
tests/integration/test_validation_integration.py::TestEndToEndWorkflows::test_development_workflow_simulation PASSED [  0%]
tests/integration/test_validation_integration.py::TestEndToEndWorkflows::test_refactoring_workflow_with_validation PASSED [  0%]
tests/performance/test_model_timeout_performance.py::TestModelTimeoutPerformance::test_cached_property_performance PASSED [  0%]
tests/performance/test_model_timeout_performance.py::TestModelTimeoutPerformance::test_warning_threshold_caching PASSED [  0%]
tests/performance/test_model_timeout_performance.py::TestModelTimeoutPerformance::test_extension_limit_caching PASSED [  0%]
tests/performance/test_model_timeout_performance.py::TestModelTimeoutPerformance::test_runtime_category_calculation_caching PASSED [  0%]
tests/performance/test_model_timeout_performance.py::TestModelTimeoutPerformance::test_cache_invalidation_on_metadata_change PASSED [  0%]
tests/performance/test_model_timeout_performance.py::TestModelTimeoutPerformance::test_serialization_performance PASSED [  0%]
tests/performance/test_model_timeout_performance.py::TestModelTimeoutPerformance::test_lru_cache_effectiveness[fast] PASSED [  0%]
tests/performance/test_model_timeout_performance.py::TestModelTimeoutPerformance::test_lru_cache_effectiveness[moderate] PASSED [  0%]
tests/performance/test_model_timeout_performance.py::TestModelTimeoutPerformance::test_property_access_patterns PASSED [  0%]
tests/performance/test_model_timeout_performance.py::TestModelTimeoutPerformance::test_memory_usage_optimization PASSED [  0%]
tests/performance/test_model_timeout_performance.py::TestPerformanceBenchmarks::test_benchmark_script_exists PASSED [  0%]
tests/performance/test_model_timeout_performance.py::TestPerformanceBenchmarks::test_performance_regression_detection PASSED [  0%]
tests/test_direct_instantiation_danger.py::test_direct_instantiation_danger PASSED [  0%]
tests/test_direct_instantiation_danger.py::test_current_approach_prevents_this PASSED [  0%]
tests/test_direct_instantiation_danger.py::test_real_world_agent_scenario PASSED [  0%]
tests/test_json_serialization_crash.py::test_json_crash_proof PASSED     [  0%]
tests/unit/container/test_container_service_resolver.py::TestRegistryMapBuilding::test_build_registry_map_with_all_services PASSED [  0%]
tests/unit/container/test_container_service_resolver.py::TestRegistryMapBuilding::test_build_registry_map_returns_callables PASSED [  0%]
tests/unit/container/test_container_service_resolver.py::TestServiceResolution::test_resolve_service_by_name_from_registry PASSED [  0%]
tests/unit/container/test_container_service_resolver.py::TestServiceResolution::test_resolve_event_bus_by_string PASSED [  0%]
tests/unit/container/test_container_service_resolver.py::TestServiceResolution::test_resolve_consul_client_by_protocol PASSED [  0%]
tests/unit/container/test_container_service_resolver.py::TestServiceResolution::test_resolve_vault_client_by_protocol PASSED [  0%]
tests/unit/container/test_container_service_resolver.py::TestServiceResolution::test_resolve_event_bus_by_protocol PASSED [  0%]
tests/unit/container/test_container_service_resolver.py::TestErrorHandling::test_raises_error_for_unknown_service_name PASSED [  0%]
tests/unit/container/test_container_service_resolver.py::TestErrorHandling::test_raises_error_when_vault_client_unavailable PASSED [  0%]
tests/unit/container/test_container_service_resolver.py::TestErrorHandling::test_raises_error_for_invalid_protocol PASSED [  0%]
tests/unit/container/test_container_service_resolver.py::TestMethodBinding::test_bind_get_service_method_creates_bound_method PASSED [  0%]
tests/unit/container/test_container_service_resolver.py::TestMethodBinding::test_bound_method_can_resolve_services PASSED [  0%]
tests/unit/container/test_container_service_resolver.py::TestMethodBinding::test_bound_method_preserves_container_context PASSED [  0%]
tests/unit/container/test_container_service_resolver.py::TestServiceResolutionEdgeCases::test_resolve_with_none_service_name PASSED [  0%]
tests/unit/container/test_container_service_resolver.py::TestServiceResolutionEdgeCases::test_registry_method_returns_none PASSED [  1%]
tests/unit/container/test_container_service_resolver.py::TestServiceResolutionEdgeCases::test_multiple_service_resolutions PASSED [  1%]
tests/unit/container/test_container_service_resolver.py::TestProtocolTypeHandling::test_protocol_type_with_name_attribute PASSED [  1%]
tests/unit/container/test_container_service_resolver.py::TestProtocolTypeHandling::test_string_protocol_name_in_registry PASSED [  1%]
tests/unit/contracts/test_model_compensation_plan.py::TestModelCompensationPlan::test_valid_construction_minimal_fields PASSED [  1%]
tests/unit/contracts/test_model_compensation_plan.py::TestModelCompensationPlan::test_valid_construction_all_fields PASSED [  1%]
tests/unit/contracts/test_model_compensation_plan.py::TestModelCompensationPlan::test_validate_plan_id_with_valid_uuid_object PASSED [  1%]
tests/unit/contracts/test_model_compensation_plan.py::TestModelCompensationPlan::test_validate_plan_id_with_valid_uuid_string PASSED [  1%]
tests/unit/contracts/test_model_compensation_plan.py::TestModelCompensationPlan::test_validate_plan_id_with_empty_string PASSED [  1%]
tests/unit/contracts/test_model_compensation_plan.py::TestModelCompensationPlan::test_validate_plan_id_with_whitespace_string PASSED [  1%]
tests/unit/contracts/test_model_compensation_plan.py::TestModelCompensationPlan::test_validate_plan_id_with_invalid_uuid_string FAILED [  1%]
tests/unit/contracts/test_model_compensation_plan.py::TestModelCompensationPlan::test_validate_action_lists_with_valid_identifiers PASSED [  1%]
tests/unit/contracts/test_model_compensation_plan.py::TestModelCompensationPlan::test_validate_action_lists_with_empty_entries PASSED [  1%]
tests/unit/contracts/test_model_compensation_plan.py::TestModelCompensationPlan::test_validate_action_lists_with_invalid_characters PASSED [  1%]
tests/unit/contracts/test_model_compensation_plan.py::TestModelCompensationPlan::test_validate_action_lists_with_special_characters PASSED [  1%]
tests/unit/contracts/test_model_compensation_plan.py::TestModelCompensationPlan::test_validate_multiple_action_types PASSED [  1%]
tests/unit/contracts/test_model_compensation_plan.py::TestModelCompensationPlan::test_validate_plan_dependencies_with_valid_uuids PASSED [  1%]
tests/unit/contracts/test_model_compensation_plan.py::TestModelCompensationPlan::test_validate_plan_dependencies_with_uuid_strings PASSED [  1%]
tests/unit/contracts/test_model_compensation_plan.py::TestModelCompensationPlan::test_validate_plan_dependencies_with_mixed_types PASSED [  1%]
tests/unit/contracts/test_model_compensation_plan.py::TestModelCompensationPlan::test_validate_plan_dependencies_with_empty_entries PASSED [  1%]
tests/unit/contracts/test_model_compensation_plan.py::TestModelCompensationPlan::test_validate_plan_dependencies_with_invalid_uuid_string PASSED [  1%]
tests/unit/contracts/test_model_compensation_plan.py::TestModelCompensationPlan::test_validate_plan_name_length_constraints PASSED [  1%]
tests/unit/contracts/test_model_compensation_plan.py::TestModelCompensationPlan::test_validate_timeout_constraints PASSED [  1%]
tests/unit/contracts/test_model_compensation_plan.py::TestModelCompensationPlan::test_validate_retry_constraints PASSED [  1%]
tests/unit/contracts/test_model_compensation_plan.py::TestModelCompensationPlan::test_validate_priority_constraints PASSED [  1%]
tests/unit/contracts/test_model_compensation_plan.py::TestModelCompensationPlan::test_validate_delay_constraints PASSED [  1%]
tests/unit/contracts/test_model_compensation_plan.py::TestModelCompensationPlan::test_validate_log_level_literal_values PASSED [  1%]
tests/unit/contracts/test_model_compensation_plan.py::TestModelCompensationPlan::test_validate_compensation_strategy_enum PASSED [  1%]
tests/unit/contracts/test_model_compensation_plan.py::TestModelCompensationPlan::test_validate_execution_order_enum PASSED [  1%]
tests/unit/contracts/test_model_compensation_plan.py::TestModelCompensationPlan::test_complex_compensation_plan_configuration PASSED [  1%]
tests/unit/contracts/test_model_compensation_plan.py::TestModelCompensationPlan::test_model_config_validate_assignment PASSED [  1%]
tests/unit/contracts/test_model_compensation_plan.py::TestModelCompensationPlan::test_default_values PASSED [  1%]
tests/unit/contracts/test_model_contract_base.py::TestModelContractBase::test_valid_construction_minimal_required_fields PASSED [  1%]
tests/unit/contracts/test_model_contract_base.py::TestModelContractBase::test_valid_construction_all_fields_populated PASSED [  1%]
tests/unit/contracts/test_model_contract_base.py::TestModelContractBase::test_required_field_validation_name PASSED [  1%]
tests/unit/contracts/test_model_contract_base.py::TestModelContractBase::test_required_field_validation_description PASSED [  1%]
tests/unit/contracts/test_model_contract_base.py::TestModelContractBase::test_input_output_model_validation PASSED [  1%]
tests/unit/contracts/test_model_contract_base.py::TestModelContractBase::test_node_type_enum_validation_valid_enum PASSED [  1%]
tests/unit/contracts/test_model_contract_base.py::TestModelContractBase::test_node_type_string_conversion_yaml_support PASSED [  1%]
tests/unit/contracts/test_model_contract_base.py::TestModelContractBase::test_node_type_invalid_string_raises_onex_error PASSED [  1%]
tests/unit/contracts/test_model_contract_base.py::TestModelContractBase::test_node_type_invalid_type_raises_onex_error PASSED [  1%]
tests/unit/contracts/test_model_contract_base.py::TestModelContractBase::test_dependencies_validation_empty_list PASSED [  1%]
tests/unit/contracts/test_model_contract_base.py::TestModelContractBase::test_dependencies_validation_valid_model_dependency_list PASSED [  1%]
tests/unit/contracts/test_model_contract_base.py::TestModelContractBase::test_dependencies_validation_dict_yaml_conversion PASSED [  2%]
tests/unit/contracts/test_model_contract_base.py::TestModelContractBase::test_dependencies_validation_invalid_type_raises_onex_error PASSED [  2%]
tests/unit/contracts/test_model_contract_base.py::TestModelContractBase::test_dependencies_validation_string_dependency_security_rejection PASSED [  2%]
tests/unit/contracts/test_model_contract_base.py::TestModelContractBase::test_dependencies_memory_safety_limit_enforcement PASSED [  2%]
tests/unit/contracts/test_model_contract_base.py::TestModelContractBase::test_dependencies_batch_validation_mixed_types PASSED [  2%]
tests/unit/contracts/test_model_contract_base.py::TestModelContractBase::test_circular_dependency_detection_direct_self_dependency PASSED [  2%]
tests/unit/contracts/test_model_contract_base.py::TestModelContractBase::test_circular_dependency_detection_duplicate_dependencies PASSED [  2%]
tests/unit/contracts/test_model_contract_base.py::TestModelContractBase::test_circular_dependency_detection_module_reference PASSED [  2%]
tests/unit/contracts/test_model_contract_base.py::TestModelContractBase::test_dependency_complexity_limit_enforcement PASSED [  2%]
tests/unit/contracts/test_model_contract_base.py::TestModelContractBase::test_protocol_interface_validation PASSED [  2%]
tests/unit/contracts/test_model_contract_base.py::TestModelContractBase::test_memory_safety_large_dependency_lists PASSED [  2%]
tests/unit/contracts/test_model_contract_base.py::TestModelContractBase::test_memory_safety_large_protocol_interfaces PASSED [  2%]
tests/unit/contracts/test_model_contract_base.py::TestModelContractBase::test_memory_safety_large_tags_list PASSED [  2%]
tests/unit/contracts/test_model_contract_base.py::TestModelContractBase::test_edge_case_empty_strings_after_whitespace_stripping PASSED [  2%]
tests/unit/contracts/test_model_contract_base.py::TestModelContractBase::test_edge_case_unicode_strings PASSED [  2%]
tests/unit/contracts/test_model_contract_base.py::TestModelContractBase::test_edge_case_very_long_strings PASSED [  2%]
tests/unit/contracts/test_model_contract_base.py::TestModelContractBase::test_abstract_method_validate_node_specific_config PASSED [  2%]
tests/unit/contracts/test_model_contract_base.py::TestModelContractBase::test_model_config_extra_fields_ignored PASSED [  2%]
tests/unit/contracts/test_model_contract_base.py::TestModelContractBase::test_model_config_enum_values_preservation PASSED [  2%]
tests/unit/contracts/test_model_contract_base.py::TestModelContractBase::test_onex_error_exception_chaining_preservation PASSED [  2%]
tests/unit/contracts/test_model_contract_base.py::TestModelContractBase::test_onex_error_context_details_completeness PASSED [  2%]
tests/unit/contracts/test_model_effect_retry_config.py::TestModelEffectRetryConfigBasic::test_default_configuration PASSED [  2%]
tests/unit/contracts/test_model_effect_retry_config.py::TestModelEffectRetryConfigBasic::test_custom_configuration PASSED [  2%]
tests/unit/contracts/test_model_effect_retry_config.py::TestModelEffectRetryConfigBasic::test_all_backoff_strategies PASSED [  2%]
tests/unit/contracts/test_model_effect_retry_config.py::TestModelEffectRetryConfigEnumValidation::test_enum_preserved_not_converted_to_string PASSED [  2%]
tests/unit/contracts/test_model_effect_retry_config.py::TestModelEffectRetryConfigEnumValidation::test_invalid_enum_string_value_rejected PASSED [  2%]
tests/unit/contracts/test_model_effect_retry_config.py::TestModelEffectRetryConfigEnumValidation::test_invalid_enum_numeric_value_rejected PASSED [  2%]
tests/unit/contracts/test_model_effect_retry_config.py::TestModelEffectRetryConfigEnumValidation::test_invalid_enum_object_rejected PASSED [  2%]
tests/unit/contracts/test_model_effect_retry_config.py::TestModelEffectRetryConfigEnumValidation::test_enum_by_valid_string_value_accepted PASSED [  2%]
tests/unit/contracts/test_model_effect_retry_config.py::TestModelEffectRetryConfigEnumValidation::test_enum_case_sensitivity PASSED [  2%]
tests/unit/contracts/test_model_effect_retry_config.py::TestModelEffectRetryConfigEnumValidation::test_partial_enum_string_rejected PASSED [  2%]
tests/unit/contracts/test_model_effect_retry_config.py::TestModelEffectRetryConfigEnumValidation::test_all_enum_strategies_by_string PASSED [  2%]
tests/unit/contracts/test_model_effect_retry_config.py::TestModelEffectRetryConfigEnumValidation::test_omit_enum_field_uses_default PASSED [  2%]
tests/unit/contracts/test_model_effect_retry_config.py::TestModelEffectRetryConfigEnumValidation::test_enum_assignment_validation PASSED [  2%]
tests/unit/contracts/test_model_effect_retry_config.py::TestModelEffectRetryConfigValidation::test_max_attempts_minimum_value PASSED [  2%]
tests/unit/contracts/test_model_effect_retry_config.py::TestModelEffectRetryConfigValidation::test_base_delay_ms_minimum_value PASSED [  2%]
tests/unit/contracts/test_model_effect_retry_config.py::TestModelEffectRetryConfigValidation::test_max_delay_ms_minimum_value PASSED [  2%]
tests/unit/contracts/test_model_effect_retry_config.py::TestModelEffectRetryConfigValidation::test_circuit_breaker_threshold_minimum_value PASSED [  2%]
tests/unit/contracts/test_model_effect_retry_config.py::TestModelEffectRetryConfigValidation::test_circuit_breaker_timeout_s_minimum_value PASSED [  2%]
tests/unit/contracts/test_model_effect_retry_config.py::TestModelEffectRetryConfigMaxDelayValidator::test_max_delay_greater_than_base_delay_valid PASSED [  2%]
tests/unit/contracts/test_model_effect_retry_config.py::TestModelEffectRetryConfigMaxDelayValidator::test_max_delay_equal_to_base_delay_invalid PASSED [  2%]
tests/unit/contracts/test_model_effect_retry_config.py::TestModelEffectRetryConfigMaxDelayValidator::test_max_delay_less_than_base_delay_invalid PASSED [  2%]
tests/unit/contracts/test_model_effect_retry_config.py::TestModelEffectRetryConfigMaxDelayValidator::test_validator_error_context PASSED [  2%]
tests/unit/contracts/test_model_effect_retry_config.py::TestModelEffectRetryConfigMaxDelayValidator::test_edge_case_max_delay_one_more_than_base PASSED [  2%]
tests/unit/contracts/test_model_effect_retry_config.py::TestModelEffectRetryConfigMaxDelayValidator::test_edge_case_very_large_delays PASSED [  3%]
tests/unit/contracts/test_model_effect_retry_config.py::TestModelEffectRetryConfigMaxDelayValidator::test_validator_triggered_on_construction PASSED [  3%]
tests/unit/contracts/test_model_effect_retry_config.py::TestModelEffectRetryConfigCircuitBreaker::test_circuit_breaker_enabled PASSED [  3%]
tests/unit/contracts/test_model_effect_retry_config.py::TestModelEffectRetryConfigCircuitBreaker::test_circuit_breaker_disabled PASSED [  3%]
tests/unit/contracts/test_model_effect_retry_config.py::TestModelEffectRetryConfigSerialization::test_model_dump PASSED [  3%]
tests/unit/contracts/test_model_effect_retry_config.py::TestModelEffectRetryConfigSerialization::test_model_dump_json PASSED [  3%]
tests/unit/contracts/test_model_effect_retry_config.py::TestModelEffectRetryConfigSerialization::test_round_trip_serialization PASSED [  3%]
tests/unit/contracts/test_model_effect_retry_config.py::TestModelEffectRetryConfigModelConfig::test_extra_fields_ignored PASSED [  3%]
tests/unit/contracts/test_model_effect_retry_config.py::TestModelEffectRetryConfigModelConfig::test_enum_values_not_converted PASSED [  3%]
tests/unit/contracts/test_model_effect_retry_config.py::TestModelEffectRetryConfigModelConfig::test_validate_assignment PASSED [  3%]
tests/unit/contracts/test_model_effect_retry_config.py::TestModelEffectRetryConfigEdgeCases::test_minimum_valid_configuration PASSED [  3%]
tests/unit/contracts/test_model_effect_retry_config.py::TestModelEffectRetryConfigEdgeCases::test_high_retry_attempts PASSED [  3%]
tests/unit/contracts/test_model_effect_retry_config.py::TestModelEffectRetryConfigEdgeCases::test_all_features_disabled PASSED [  3%]
tests/unit/contracts/test_model_effect_retry_config.py::TestModelEffectRetryConfigEdgeCases::test_all_features_enabled PASSED [  3%]
tests/unit/contracts/test_model_external_service_config.py::TestModelExternalServiceConfigBasic::test_minimal_required_configuration PASSED [  3%]
tests/unit/contracts/test_model_external_service_config.py::TestModelExternalServiceConfigBasic::test_default_configuration_values PASSED [  3%]
tests/unit/contracts/test_model_external_service_config.py::TestModelExternalServiceConfigBasic::test_custom_configuration PASSED [  3%]
tests/unit/contracts/test_model_external_service_config.py::TestModelExternalServiceConfigBasic::test_various_service_types PASSED [  3%]
tests/unit/contracts/test_model_external_service_config.py::TestModelExternalServiceConfigEnumAuthType::test_all_authentication_methods PASSED [  3%]
tests/unit/contracts/test_model_external_service_config.py::TestModelExternalServiceConfigEnumAuthType::test_auth_type_enum_preserved_not_converted PASSED [  3%]
tests/unit/contracts/test_model_external_service_config.py::TestModelExternalServiceConfigEnumAuthType::test_invalid_enum_string_value_rejected PASSED [  3%]
tests/unit/contracts/test_model_external_service_config.py::TestModelExternalServiceConfigEnumAuthType::test_invalid_enum_numeric_value_rejected PASSED [  3%]
tests/unit/contracts/test_model_external_service_config.py::TestModelExternalServiceConfigEnumAuthType::test_omit_enum_field_uses_default PASSED [  3%]
tests/unit/contracts/test_model_external_service_config.py::TestModelExternalServiceConfigEnumAuthType::test_auth_type_by_string_value_accepted PASSED [  3%]
tests/unit/contracts/test_model_external_service_config.py::TestModelExternalServiceConfigEnumAuthType::test_auth_type_case_sensitivity PASSED [  3%]
tests/unit/contracts/test_model_external_service_config.py::TestModelExternalServiceConfigEnumAuthType::test_auth_type_enum_helper_methods PASSED [  3%]
tests/unit/contracts/test_model_external_service_config.py::TestModelExternalServiceConfigFieldValidation::test_service_type_required PASSED [  3%]
tests/unit/contracts/test_model_external_service_config.py::TestModelExternalServiceConfigFieldValidation::test_service_type_min_length PASSED [  3%]
tests/unit/contracts/test_model_external_service_config.py::TestModelExternalServiceConfigFieldValidation::test_rate_limit_requests_per_minute_minimum PASSED [  3%]
tests/unit/contracts/test_model_external_service_config.py::TestModelExternalServiceConfigFieldValidation::test_max_connections_minimum PASSED [  3%]
tests/unit/contracts/test_model_external_service_config.py::TestModelExternalServiceConfigFieldValidation::test_timeout_seconds_minimum PASSED [  3%]
tests/unit/contracts/test_model_external_service_config.py::TestModelExternalServiceConfigFieldValidation::test_endpoint_url_optional PASSED [  3%]
tests/unit/contracts/test_model_external_service_config.py::TestModelExternalServiceConfigRateLimiting::test_rate_limiting_enabled PASSED [  3%]
tests/unit/contracts/test_model_external_service_config.py::TestModelExternalServiceConfigRateLimiting::test_rate_limiting_disabled PASSED [  3%]
tests/unit/contracts/test_model_external_service_config.py::TestModelExternalServiceConfigRateLimiting::test_high_rate_limit PASSED [  3%]
tests/unit/contracts/test_model_external_service_config.py::TestModelExternalServiceConfigConnectionPooling::test_connection_pooling_enabled PASSED [  3%]
tests/unit/contracts/test_model_external_service_config.py::TestModelExternalServiceConfigConnectionPooling::test_connection_pooling_disabled PASSED [  3%]
tests/unit/contracts/test_model_external_service_config.py::TestModelExternalServiceConfigConnectionPooling::test_large_connection_pool PASSED [  3%]
tests/unit/contracts/test_model_external_service_config.py::TestModelExternalServiceConfigSerialization::test_model_dump PASSED [  3%]
tests/unit/contracts/test_model_external_service_config.py::TestModelExternalServiceConfigSerialization::test_model_dump_json PASSED [  3%]
tests/unit/contracts/test_model_external_service_config.py::TestModelExternalServiceConfigSerialization::test_round_trip_serialization PASSED [  3%]
tests/unit/contracts/test_model_external_service_config.py::TestModelExternalServiceConfigModelConfig::test_extra_fields_ignored PASSED [  3%]
tests/unit/contracts/test_model_external_service_config.py::TestModelExternalServiceConfigModelConfig::test_enum_values_not_converted PASSED [  3%]
tests/unit/contracts/test_model_external_service_config.py::TestModelExternalServiceConfigModelConfig::test_validate_assignment PASSED [  4%]
tests/unit/contracts/test_model_external_service_config.py::TestModelExternalServiceConfigEdgeCases::test_minimum_valid_configuration PASSED [  4%]
tests/unit/contracts/test_model_external_service_config.py::TestModelExternalServiceConfigEdgeCases::test_maximum_realistic_values PASSED [  4%]
tests/unit/contracts/test_model_external_service_config.py::TestModelExternalServiceConfigEdgeCases::test_all_features_disabled PASSED [  4%]
tests/unit/contracts/test_model_external_service_config.py::TestModelExternalServiceConfigEdgeCases::test_all_features_enabled_custom_values PASSED [  4%]
tests/unit/contracts/test_model_external_service_config.py::TestModelExternalServiceConfigEdgeCases::test_service_type_with_special_characters PASSED [  4%]
tests/unit/contracts/test_model_external_service_config.py::TestModelExternalServiceConfigEdgeCases::test_various_url_formats PASSED [  4%]
tests/unit/contracts/test_model_external_service_config.py::TestModelExternalServiceConfigIntegration::test_rest_api_with_bearer_auth_configuration PASSED [  4%]
tests/unit/contracts/test_model_external_service_config.py::TestModelExternalServiceConfigIntegration::test_graphql_with_jwt_configuration PASSED [  4%]
tests/unit/contracts/test_model_external_service_config.py::TestModelExternalServiceConfigIntegration::test_grpc_with_mtls_configuration PASSED [  4%]
tests/unit/contracts/test_model_external_service_config.py::TestModelExternalServiceConfigIntegration::test_public_api_with_no_auth PASSED [  4%]
tests/unit/contracts/test_model_trigger_mappings.py::TestModelTriggerMappings::test_valid_construction_defaults PASSED [  4%]
tests/unit/contracts/test_model_trigger_mappings.py::TestModelTriggerMappings::test_valid_construction_with_mappings PASSED [  4%]
tests/unit/contracts/test_model_trigger_mappings.py::TestModelTriggerMappings::test_correlation_id_auto_generation PASSED [  4%]
tests/unit/contracts/test_model_trigger_mappings.py::TestModelTriggerMappings::test_validate_string_mappings_with_valid_data PASSED [  4%]
tests/unit/contracts/test_model_trigger_mappings.py::TestModelTriggerMappings::test_validate_string_mappings_with_whitespace_trimming PASSED [  4%]
tests/unit/contracts/test_model_trigger_mappings.py::TestModelTriggerMappings::test_validate_string_mappings_skips_empty_keys PASSED [  4%]
tests/unit/contracts/test_model_trigger_mappings.py::TestModelTriggerMappings::test_validate_string_mappings_skips_empty_values PASSED [  4%]
tests/unit/contracts/test_model_trigger_mappings.py::TestModelTriggerMappings::test_validate_string_mappings_key_too_long PASSED [  4%]
tests/unit/contracts/test_model_trigger_mappings.py::TestModelTriggerMappings::test_validate_string_mappings_value_too_long PASSED [  4%]
tests/unit/contracts/test_model_trigger_mappings.py::TestModelTriggerMappings::test_validate_string_mappings_value_not_string PASSED [  4%]
tests/unit/contracts/test_model_trigger_mappings.py::TestModelTriggerMappings::test_validate_all_mapping_types PASSED [  4%]
tests/unit/contracts/test_model_trigger_mappings.py::TestModelTriggerMappings::test_get_all_mappings_empty PASSED [  4%]
tests/unit/contracts/test_model_trigger_mappings.py::TestModelTriggerMappings::test_get_all_mappings_single_category PASSED [  4%]
tests/unit/contracts/test_model_trigger_mappings.py::TestModelTriggerMappings::test_get_all_mappings_multiple_categories PASSED [  4%]
tests/unit/contracts/test_model_trigger_mappings.py::TestModelTriggerMappings::test_get_all_mappings_overlapping_keys PASSED [  4%]
tests/unit/contracts/test_model_trigger_mappings.py::TestModelTriggerMappings::test_get_all_mappings_comprehensive PASSED [  4%]
tests/unit/contracts/test_model_trigger_mappings.py::TestModelTriggerMappings::test_add_mapping_event_pattern PASSED [  4%]
tests/unit/contracts/test_model_trigger_mappings.py::TestModelTriggerMappings::test_add_mapping_workflow_start PASSED [  4%]
tests/unit/contracts/test_model_trigger_mappings.py::TestModelTriggerMappings::test_add_mapping_workflow_stop PASSED [  4%]
tests/unit/contracts/test_model_trigger_mappings.py::TestModelTriggerMappings::test_add_mapping_workflow_pause PASSED [  4%]
tests/unit/contracts/test_model_trigger_mappings.py::TestModelTriggerMappings::test_add_mapping_workflow_resume PASSED [  4%]
tests/unit/contracts/test_model_trigger_mappings.py::TestModelTriggerMappings::test_add_mapping_error_handling PASSED [  4%]
tests/unit/contracts/test_model_trigger_mappings.py::TestModelTriggerMappings::test_add_mapping_compensation PASSED [  4%]
tests/unit/contracts/test_model_trigger_mappings.py::TestModelTriggerMappings::test_add_mapping_state_change PASSED [  4%]
tests/unit/contracts/test_model_trigger_mappings.py::TestModelTriggerMappings::test_add_mapping_custom_action PASSED [  4%]
tests/unit/contracts/test_model_trigger_mappings.py::TestModelTriggerMappings::test_add_mapping_notification PASSED [  4%]
tests/unit/contracts/test_model_trigger_mappings.py::TestModelTriggerMappings::test_add_mapping_routing PASSED [  4%]
tests/unit/contracts/test_model_trigger_mappings.py::TestModelTriggerMappings::test_add_mapping_invalid_category PASSED [  4%]
tests/unit/contracts/test_model_trigger_mappings.py::TestModelTriggerMappings::test_add_mapping_with_whitespace_trimming PASSED [  4%]
tests/unit/contracts/test_model_trigger_mappings.py::TestModelTriggerMappings::test_add_mapping_multiple_times PASSED [  4%]
tests/unit/contracts/test_model_trigger_mappings.py::TestModelTriggerMappings::test_complex_trigger_mappings_configuration PASSED [  4%]
tests/unit/contracts/test_model_trigger_mappings.py::TestModelTriggerMappings::test_model_config_validate_assignment PASSED [  4%]
tests/unit/core/test_decorators.py::TestAllowAnyTypeDecorator::test_decorator_adds_metadata PASSED [  4%]
tests/unit/core/test_decorators.py::TestAllowAnyTypeDecorator::test_decorator_multiple_reasons PASSED [  5%]
tests/unit/core/test_decorators.py::TestAllowAnyTypeDecorator::test_decorator_preserves_model_functionality PASSED [  5%]
tests/unit/core/test_decorators.py::TestAllowAnyTypeDecorator::test_decorator_with_empty_reason PASSED [  5%]
tests/unit/core/test_decorators.py::TestAllowAnyTypeDecorator::test_decorator_reason_parameter_required PASSED [  5%]
tests/unit/core/test_decorators.py::TestAllowDictStrAnyDecorator::test_decorator_adds_metadata PASSED [  5%]
tests/unit/core/test_decorators.py::TestAllowDictStrAnyDecorator::test_decorator_multiple_reasons PASSED [  5%]
tests/unit/core/test_decorators.py::TestAllowDictStrAnyDecorator::test_decorator_preserves_model_functionality PASSED [  5%]
tests/unit/core/test_decorators.py::TestAllowDictStrAnyDecorator::test_decorator_with_empty_reason PASSED [  5%]
tests/unit/core/test_decorators.py::TestAllowDictStrAnyDecorator::test_decorator_reason_parameter_required PASSED [  5%]
tests/unit/core/test_decorators.py::TestDecoratorCombination::test_both_decorators_on_same_class PASSED [  5%]
tests/unit/core/test_decorators.py::TestDecoratorCombination::test_decorators_independent_metadata PASSED [  5%]
tests/unit/core/test_decorators.py::TestDecoratorDocumentation::test_decorator_reasons_accessible_for_documentation PASSED [  5%]
tests/unit/core/test_decorators.py::TestDecoratorDocumentation::test_decorated_class_introspection PASSED [  5%]
tests/unit/core/test_model_base_collection.py::TestModelBaseCollectionAbstract::test_cannot_instantiate_abstract_class PASSED [  5%]
tests/unit/core/test_model_base_collection.py::TestModelBaseCollectionAbstract::test_missing_add_item_method PASSED [  5%]
tests/unit/core/test_model_base_collection.py::TestModelBaseCollectionAbstract::test_missing_remove_item_method PASSED [  5%]
tests/unit/core/test_model_base_collection.py::TestConcreteCollectionImplementation::test_create_empty_collection PASSED [  5%]
tests/unit/core/test_model_base_collection.py::TestConcreteCollectionImplementation::test_add_single_item PASSED [  5%]
tests/unit/core/test_model_base_collection.py::TestConcreteCollectionImplementation::test_add_multiple_items PASSED [  5%]
tests/unit/core/test_model_base_collection.py::TestConcreteCollectionImplementation::test_remove_existing_item PASSED [  5%]
tests/unit/core/test_model_base_collection.py::TestConcreteCollectionImplementation::test_remove_nonexistent_item PASSED [  5%]
tests/unit/core/test_model_base_collection.py::TestConcreteCollectionImplementation::test_iter_items PASSED [  5%]
tests/unit/core/test_model_base_collection.py::TestConcreteCollectionImplementation::test_get_items_returns_copy PASSED [  5%]
tests/unit/core/test_model_base_collection.py::TestConcreteCollectionImplementation::test_pydantic_validation PASSED [  5%]
tests/unit/core/test_model_base_collection.py::TestConcreteCollectionImplementation::test_model_config_extra_ignore PASSED [  5%]
tests/unit/core/test_model_base_collection.py::TestIntegerCollectionImplementation::test_integer_collection_operations PASSED [  5%]
tests/unit/core/test_model_base_collection.py::TestIntegerCollectionImplementation::test_integer_collection_iteration PASSED [  5%]
tests/unit/core/test_model_base_collection.py::TestIntegerCollectionImplementation::test_remove_first_occurrence PASSED [  5%]
tests/unit/core/test_model_base_collection.py::TestCollectionModelSerialization::test_serialize_collection PASSED [  5%]
tests/unit/core/test_model_base_collection.py::TestCollectionModelSerialization::test_deserialize_collection PASSED [  5%]
tests/unit/core/test_model_base_collection.py::TestCollectionModelSerialization::test_json_serialization PASSED [  5%]
tests/unit/core/test_model_base_collection.py::TestCollectionModelSerialization::test_json_deserialization PASSED [  5%]
tests/unit/core/test_model_base_collection.py::TestCollectionEdgeCases::test_empty_collection_operations PASSED [  5%]
tests/unit/core/test_model_base_collection.py::TestCollectionEdgeCases::test_add_duplicate_items PASSED [  5%]
tests/unit/core/test_model_base_collection.py::TestCollectionEdgeCases::test_add_empty_string PASSED [  5%]
tests/unit/core/test_model_base_collection.py::TestCollectionEdgeCases::test_large_collection PASSED [  5%]
tests/unit/core/test_model_base_collection.py::TestCollectionEdgeCases::test_collection_copy_constructor PASSED [  5%]
tests/unit/core/test_model_base_collection.py::TestCollectionTypeParameter::test_string_collection PASSED [  5%]
tests/unit/core/test_model_base_collection.py::TestCollectionTypeParameter::test_integer_collection_type PASSED [  5%]
tests/unit/core/test_model_base_collection.py::TestCollectionTypeParameter::test_type_hints_preserved PASSED [  5%]
tests/unit/core/test_model_base_factory.py::TestModelBaseFactoryAbstract::test_cannot_instantiate_abstract_class PASSED [  5%]
tests/unit/core/test_model_base_factory.py::TestModelBaseFactoryAbstract::test_missing_create_method PASSED [  5%]
tests/unit/core/test_model_base_factory.py::TestModelBaseFactoryAbstract::test_missing_can_create_method PASSED [  5%]
tests/unit/core/test_model_base_factory.py::TestConcreteFactoryImplementation::test_create_basic_product PASSED [  6%]
tests/unit/core/test_model_base_factory.py::TestConcreteFactoryImplementation::test_create_product_with_category PASSED [  6%]
tests/unit/core/test_model_base_factory.py::TestConcreteFactoryImplementation::test_create_with_custom_default_category PASSED [  6%]
tests/unit/core/test_model_base_factory.py::TestConcreteFactoryImplementation::test_can_create_supported_type PASSED [  6%]
tests/unit/core/test_model_base_factory.py::TestConcreteFactoryImplementation::test_can_create_unsupported_type PASSED [  6%]
tests/unit/core/test_model_base_factory.py::TestConcreteFactoryImplementation::test_factory_configuration PASSED [  6%]
tests/unit/core/test_model_base_factory.py::TestUserFactoryImplementation::test_create_user_with_email PASSED [  6%]
tests/unit/core/test_model_base_factory.py::TestUserFactoryImplementation::test_create_user_auto_email PASSED [  6%]
tests/unit/core/test_model_base_factory.py::TestUserFactoryImplementation::test_create_user_custom_domain PASSED [  6%]
tests/unit/core/test_model_base_factory.py::TestUserFactoryImplementation::test_can_create_user_types PASSED [  6%]
tests/unit/core/test_model_base_factory.py::TestFactoryModelConfiguration::test_factory_pydantic_validation PASSED [  6%]
tests/unit/core/test_model_base_factory.py::TestFactoryModelConfiguration::test_factory_model_config_extra_ignore PASSED [  6%]
tests/unit/core/test_model_base_factory.py::TestFactoryModelConfiguration::test_factory_model_config_validate_assignment PASSED [  6%]
tests/unit/core/test_model_base_factory.py::TestFactoryModelConfiguration::test_factory_serialization PASSED [  6%]
tests/unit/core/test_model_base_factory.py::TestFactoryCreationPatterns::test_create_with_all_parameters PASSED [  6%]
tests/unit/core/test_model_base_factory.py::TestFactoryCreationPatterns::test_create_multiple_instances PASSED [  6%]
tests/unit/core/test_model_base_factory.py::TestFactoryCreationPatterns::test_create_with_validation_error PASSED [  6%]
tests/unit/core/test_model_base_factory.py::TestFactoryCreationPatterns::test_factory_state_independence PASSED [  6%]
tests/unit/core/test_model_base_factory.py::TestFactoryEdgeCases::test_create_with_no_kwargs PASSED [  6%]
tests/unit/core/test_model_base_factory.py::TestFactoryEdgeCases::test_create_with_many_kwargs PASSED [  6%]
tests/unit/core/test_model_base_factory.py::TestFactoryEdgeCases::test_can_create_empty_string PASSED [  6%]
tests/unit/core/test_model_base_factory.py::TestFactoryEdgeCases::test_can_create_none_type PASSED [  6%]
tests/unit/core/test_model_base_factory.py::TestFactoryEdgeCases::test_factory_reuse PASSED [  6%]
tests/unit/core/test_model_base_factory.py::TestFactoryTypeParameter::test_product_factory_type PASSED [  6%]
tests/unit/core/test_model_base_factory.py::TestFactoryTypeParameter::test_user_factory_type PASSED [  6%]
tests/unit/core/test_model_base_factory.py::TestFactoryTypeParameter::test_factory_type_safety PASSED [  6%]
tests/unit/core/test_model_base_factory.py::TestFactoryInheritance::test_extend_factory PASSED [  6%]
tests/unit/core/test_model_base_factory.py::TestFactoryInheritance::test_override_can_create PASSED [  6%]
tests/unit/core/test_model_base_factory.py::TestFactoryWithComplexTypes::test_nested_model_creation PASSED [  6%]
tests/unit/core/test_model_base_processor.py::TestModelServiceBaseProcessor::test_cannot_instantiate_abstract_class PASSED [  6%]
tests/unit/core/test_model_base_processor.py::TestModelServiceBaseProcessor::test_concrete_implementation_with_both_methods PASSED [  6%]
tests/unit/core/test_model_base_processor.py::TestModelServiceBaseProcessor::test_concrete_processor_process_method PASSED [  6%]
tests/unit/core/test_model_base_processor.py::TestModelServiceBaseProcessor::test_concrete_processor_can_process_method PASSED [  6%]
tests/unit/core/test_model_base_processor.py::TestModelServiceBaseProcessor::test_missing_process_method_fails PASSED [  6%]
tests/unit/core/test_model_base_processor.py::TestModelServiceBaseProcessor::test_missing_can_process_method_fails PASSED [  6%]
tests/unit/core/test_model_base_processor.py::TestModelServiceBaseProcessor::test_processor_with_pydantic_validation PASSED [  6%]
tests/unit/core/test_model_base_processor.py::TestModelServiceBaseProcessor::test_processor_model_config_extra_ignore PASSED [  6%]
tests/unit/core/test_model_base_processor.py::TestModelServiceBaseProcessor::test_processor_model_config_validate_assignment PASSED [  6%]
tests/unit/core/test_model_base_processor.py::TestModelServiceBaseProcessor::test_processor_model_config_enum_values PASSED [  6%]
tests/unit/core/test_model_base_processor.py::TestModelServiceBaseProcessor::test_processor_inheritance_chain PASSED [  6%]
tests/unit/core/test_model_base_processor.py::TestModelServiceBaseProcessor::test_processor_with_complex_data_types PASSED [  6%]
tests/unit/core/test_model_base_processor.py::TestModelServiceBaseProcessor::test_processor_error_handling PASSED [  6%]
tests/unit/core/test_model_base_processor.py::TestModelServiceBaseProcessor::test_processor_with_state PASSED [  6%]
tests/unit/core/test_model_base_processor.py::TestModelServiceBaseProcessor::test_processor_serialization PASSED [  6%]
tests/unit/core/test_model_generic_factory.py::TestModelGenericFactory::test_init PASSED [  7%]
tests/unit/core/test_model_generic_factory.py::TestModelGenericFactory::test_register_factory PASSED [  7%]
tests/unit/core/test_model_generic_factory.py::TestModelGenericFactory::test_register_builder PASSED [  7%]
tests/unit/core/test_model_generic_factory.py::TestModelGenericFactory::test_create_success PASSED [  7%]
tests/unit/core/test_model_generic_factory.py::TestModelGenericFactory::test_create_unknown_factory PASSED [  7%]
tests/unit/core/test_model_generic_factory.py::TestModelGenericFactory::test_build_success PASSED [  7%]
tests/unit/core/test_model_generic_factory.py::TestModelGenericFactory::test_build_unknown_builder PASSED [  7%]
tests/unit/core/test_model_generic_factory.py::TestModelGenericFactory::test_create_success_result_utility PASSED [  7%]
tests/unit/core/test_model_generic_factory.py::TestModelGenericFactory::test_create_error_result_utility PASSED [  7%]
tests/unit/core/test_model_generic_factory.py::TestModelResultFactory::test_init PASSED [  7%]
tests/unit/core/test_model_generic_factory.py::TestModelResultFactory::test_build_success_result PASSED [  7%]
tests/unit/core/test_model_generic_factory.py::TestModelResultFactory::test_build_error_result PASSED [  7%]
tests/unit/core/test_model_generic_factory.py::TestModelResultFactory::test_build_validation_error_result PASSED [  7%]
tests/unit/core/test_model_generic_factory.py::TestModelCapabilityFactory::test_init PASSED [  7%]
tests/unit/core/test_model_generic_factory.py::TestModelCapabilityFactory::test_build_standard_capability PASSED [  7%]
tests/unit/core/test_model_generic_factory.py::TestModelCapabilityFactory::test_build_deprecated_capability PASSED [  7%]
tests/unit/core/test_model_generic_factory.py::TestModelCapabilityFactory::test_build_experimental_capability PASSED [  7%]
tests/unit/core/test_model_generic_factory.py::TestModelValidationErrorFactory::test_init PASSED [  7%]
tests/unit/core/test_model_generic_factory.py::TestModelValidationErrorFactory::test_build_error PASSED [  7%]
tests/unit/core/test_model_generic_factory.py::TestModelValidationErrorFactory::test_build_warning PASSED [  7%]
tests/unit/core/test_model_generic_factory.py::TestModelValidationErrorFactory::test_build_critical PASSED [  7%]
tests/unit/core/test_model_generic_factory.py::TestModelValidationErrorFactory::test_build_info PASSED [  7%]
tests/unit/core/test_protocol_implementations.py::TestProtocolWithComplexModels::test_nested_model_serialization PASSED [  7%]
tests/unit/core/test_protocol_implementations.py::TestProtocolWithComplexModels::test_model_with_validators PASSED [  7%]
tests/unit/core/test_protocol_implementations.py::TestProtocolWithComplexModels::test_model_with_complex_metadata PASSED [  7%]
tests/unit/core/test_protocol_implementations.py::TestProtocolWithOptionalFields::test_optional_fields_serialization PASSED [  7%]
tests/unit/core/test_protocol_implementations.py::TestProtocolWithOptionalFields::test_configurable_with_optional_config PASSED [  7%]
tests/unit/core/test_protocol_implementations.py::TestProtocolChaining::test_serialize_validate_chain PASSED [  7%]
tests/unit/core/test_protocol_implementations.py::TestProtocolChaining::test_configure_execute_chain PASSED [  7%]
tests/unit/core/test_protocol_implementations.py::TestProtocolErrorHandling::test_serialization_with_error_handling PASSED [  7%]
tests/unit/core/test_protocol_implementations.py::TestProtocolErrorHandling::test_validation_with_exception_handling PASSED [  7%]
tests/unit/core/test_protocol_implementations.py::TestProtocolWithCustomTypes::test_custom_id_type PASSED [  7%]
tests/unit/core/test_protocol_implementations.py::TestProtocolWithCustomTypes::test_custom_metadata_type PASSED [  7%]
tests/unit/core/test_protocol_implementations.py::TestProtocolWithStateMachine::test_stateful_executable PASSED [  7%]
tests/unit/core/test_protocol_implementations.py::TestProtocolWithStateMachine::test_stateful_configurable PASSED [  7%]
tests/unit/core/test_protocol_implementations.py::TestProtocolComposition::test_composition_through_delegation PASSED [  7%]
tests/unit/core/test_protocol_implementations.py::TestProtocolWithAsyncPatterns::test_executor_with_sync_and_async_patterns PASSED [  7%]
tests/unit/core/test_protocol_implementations.py::TestProtocolWithBuilders::test_buildable_configurable PASSED [  7%]
tests/unit/core/test_protocol_implementations.py::TestProtocolBoundaryConditions::test_empty_serialization PASSED [  7%]
tests/unit/core/test_protocol_implementations.py::TestProtocolBoundaryConditions::test_always_valid_validator PASSED [  7%]
tests/unit/core/test_protocol_implementations.py::TestProtocolBoundaryConditions::test_always_false_validator PASSED [  7%]
tests/unit/core/test_protocol_implementations.py::TestProtocolBoundaryConditions::test_executor_returning_none PASSED [  7%]
tests/unit/core/test_protocol_implementations.py::TestProtocolBoundaryConditions::test_empty_metadata_provider PASSED [  7%]
tests/unit/core/test_protocol_implementations.py::TestProtocolWithGenericTypes::test_generic_serializable PASSED [  8%]
tests/unit/core/test_type_constraints.py::TestSerializableProtocol::test_is_serializable_with_valid_object PASSED [  8%]
tests/unit/core/test_type_constraints.py::TestSerializableProtocol::test_is_serializable_with_invalid_object PASSED [  8%]
tests/unit/core/test_type_constraints.py::TestSerializableProtocol::test_is_serializable_with_non_callable_attribute PASSED [  8%]
tests/unit/core/test_type_constraints.py::TestIdentifiableProtocol::test_is_identifiable_with_valid_object PASSED [  8%]
tests/unit/core/test_type_constraints.py::TestIdentifiableProtocol::test_is_identifiable_with_id_attribute PASSED [  8%]
tests/unit/core/test_type_constraints.py::TestIdentifiableProtocol::test_is_identifiable_with_invalid_object PASSED [  8%]
tests/unit/core/test_type_constraints.py::TestNameableProtocol::test_is_nameable_with_valid_object PASSED [  8%]
tests/unit/core/test_type_constraints.py::TestNameableProtocol::test_is_nameable_missing_get_name PASSED [  8%]
tests/unit/core/test_type_constraints.py::TestNameableProtocol::test_is_nameable_missing_set_name PASSED [  8%]
tests/unit/core/test_type_constraints.py::TestNameableProtocol::test_is_nameable_non_callable_methods PASSED [  8%]
tests/unit/core/test_type_constraints.py::TestValidatableProtocol::test_is_validatable_with_valid_object PASSED [  8%]
tests/unit/core/test_type_constraints.py::TestValidatableProtocol::test_is_validatable_with_invalid_object PASSED [  8%]
tests/unit/core/test_type_constraints.py::TestValidatableProtocol::test_is_validatable_non_callable_attribute PASSED [  8%]
tests/unit/core/test_type_constraints.py::TestConfigurableProtocol::test_is_configurable_with_valid_object PASSED [  8%]
tests/unit/core/test_type_constraints.py::TestConfigurableProtocol::test_is_configurable_with_invalid_object PASSED [  8%]
tests/unit/core/test_type_constraints.py::TestExecutableProtocol::test_is_executable_with_valid_object PASSED [  8%]
tests/unit/core/test_type_constraints.py::TestExecutableProtocol::test_is_executable_with_invalid_object PASSED [  8%]
tests/unit/core/test_type_constraints.py::TestMetadataProviderProtocol::test_is_metadata_provider_with_valid_object PASSED [  8%]
tests/unit/core/test_type_constraints.py::TestMetadataProviderProtocol::test_is_metadata_provider_with_attribute PASSED [  8%]
tests/unit/core/test_type_constraints.py::TestMetadataProviderProtocol::test_is_metadata_provider_with_invalid_object PASSED [  8%]
tests/unit/core/test_type_constraints.py::TestPrimitiveValueValidation::test_is_primitive_value_with_string PASSED [  8%]
tests/unit/core/test_type_constraints.py::TestPrimitiveValueValidation::test_is_primitive_value_with_int PASSED [  8%]
tests/unit/core/test_type_constraints.py::TestPrimitiveValueValidation::test_is_primitive_value_with_float PASSED [  8%]
tests/unit/core/test_type_constraints.py::TestPrimitiveValueValidation::test_is_primitive_value_with_bool PASSED [  8%]
tests/unit/core/test_type_constraints.py::TestPrimitiveValueValidation::test_is_primitive_value_with_invalid_types PASSED [  8%]
tests/unit/core/test_type_constraints.py::TestPrimitiveValueValidation::test_validate_primitive_value_success PASSED [  8%]
tests/unit/core/test_type_constraints.py::TestPrimitiveValueValidation::test_validate_primitive_value_failure PASSED [  8%]
tests/unit/core/test_type_constraints.py::TestPrimitiveValueValidation::test_validate_primitive_value_with_dict PASSED [  8%]
tests/unit/core/test_type_constraints.py::TestPrimitiveValueValidation::test_validate_primitive_value_with_none PASSED [  8%]
tests/unit/core/test_type_constraints.py::TestContextValueValidation::test_is_context_value_with_primitives PASSED [  8%]
tests/unit/core/test_type_constraints.py::TestContextValueValidation::test_is_context_value_with_list PASSED [  8%]
tests/unit/core/test_type_constraints.py::TestContextValueValidation::test_is_context_value_with_dict_string_keys PASSED [  8%]
tests/unit/core/test_type_constraints.py::TestContextValueValidation::test_is_context_value_with_dict_non_string_keys PASSED [  8%]
tests/unit/core/test_type_constraints.py::TestContextValueValidation::test_is_context_value_with_invalid_types PASSED [  8%]
tests/unit/core/test_type_constraints.py::TestContextValueValidation::test_is_complex_context_value PASSED [  8%]
tests/unit/core/test_type_constraints.py::TestContextValueValidation::test_validate_context_value_success PASSED [  8%]
tests/unit/core/test_type_constraints.py::TestContextValueValidation::test_validate_context_value_failure PASSED [  8%]
tests/unit/core/test_type_constraints.py::TestContextValueValidation::test_validate_context_value_with_object PASSED [  8%]
tests/unit/core/test_type_constraints.py::TestContextValueValidation::test_validate_context_value_with_set PASSED [  8%]
tests/unit/core/test_type_constraints.py::TestTypeVariablesAndProtocols::test_base_collection_exists PASSED [  8%]
tests/unit/core/test_type_constraints.py::TestTypeVariablesAndProtocols::test_base_factory_exists PASSED [  8%]
tests/unit/core/test_type_constraints.py::TestTypeVariablesAndProtocols::test_protocols_exist PASSED [  8%]
tests/unit/core/test_type_constraints.py::TestTypeVariablesAndProtocols::test_type_aliases_exist PASSED [  8%]
tests/unit/core/test_type_constraints.py::TestProtocolIntegration::test_pydantic_model_with_metadata PASSED [  9%]
tests/unit/core/test_type_constraints.py::TestProtocolIntegration::test_pydantic_model_with_id PASSED [  9%]
tests/unit/core/test_type_constraints.py::TestProtocolIntegration::test_combined_protocols PASSED [  9%]
tests/unit/core/test_type_constraints.py::TestEdgeCases::test_empty_list_is_context_value PASSED [  9%]
tests/unit/core/test_type_constraints.py::TestEdgeCases::test_empty_dict_is_context_value PASSED [  9%]
tests/unit/core/test_type_constraints.py::TestEdgeCases::test_zero_is_primitive_value PASSED [  9%]
tests/unit/core/test_type_constraints.py::TestEdgeCases::test_empty_string_is_primitive_value PASSED [  9%]
tests/unit/core/test_type_constraints.py::TestEdgeCases::test_nested_list_is_context_value PASSED [  9%]
tests/unit/core/test_type_constraints.py::TestEdgeCases::test_nested_dict_is_context_value PASSED [  9%]
tests/unit/core/test_type_constraints.py::TestEdgeCases::test_mixed_list_is_context_value PASSED [  9%]
tests/unit/core/test_type_constraints.py::TestProtocolImplementationWithPydanticModels::test_pydantic_model_implements_serializable PASSED [  9%]
tests/unit/core/test_type_constraints.py::TestProtocolImplementationWithPydanticModels::test_pydantic_model_implements_validatable PASSED [  9%]
tests/unit/core/test_type_constraints.py::TestProtocolImplementationWithPydanticModels::test_pydantic_model_implements_configurable PASSED [  9%]
tests/unit/core/test_type_constraints.py::TestProtocolImplementationWithPydanticModels::test_pydantic_model_implements_executable PASSED [  9%]
tests/unit/core/test_type_constraints.py::TestProtocolImplementationWithPydanticModels::test_pydantic_model_implements_nameable PASSED [  9%]
tests/unit/core/test_type_constraints.py::TestProtocolWithInheritance::test_inherited_protocol_implementation PASSED [  9%]
tests/unit/core/test_type_constraints.py::TestProtocolWithInheritance::test_multiple_protocol_inheritance PASSED [  9%]
tests/unit/core/test_type_constraints.py::TestProtocolWithInheritance::test_protocol_implementation_override PASSED [  9%]
tests/unit/core/test_type_constraints.py::TestProtocolTypeGuardsEdgeCases::test_serialize_attribute_is_none PASSED [  9%]
tests/unit/core/test_type_constraints.py::TestProtocolTypeGuardsEdgeCases::test_configurable_with_non_callable_configure PASSED [  9%]
tests/unit/core/test_type_constraints.py::TestProtocolTypeGuardsEdgeCases::test_executable_with_non_callable_execute PASSED [  9%]
tests/unit/core/test_type_constraints.py::TestProtocolTypeGuardsEdgeCases::test_metadata_with_none_value PASSED [  9%]
tests/unit/core/test_type_constraints.py::TestProtocolTypeGuardsEdgeCases::test_id_with_different_types PASSED [  9%]
tests/unit/core/test_type_constraints.py::TestProtocolWithDynamicAttributes::test_dynamic_serializable PASSED [  9%]
tests/unit/core/test_type_constraints.py::TestProtocolWithDynamicAttributes::test_dynamic_identifiable PASSED [  9%]
tests/unit/core/test_type_constraints.py::TestProtocolWithDynamicAttributes::test_dynamic_nameable PASSED [  9%]
tests/unit/core/test_type_constraints.py::TestPrimitiveValueValidationEdgeCases::test_validate_primitive_with_custom_object PASSED [  9%]
tests/unit/core/test_type_constraints.py::TestPrimitiveValueValidationEdgeCases::test_validate_primitive_with_lambda PASSED [  9%]
tests/unit/core/test_type_constraints.py::TestPrimitiveValueValidationEdgeCases::test_is_primitive_value_with_numeric_edge_cases PASSED [  9%]
tests/unit/core/test_type_constraints.py::TestPrimitiveValueValidationEdgeCases::test_is_primitive_value_with_negative_zero PASSED [  9%]
tests/unit/core/test_type_constraints.py::TestContextValueValidationEdgeCases::test_validate_context_value_with_tuple PASSED [  9%]
tests/unit/core/test_type_constraints.py::TestContextValueValidationEdgeCases::test_is_context_value_with_deeply_nested_structures PASSED [  9%]
tests/unit/core/test_type_constraints.py::TestContextValueValidationEdgeCases::test_is_context_value_with_mixed_key_types PASSED [  9%]
tests/unit/core/test_type_constraints.py::TestContextValueValidationEdgeCases::test_is_context_value_with_empty_nested_structures PASSED [  9%]
tests/unit/core/test_type_constraints.py::TestContextValueValidationEdgeCases::test_validate_context_value_with_frozenset PASSED [  9%]
tests/unit/core/test_type_constraints.py::TestProtocolCompliance::test_protocol_type_annotation_compliance PASSED [  9%]
tests/unit/core/test_type_constraints.py::TestProtocolCompliance::test_protocol_method_signature_validation PASSED [  9%]
tests/unit/core/test_type_constraints.py::TestProtocolCompliance::test_protocol_property_compliance PASSED [  9%]
tests/unit/core/test_type_constraints.py::TestBaseCollectionAndFactory::test_base_collection_is_available PASSED [  9%]
tests/unit/core/test_type_constraints.py::TestBaseCollectionAndFactory::test_base_factory_is_available PASSED [  9%]
tests/unit/core/test_type_constraints.py::TestMultiProtocolObjects::test_full_protocol_implementation PASSED [  9%]
tests/unit/core/test_type_constraints.py::TestMultiProtocolObjects::test_partial_protocol_implementation PASSED [  9%]
tests/unit/enums/test_enum_action_category.py::TestEnumActionCategory::test_enum_values PASSED [  9%]
tests/unit/enums/test_enum_action_category.py::TestEnumActionCategory::test_string_representation PASSED [ 10%]
tests/unit/enums/test_enum_action_category.py::TestEnumActionCategory::test_is_management_category PASSED [ 10%]
tests/unit/enums/test_enum_action_category.py::TestEnumActionCategory::test_is_execution_category PASSED [ 10%]
tests/unit/enums/test_enum_action_category.py::TestEnumActionCategory::test_is_inspection_category PASSED [ 10%]
tests/unit/enums/test_enum_action_category.py::TestEnumActionCategory::test_enum_equality PASSED [ 10%]
tests/unit/enums/test_enum_action_category.py::TestEnumActionCategory::test_enum_membership PASSED [ 10%]
tests/unit/enums/test_enum_action_category.py::TestEnumActionCategory::test_enum_iteration PASSED [ 10%]
tests/unit/enums/test_enum_agent_capability.py::TestEnumAgentCapabilityBasics::test_enum_values_code_related PASSED [ 10%]
tests/unit/enums/test_enum_agent_capability.py::TestEnumAgentCapabilityBasics::test_enum_values_reasoning PASSED [ 10%]
tests/unit/enums/test_enum_agent_capability.py::TestEnumAgentCapabilityBasics::test_enum_values_documentation PASSED [ 10%]
tests/unit/enums/test_enum_agent_capability.py::TestEnumAgentCapabilityBasics::test_enum_values_general PASSED [ 10%]
tests/unit/enums/test_enum_agent_capability.py::TestEnumAgentCapabilityBasics::test_enum_values_special PASSED [ 10%]
tests/unit/enums/test_enum_agent_capability.py::TestEnumAgentCapabilityBasics::test_enum_values_language PASSED [ 10%]
tests/unit/enums/test_enum_agent_capability.py::TestEnumAgentCapabilityBasics::test_string_representation PASSED [ 10%]
tests/unit/enums/test_enum_agent_capability.py::TestEnumAgentCapabilityInstanceMethods::test_is_code_related_true_cases PASSED [ 10%]
tests/unit/enums/test_enum_agent_capability.py::TestEnumAgentCapabilityInstanceMethods::test_is_code_related_false_cases PASSED [ 10%]
tests/unit/enums/test_enum_agent_capability.py::TestEnumAgentCapabilityInstanceMethods::test_is_code_related_prefix_matching PASSED [ 10%]
tests/unit/enums/test_enum_agent_capability.py::TestEnumAgentCapabilityInstanceMethods::test_requires_large_model_true_cases PASSED [ 10%]
tests/unit/enums/test_enum_agent_capability.py::TestEnumAgentCapabilityInstanceMethods::test_requires_large_model_false_cases PASSED [ 10%]
tests/unit/enums/test_enum_agent_capability.py::TestEnumAgentCapabilityInstanceMethods::test_combined_method_logic PASSED [ 10%]
tests/unit/enums/test_enum_agent_capability.py::TestEnumAgentCapabilityIntegration::test_enum_equality PASSED [ 10%]
tests/unit/enums/test_enum_agent_capability.py::TestEnumAgentCapabilityIntegration::test_enum_membership PASSED [ 10%]
tests/unit/enums/test_enum_agent_capability.py::TestEnumAgentCapabilityIntegration::test_enum_iteration PASSED [ 10%]
tests/unit/enums/test_enum_agent_capability.py::TestEnumAgentCapabilityIntegration::test_json_serialization PASSED [ 10%]
tests/unit/enums/test_enum_agent_capability.py::TestEnumAgentCapabilityIntegration::test_pydantic_integration PASSED [ 10%]
tests/unit/enums/test_enum_agent_capability.py::TestEnumAgentCapabilityIntegration::test_pydantic_serialization PASSED [ 10%]
tests/unit/enums/test_enum_agent_capability.py::TestEnumAgentCapabilityEdgeCases::test_case_sensitivity PASSED [ 10%]
tests/unit/enums/test_enum_agent_capability.py::TestEnumAgentCapabilityEdgeCases::test_invalid_enum_creation PASSED [ 10%]
tests/unit/enums/test_enum_agent_capability.py::TestEnumAgentCapabilityEdgeCases::test_yaml_serialization_compatibility PASSED [ 10%]
tests/unit/enums/test_enum_agent_capability.py::TestEnumAgentCapabilityEdgeCases::test_all_code_capabilities_have_code_prefix PASSED [ 10%]
tests/unit/enums/test_enum_agent_capability.py::TestEnumAgentCapabilityComprehensiveScenarios::test_agent_capability_selection PASSED [ 10%]
tests/unit/enums/test_enum_agent_capability.py::TestEnumAgentCapabilityComprehensiveScenarios::test_capability_filtering_by_model_size PASSED [ 10%]
tests/unit/enums/test_enum_agent_capability.py::TestEnumAgentCapabilityComprehensiveScenarios::test_capability_filtering_by_code_relation PASSED [ 10%]
tests/unit/enums/test_enum_agent_capability.py::TestEnumAgentCapabilityComprehensiveScenarios::test_multi_capability_agent_profile PASSED [ 10%]
tests/unit/enums/test_enum_agent_capability.py::TestEnumAgentCapabilityComprehensiveScenarios::test_capability_categorization_coverage PASSED [ 10%]
tests/unit/enums/test_enum_artifact_type.py::TestEnumArtifactType::test_enum_inherits_from_str_and_enum PASSED [ 10%]
tests/unit/enums/test_enum_artifact_type.py::TestEnumArtifactType::test_enum_values_exist PASSED [ 10%]
tests/unit/enums/test_enum_artifact_type.py::TestEnumArtifactType::test_enum_string_values PASSED [ 10%]
tests/unit/enums/test_enum_artifact_type.py::TestEnumArtifactType::test_enum_can_be_created_from_string PASSED [ 10%]
tests/unit/enums/test_enum_artifact_type.py::TestEnumArtifactType::test_enum_string_comparison PASSED [ 10%]
tests/unit/enums/test_enum_artifact_type.py::TestEnumArtifactType::test_enum_member_count PASSED [ 10%]
tests/unit/enums/test_enum_artifact_type.py::TestEnumArtifactType::test_enum_member_uniqueness PASSED [ 10%]
tests/unit/enums/test_enum_artifact_type.py::TestEnumArtifactType::test_enum_iteration PASSED [ 10%]
tests/unit/enums/test_enum_artifact_type.py::TestEnumArtifactType::test_invalid_enum_value_raises_error PASSED [ 10%]
tests/unit/enums/test_enum_artifact_type.py::TestEnumArtifactType::test_enum_in_operator PASSED [ 11%]
tests/unit/enums/test_enum_artifact_type.py::TestEnumArtifactType::test_enum_hash_consistency PASSED [ 11%]
tests/unit/enums/test_enum_artifact_type.py::TestEnumArtifactType::test_enum_repr PASSED [ 11%]
tests/unit/enums/test_enum_artifact_type.py::TestEnumArtifactType::test_enum_bool_evaluation PASSED [ 11%]
tests/unit/enums/test_enum_artifact_type.py::TestEnumArtifactType::test_enum_serialization_json_compatible PASSED [ 11%]
tests/unit/enums/test_enum_artifact_type.py::TestEnumArtifactType::test_enum_case_sensitivity PASSED [ 11%]
tests/unit/enums/test_enum_artifact_type.py::TestEnumArtifactType::test_enum_with_pydantic_compatibility PASSED [ 11%]
tests/unit/enums/test_enum_artifact_type.py::TestEnumArtifactType::test_enum_equality_and_identity PASSED [ 11%]
tests/unit/enums/test_enum_artifact_type.py::TestEnumArtifactType::test_enum_ordering_behavior PASSED [ 11%]
tests/unit/enums/test_enum_artifact_type.py::TestEnumArtifactType::test_artifact_type_model_integration PASSED [ 11%]
tests/unit/enums/test_enum_artifact_type.py::TestEnumArtifactTypeEdgeCases::test_enum_with_none_value PASSED [ 11%]
tests/unit/enums/test_enum_artifact_type.py::TestEnumArtifactTypeEdgeCases::test_enum_with_empty_string PASSED [ 11%]
tests/unit/enums/test_enum_artifact_type.py::TestEnumArtifactTypeEdgeCases::test_enum_with_whitespace PASSED [ 11%]
tests/unit/enums/test_enum_artifact_type.py::TestEnumArtifactTypeEdgeCases::test_enum_pickling PASSED [ 11%]
tests/unit/enums/test_enum_artifact_type.py::TestEnumArtifactTypeEdgeCases::test_enum_copy_behavior PASSED [ 11%]
tests/unit/enums/test_enum_auth_type.py::TestEnumAuthType::test_enum_values PASSED [ 11%]
tests/unit/enums/test_enum_auth_type.py::TestEnumAuthType::test_string_representation PASSED [ 11%]
tests/unit/enums/test_enum_auth_type.py::TestEnumAuthType::test_requires_credentials PASSED [ 11%]
tests/unit/enums/test_enum_auth_type.py::TestEnumAuthType::test_is_token_based PASSED [ 11%]
tests/unit/enums/test_enum_auth_type.py::TestEnumAuthType::test_is_certificate_based PASSED [ 11%]
tests/unit/enums/test_enum_auth_type.py::TestEnumAuthType::test_supports_refresh PASSED [ 11%]
tests/unit/enums/test_enum_auth_type.py::TestEnumAuthType::test_enum_equality PASSED [ 11%]
tests/unit/enums/test_enum_auth_type.py::TestEnumAuthType::test_enum_membership PASSED [ 11%]
tests/unit/enums/test_enum_auth_type.py::TestEnumAuthType::test_enum_iteration PASSED [ 11%]
tests/unit/enums/test_enum_auth_type.py::TestEnumAuthType::test_json_serialization PASSED [ 11%]
tests/unit/enums/test_enum_auth_type.py::TestEnumAuthType::test_pydantic_integration PASSED [ 11%]
tests/unit/enums/test_enum_auth_type.py::TestEnumAuthType::test_pydantic_serialization PASSED [ 11%]
tests/unit/enums/test_enum_auth_type.py::TestEnumAuthType::test_edge_cases PASSED [ 11%]
tests/unit/enums/test_enum_auth_type.py::TestEnumAuthType::test_comprehensive_security_classification PASSED [ 11%]
tests/unit/enums/test_enum_category_filter.py::TestEnumCategoryFilter::test_enum_values PASSED [ 11%]
tests/unit/enums/test_enum_category_filter.py::TestEnumCategoryFilter::test_string_inheritance PASSED [ 11%]
tests/unit/enums/test_enum_category_filter.py::TestEnumCategoryFilter::test_is_hierarchical PASSED [ 11%]
tests/unit/enums/test_enum_category_filter.py::TestEnumCategoryFilter::test_is_inclusive PASSED [ 11%]
tests/unit/enums/test_enum_category_filter.py::TestEnumCategoryFilter::test_is_exclusive PASSED [ 11%]
tests/unit/enums/test_enum_category_filter.py::TestEnumCategoryFilter::test_get_priority_level PASSED [ 11%]
tests/unit/enums/test_enum_category_filter.py::TestEnumCategoryFilter::test_get_hierarchical_filters PASSED [ 11%]
tests/unit/enums/test_enum_category_filter.py::TestEnumCategoryFilter::test_is_active_filter PASSED [ 11%]
tests/unit/enums/test_enum_category_filter.py::TestEnumCategoryFilter::test_str_representation PASSED [ 11%]
tests/unit/enums/test_enum_cell_type.py::TestEnumCellType::test_enum_values PASSED [ 11%]
tests/unit/enums/test_enum_cell_type.py::TestEnumCellType::test_string_inheritance PASSED [ 11%]
tests/unit/enums/test_enum_cell_type.py::TestEnumCellType::test_string_representation PASSED [ 11%]
tests/unit/enums/test_enum_cell_type.py::TestEnumCellType::test_is_executable PASSED [ 11%]
tests/unit/enums/test_enum_cell_type.py::TestEnumCellType::test_is_documentation PASSED [ 11%]
tests/unit/enums/test_enum_cell_type.py::TestEnumCellType::test_supports_syntax_highlighting PASSED [ 12%]
tests/unit/enums/test_enum_cell_type.py::TestEnumCellType::test_produces_output PASSED [ 12%]
tests/unit/enums/test_enum_cell_type.py::TestEnumCellType::test_supports_rich_text PASSED [ 12%]
tests/unit/enums/test_enum_cell_type.py::TestEnumCellType::test_get_cell_description PASSED [ 12%]
tests/unit/enums/test_enum_cell_type.py::TestEnumCellType::test_get_typical_content PASSED [ 12%]
tests/unit/enums/test_enum_cell_type.py::TestEnumCellType::test_get_editor_mode PASSED [ 12%]
tests/unit/enums/test_enum_cell_type.py::TestEnumCellType::test_enum_equality PASSED [ 12%]
tests/unit/enums/test_enum_cell_type.py::TestEnumCellType::test_enum_membership PASSED [ 12%]
tests/unit/enums/test_enum_cell_type.py::TestEnumCellType::test_enum_iteration PASSED [ 12%]
tests/unit/enums/test_enum_cell_type.py::TestEnumCellType::test_json_serialization PASSED [ 12%]
tests/unit/enums/test_enum_cell_type.py::TestEnumCellType::test_pydantic_integration PASSED [ 12%]
tests/unit/enums/test_enum_cell_type.py::TestEnumCellType::test_pydantic_serialization PASSED [ 12%]
tests/unit/enums/test_enum_cell_type.py::TestEnumCellType::test_comprehensive_cell_type_characteristics PASSED [ 12%]
tests/unit/enums/test_enum_cli_status.py::TestEnumCliStatus::test_enum_inherits_from_str_and_enum PASSED [ 12%]
tests/unit/enums/test_enum_cli_status.py::TestEnumCliStatus::test_enum_values_exist PASSED [ 12%]
tests/unit/enums/test_enum_cli_status.py::TestEnumCliStatus::test_enum_string_values PASSED [ 12%]
tests/unit/enums/test_enum_cli_status.py::TestEnumCliStatus::test_enum_can_be_created_from_string PASSED [ 12%]
tests/unit/enums/test_enum_cli_status.py::TestEnumCliStatus::test_enum_string_comparison PASSED [ 12%]
tests/unit/enums/test_enum_cli_status.py::TestEnumCliStatus::test_enum_member_count PASSED [ 12%]
tests/unit/enums/test_enum_cli_status.py::TestEnumCliStatus::test_enum_member_uniqueness PASSED [ 12%]
tests/unit/enums/test_enum_cli_status.py::TestEnumCliStatus::test_enum_iteration PASSED [ 12%]
tests/unit/enums/test_enum_cli_status.py::TestEnumCliStatus::test_invalid_enum_value_raises_error PASSED [ 12%]
tests/unit/enums/test_enum_cli_status.py::TestEnumCliStatus::test_enum_in_operator PASSED [ 12%]
tests/unit/enums/test_enum_cli_status.py::TestEnumCliStatus::test_enum_hash_consistency PASSED [ 12%]
tests/unit/enums/test_enum_cli_status.py::TestEnumCliStatus::test_enum_repr PASSED [ 12%]
tests/unit/enums/test_enum_cli_status.py::TestEnumCliStatus::test_enum_bool_evaluation PASSED [ 12%]
tests/unit/enums/test_enum_cli_status.py::TestEnumCliStatus::test_enum_serialization_json_compatible PASSED [ 12%]
tests/unit/enums/test_enum_cli_status.py::TestEnumCliStatus::test_enum_case_sensitivity PASSED [ 12%]
tests/unit/enums/test_enum_cli_status.py::TestEnumCliStatus::test_enum_with_pydantic_compatibility PASSED [ 12%]
tests/unit/enums/test_enum_cli_status.py::TestEnumCliStatus::test_enum_equality_and_identity PASSED [ 12%]
tests/unit/enums/test_enum_cli_status.py::TestEnumCliStatus::test_enum_ordering_behavior PASSED [ 12%]
tests/unit/enums/test_enum_cli_status.py::TestEnumCliStatusEdgeCases::test_enum_with_none_value PASSED [ 12%]
tests/unit/enums/test_enum_cli_status.py::TestEnumCliStatusEdgeCases::test_enum_with_empty_string PASSED [ 12%]
tests/unit/enums/test_enum_cli_status.py::TestEnumCliStatusEdgeCases::test_enum_with_whitespace PASSED [ 12%]
tests/unit/enums/test_enum_cli_status.py::TestEnumCliStatusEdgeCases::test_enum_pickling PASSED [ 12%]
tests/unit/enums/test_enum_cli_status.py::TestEnumCliStatusEdgeCases::test_enum_copy_behavior PASSED [ 12%]
tests/unit/enums/test_enum_collection_format.py::TestEnumCollectionFormat::test_enum_values PASSED [ 12%]
tests/unit/enums/test_enum_collection_format.py::TestEnumCollectionFormat::test_string_representation PASSED [ 12%]
tests/unit/enums/test_enum_collection_format.py::TestEnumCollectionFormat::test_is_structured_format PASSED [ 12%]
tests/unit/enums/test_enum_collection_format.py::TestEnumCollectionFormat::test_is_tabular_format PASSED [ 12%]
tests/unit/enums/test_enum_collection_format.py::TestEnumCollectionFormat::test_is_text_format PASSED [ 12%]
tests/unit/enums/test_enum_collection_format.py::TestEnumCollectionFormat::test_is_binary_format PASSED [ 12%]
tests/unit/enums/test_enum_collection_format.py::TestEnumCollectionFormat::test_get_default_extension PASSED [ 12%]
tests/unit/enums/test_enum_collection_format.py::TestEnumCollectionFormat::test_get_mime_type PASSED [ 12%]
tests/unit/enums/test_enum_collection_format.py::TestEnumCollectionFormat::test_enum_comparison PASSED [ 13%]
tests/unit/enums/test_enum_collection_format.py::TestEnumCollectionFormat::test_enum_membership PASSED [ 13%]
tests/unit/enums/test_enum_collection_format.py::TestEnumCollectionFormat::test_enum_iteration PASSED [ 13%]
tests/unit/enums/test_enum_collection_format.py::TestEnumCollectionFormat::test_json_serialization PASSED [ 13%]
tests/unit/enums/test_enum_collection_format.py::TestEnumCollectionFormat::test_pydantic_model_integration PASSED [ 13%]
tests/unit/enums/test_enum_collection_format.py::TestEnumCollectionFormat::test_enum_uniqueness PASSED [ 13%]
tests/unit/enums/test_enum_collection_format.py::TestEnumCollectionFormatOverlaps::test_text_and_binary_overlap PASSED [ 13%]
tests/unit/enums/test_enum_collection_format.py::TestEnumCollectionFormatOverlaps::test_structured_formats_are_text PASSED [ 13%]
tests/unit/enums/test_enum_collection_format.py::TestEnumCollectionFormatOverlaps::test_tabular_csv_tsv_are_text PASSED [ 13%]
tests/unit/enums/test_enum_collection_format.py::TestEnumCollectionFormatEdgeCases::test_case_sensitivity PASSED [ 13%]
tests/unit/enums/test_enum_collection_format.py::TestEnumCollectionFormatEdgeCases::test_whitespace_handling PASSED [ 13%]
tests/unit/enums/test_enum_collection_format.py::TestEnumCollectionFormatEdgeCases::test_all_formats_have_extensions PASSED [ 13%]
tests/unit/enums/test_enum_collection_format.py::TestEnumCollectionFormatEdgeCases::test_all_formats_have_mime_types PASSED [ 13%]
tests/unit/enums/test_enum_compensation_strategy.py::TestEnumCompensationStrategy::test_enum_values PASSED [ 13%]
tests/unit/enums/test_enum_compensation_strategy.py::TestEnumCompensationStrategy::test_string_inheritance PASSED [ 13%]
tests/unit/enums/test_enum_compensation_strategy.py::TestEnumCompensationStrategy::test_string_representation PASSED [ 13%]
tests/unit/enums/test_enum_compensation_strategy.py::TestEnumCompensationStrategy::test_is_backward_looking PASSED [ 13%]
tests/unit/enums/test_enum_compensation_strategy.py::TestEnumCompensationStrategy::test_is_forward_looking PASSED [ 13%]
tests/unit/enums/test_enum_compensation_strategy.py::TestEnumCompensationStrategy::test_is_complex_strategy PASSED [ 13%]
tests/unit/enums/test_enum_compensation_strategy.py::TestEnumCompensationStrategy::test_is_single_approach_strategy PASSED [ 13%]
tests/unit/enums/test_enum_compensation_strategy.py::TestEnumCompensationStrategy::test_requires_state_tracking PASSED [ 13%]
tests/unit/enums/test_enum_compensation_strategy.py::TestEnumCompensationStrategy::test_get_strategy_description PASSED [ 13%]
tests/unit/enums/test_enum_compensation_strategy.py::TestEnumCompensationStrategy::test_get_typical_use_case PASSED [ 13%]
tests/unit/enums/test_enum_compensation_strategy.py::TestEnumCompensationStrategy::test_get_complexity_level PASSED [ 13%]
tests/unit/enums/test_enum_compensation_strategy.py::TestEnumCompensationStrategy::test_enum_equality PASSED [ 13%]
tests/unit/enums/test_enum_compensation_strategy.py::TestEnumCompensationStrategy::test_enum_membership PASSED [ 13%]
tests/unit/enums/test_enum_compensation_strategy.py::TestEnumCompensationStrategy::test_enum_iteration PASSED [ 13%]
tests/unit/enums/test_enum_compensation_strategy.py::TestEnumCompensationStrategy::test_json_serialization PASSED [ 13%]
tests/unit/enums/test_enum_compensation_strategy.py::TestEnumCompensationStrategy::test_pydantic_integration PASSED [ 13%]
tests/unit/enums/test_enum_compensation_strategy.py::TestEnumCompensationStrategy::test_pydantic_serialization PASSED [ 13%]
tests/unit/enums/test_enum_compensation_strategy.py::TestEnumCompensationStrategy::test_strategy_characteristics PASSED [ 13%]
tests/unit/enums/test_enum_config_category.py::TestEnumConfigCategory::test_enum_values PASSED [ 13%]
tests/unit/enums/test_enum_config_category.py::TestEnumConfigCategory::test_string_representation PASSED [ 13%]
tests/unit/enums/test_enum_config_category.py::TestEnumConfigCategory::test_get_system_categories PASSED [ 13%]
tests/unit/enums/test_enum_config_category.py::TestEnumConfigCategory::test_get_infrastructure_categories PASSED [ 13%]
tests/unit/enums/test_enum_config_category.py::TestEnumConfigCategory::test_is_system_category PASSED [ 13%]
tests/unit/enums/test_enum_config_category.py::TestEnumConfigCategory::test_is_infrastructure_category PASSED [ 13%]
tests/unit/enums/test_enum_config_category.py::TestEnumConfigCategory::test_enum_comparison PASSED [ 13%]
tests/unit/enums/test_enum_config_category.py::TestEnumConfigCategory::test_enum_membership PASSED [ 13%]
tests/unit/enums/test_enum_config_category.py::TestEnumConfigCategory::test_enum_iteration PASSED [ 13%]
tests/unit/enums/test_enum_config_category.py::TestEnumConfigCategory::test_json_serialization PASSED [ 13%]
tests/unit/enums/test_enum_config_category.py::TestEnumConfigCategory::test_pydantic_model_integration PASSED [ 13%]
tests/unit/enums/test_enum_config_category.py::TestEnumConfigCategory::test_enum_uniqueness PASSED [ 13%]
tests/unit/enums/test_enum_config_category.py::TestEnumConfigCategory::test_category_classification_mutually_exclusive PASSED [ 14%]
tests/unit/enums/test_enum_config_category.py::TestEnumConfigCategory::test_all_categories_classified PASSED [ 14%]
tests/unit/enums/test_enum_config_category.py::TestEnumConfigCategoryEdgeCases::test_case_sensitivity PASSED [ 14%]
tests/unit/enums/test_enum_config_category.py::TestEnumConfigCategoryEdgeCases::test_whitespace_handling PASSED [ 14%]
tests/unit/enums/test_enum_config_category.py::TestEnumConfigCategoryEdgeCases::test_system_and_infrastructure_categories_disjoint PASSED [ 14%]
tests/unit/enums/test_enum_config_category.py::TestEnumConfigCategoryEdgeCases::test_helper_methods_return_lists PASSED [ 14%]
tests/unit/enums/test_enum_config_type.py::TestEnumConfigTypeBasics::test_enum_values_core PASSED [ 14%]
tests/unit/enums/test_enum_config_type.py::TestEnumConfigTypeBasics::test_enum_values_infrastructure PASSED [ 14%]
tests/unit/enums/test_enum_config_type.py::TestEnumConfigTypeBasics::test_enum_values_application PASSED [ 14%]
tests/unit/enums/test_enum_config_type.py::TestEnumConfigTypeBasics::test_enum_values_data PASSED [ 14%]
tests/unit/enums/test_enum_config_type.py::TestEnumConfigTypeBasics::test_enum_values_environment PASSED [ 14%]
tests/unit/enums/test_enum_config_type.py::TestEnumConfigTypeBasics::test_enum_values_generic PASSED [ 14%]
tests/unit/enums/test_enum_config_type.py::TestEnumConfigTypeBasics::test_string_representation PASSED [ 14%]
tests/unit/enums/test_enum_config_type.py::TestEnumConfigTypeCategoryMethods::test_is_core_config PASSED [ 14%]
tests/unit/enums/test_enum_config_type.py::TestEnumConfigTypeCategoryMethods::test_is_infrastructure_config PASSED [ 14%]
tests/unit/enums/test_enum_config_type.py::TestEnumConfigTypeCategoryMethods::test_is_application_config PASSED [ 14%]
tests/unit/enums/test_enum_config_type.py::TestEnumConfigTypeCategoryMethods::test_is_data_config PASSED [ 14%]
tests/unit/enums/test_enum_config_type.py::TestEnumConfigTypeCategoryMethods::test_is_environment_config PASSED [ 14%]
tests/unit/enums/test_enum_config_type.py::TestEnumConfigTypeCategoryMethods::test_category_mutual_exclusivity PASSED [ 14%]
tests/unit/enums/test_enum_config_type.py::TestEnumConfigTypeIntegration::test_enum_equality PASSED [ 14%]
tests/unit/enums/test_enum_config_type.py::TestEnumConfigTypeIntegration::test_enum_membership PASSED [ 14%]
tests/unit/enums/test_enum_config_type.py::TestEnumConfigTypeIntegration::test_enum_iteration PASSED [ 14%]
tests/unit/enums/test_enum_config_type.py::TestEnumConfigTypeIntegration::test_json_serialization PASSED [ 14%]
tests/unit/enums/test_enum_config_type.py::TestEnumConfigTypeIntegration::test_pydantic_integration PASSED [ 14%]
tests/unit/enums/test_enum_config_type.py::TestEnumConfigTypeIntegration::test_pydantic_serialization PASSED [ 14%]
tests/unit/enums/test_enum_config_type.py::TestEnumConfigTypeEdgeCases::test_case_sensitivity PASSED [ 14%]
tests/unit/enums/test_enum_config_type.py::TestEnumConfigTypeEdgeCases::test_invalid_enum_creation PASSED [ 14%]
tests/unit/enums/test_enum_config_type.py::TestEnumConfigTypeEdgeCases::test_unique_decorator_enforcement PASSED [ 14%]
tests/unit/enums/test_enum_config_type.py::TestEnumConfigTypeEdgeCases::test_yaml_serialization_compatibility PASSED [ 14%]
tests/unit/enums/test_enum_config_type.py::TestEnumConfigTypeComprehensiveScenarios::test_config_routing_by_category PASSED [ 14%]
tests/unit/enums/test_enum_config_type.py::TestEnumConfigTypeComprehensiveScenarios::test_environment_specific_configs PASSED [ 14%]
tests/unit/enums/test_enum_config_type.py::TestEnumConfigTypeComprehensiveScenarios::test_config_type_classification_coverage PASSED [ 14%]
tests/unit/enums/test_enum_data_classification.py::TestEnumDataClassification::test_enum_values PASSED [ 14%]
tests/unit/enums/test_enum_data_classification.py::TestEnumDataClassification::test_string_inheritance PASSED [ 14%]
tests/unit/enums/test_enum_data_classification.py::TestEnumDataClassification::test_string_representation PASSED [ 14%]
tests/unit/enums/test_enum_data_classification.py::TestEnumDataClassification::test_get_security_level PASSED [ 14%]
tests/unit/enums/test_enum_data_classification.py::TestEnumDataClassification::test_is_public PASSED [ 14%]
tests/unit/enums/test_enum_data_classification.py::TestEnumDataClassification::test_requires_encryption PASSED [ 14%]
tests/unit/enums/test_enum_data_classification.py::TestEnumDataClassification::test_get_retention_policy PASSED [ 14%]
tests/unit/enums/test_enum_data_classification.py::TestEnumDataClassification::test_enum_equality PASSED [ 14%]
tests/unit/enums/test_enum_data_classification.py::TestEnumDataClassification::test_enum_membership PASSED [ 14%]
tests/unit/enums/test_enum_data_classification.py::TestEnumDataClassification::test_enum_iteration PASSED [ 14%]
tests/unit/enums/test_enum_data_classification.py::TestEnumDataClassification::test_json_serialization PASSED [ 14%]
tests/unit/enums/test_enum_data_classification.py::TestEnumDataClassification::test_pydantic_integration PASSED [ 14%]
tests/unit/enums/test_enum_data_classification.py::TestEnumDataClassification::test_pydantic_serialization PASSED [ 15%]
tests/unit/enums/test_enum_data_classification.py::TestEnumDataClassification::test_security_level_ordering PASSED [ 15%]
tests/unit/enums/test_enum_data_classification.py::TestEnumDataClassification::test_aliases PASSED [ 15%]
tests/unit/enums/test_enum_data_classification.py::TestEnumDataClassification::test_comprehensive_security_features PASSED [ 15%]
tests/unit/enums/test_enum_data_classification.py::TestEnumDataClassification::test_encryption_requirements PASSED [ 15%]
tests/unit/enums/test_enum_data_type.py::TestEnumDataType::test_enum_values PASSED [ 15%]
tests/unit/enums/test_enum_data_type.py::TestEnumDataType::test_string_representation PASSED [ 15%]
tests/unit/enums/test_enum_data_type.py::TestEnumDataType::test_is_structured PASSED [ 15%]
tests/unit/enums/test_enum_data_type.py::TestEnumDataType::test_is_text_based PASSED [ 15%]
tests/unit/enums/test_enum_data_type.py::TestEnumDataType::test_supports_schema PASSED [ 15%]
tests/unit/enums/test_enum_data_type.py::TestEnumDataType::test_data_type_categorization_logic PASSED [ 15%]
tests/unit/enums/test_enum_data_type.py::TestEnumDataType::test_enum_equality PASSED [ 15%]
tests/unit/enums/test_enum_data_type.py::TestEnumDataType::test_enum_membership PASSED [ 15%]
tests/unit/enums/test_enum_data_type.py::TestEnumDataType::test_enum_iteration PASSED [ 15%]
tests/unit/enums/test_enum_data_type.py::TestEnumDataType::test_json_serialization PASSED [ 15%]
tests/unit/enums/test_enum_data_type.py::TestEnumDataType::test_pydantic_integration PASSED [ 15%]
tests/unit/enums/test_enum_data_type.py::TestEnumDataType::test_pydantic_serialization PASSED [ 15%]
tests/unit/enums/test_enum_data_type.py::TestEnumDataType::test_edge_cases PASSED [ 15%]
tests/unit/enums/test_enum_data_type.py::TestEnumDataType::test_comprehensive_data_processing_scenarios PASSED [ 15%]
tests/unit/enums/test_enum_data_type.py::TestEnumDataType::test_yaml_serialization_compatibility PASSED [ 15%]
tests/unit/enums/test_enum_data_type.py::TestEnumDataType::test_case_sensitivity_handling PASSED [ 15%]
tests/unit/enums/test_enum_data_type.py::TestEnumDataType::test_format_specific_logic PASSED [ 15%]
tests/unit/enums/test_enum_debug_level.py::TestEnumDebugLevel::test_enum_values PASSED [ 15%]
tests/unit/enums/test_enum_debug_level.py::TestEnumDebugLevel::test_string_representation PASSED [ 15%]
tests/unit/enums/test_enum_debug_level.py::TestEnumDebugLevel::test_get_verbosity_order PASSED [ 15%]
tests/unit/enums/test_enum_debug_level.py::TestEnumDebugLevel::test_get_severity_order PASSED [ 15%]
tests/unit/enums/test_enum_debug_level.py::TestEnumDebugLevel::test_is_more_verbose_than PASSED [ 15%]
tests/unit/enums/test_enum_debug_level.py::TestEnumDebugLevel::test_includes_level PASSED [ 15%]
tests/unit/enums/test_enum_debug_level.py::TestEnumDebugLevel::test_verbosity_ordering_consistency PASSED [ 15%]
tests/unit/enums/test_enum_debug_level.py::TestEnumDebugLevel::test_enum_equality PASSED [ 15%]
tests/unit/enums/test_enum_debug_level.py::TestEnumDebugLevel::test_enum_membership PASSED [ 15%]
tests/unit/enums/test_enum_debug_level.py::TestEnumDebugLevel::test_enum_iteration PASSED [ 15%]
tests/unit/enums/test_enum_debug_level.py::TestEnumDebugLevel::test_json_serialization PASSED [ 15%]
tests/unit/enums/test_enum_debug_level.py::TestEnumDebugLevel::test_pydantic_integration PASSED [ 15%]
tests/unit/enums/test_enum_debug_level.py::TestEnumDebugLevel::test_pydantic_serialization PASSED [ 15%]
tests/unit/enums/test_enum_debug_level.py::TestEnumDebugLevel::test_edge_cases PASSED [ 15%]
tests/unit/enums/test_enum_debug_level.py::TestEnumDebugLevel::test_comprehensive_debug_scenarios PASSED [ 15%]
tests/unit/enums/test_enum_debug_level.py::TestEnumDebugLevel::test_level_inclusion_transitivity PASSED [ 15%]
tests/unit/enums/test_enum_debug_level.py::TestEnumDebugLevel::test_yaml_serialization_compatibility PASSED [ 15%]
tests/unit/enums/test_enum_debug_level.py::TestEnumDebugLevel::test_logging_level_mapping PASSED [ 15%]
tests/unit/enums/test_enum_device_type.py::TestEnumDeviceType::test_enum_values PASSED [ 15%]
tests/unit/enums/test_enum_device_type.py::TestEnumDeviceType::test_device_categories PASSED [ 15%]
tests/unit/enums/test_enum_device_type.py::TestEnumDeviceType::test_pydantic_integration PASSED [ 15%]
tests/unit/enums/test_enum_device_type.py::TestEnumDeviceLocation::test_enum_values PASSED [ 16%]
tests/unit/enums/test_enum_device_type.py::TestEnumDeviceLocation::test_location_types PASSED [ 16%]
tests/unit/enums/test_enum_device_type.py::TestEnumDeviceLocation::test_enum_iteration PASSED [ 16%]
tests/unit/enums/test_enum_device_type.py::TestEnumDeviceStatus::test_enum_values PASSED [ 16%]
tests/unit/enums/test_enum_device_type.py::TestEnumDeviceStatus::test_status_states PASSED [ 16%]
tests/unit/enums/test_enum_device_type.py::TestEnumDeviceStatus::test_pydantic_integration PASSED [ 16%]
tests/unit/enums/test_enum_device_type.py::TestEnumAgentHealth::test_enum_values PASSED [ 16%]
tests/unit/enums/test_enum_device_type.py::TestEnumAgentHealth::test_health_severity_levels PASSED [ 16%]
tests/unit/enums/test_enum_device_type.py::TestEnumAgentHealth::test_enum_iteration PASSED [ 16%]
tests/unit/enums/test_enum_device_type.py::TestEnumPriority::test_enum_values PASSED [ 16%]
tests/unit/enums/test_enum_device_type.py::TestEnumPriority::test_priority_ordering PASSED [ 16%]
tests/unit/enums/test_enum_device_type.py::TestEnumPriority::test_pydantic_serialization PASSED [ 16%]
tests/unit/enums/test_enum_device_type.py::TestEnumRoutingStrategy::test_enum_values PASSED [ 16%]
tests/unit/enums/test_enum_device_type.py::TestEnumRoutingStrategy::test_routing_strategies PASSED [ 16%]
tests/unit/enums/test_enum_device_type.py::TestEnumRoutingStrategy::test_enum_iteration PASSED [ 16%]
tests/unit/enums/test_enum_device_type.py::TestDeviceEnumsIntegration::test_comprehensive_device_model PASSED [ 16%]
tests/unit/enums/test_enum_device_type.py::TestDeviceEnumsIntegration::test_device_status_health_correlation PASSED [ 16%]
tests/unit/enums/test_enum_device_type.py::TestDeviceEnumsIntegration::test_json_serialization_all_enums PASSED [ 16%]
tests/unit/enums/test_enum_device_type.py::TestDeviceEnumsIntegration::test_yaml_serialization_all_enums PASSED [ 16%]
tests/unit/enums/test_enum_device_type.py::TestDeviceEnumsEdgeCases::test_all_enums_inherit_from_str PASSED [ 16%]
tests/unit/enums/test_enum_device_type.py::TestDeviceEnumsEdgeCases::test_no_duplicate_values_in_any_enum PASSED [ 16%]
tests/unit/enums/test_enum_device_type.py::TestDeviceEnumsEdgeCases::test_case_sensitivity_all_enums PASSED [ 16%]
tests/unit/enums/test_enum_device_type.py::TestDeviceEnumsEdgeCases::test_unknown_values_present PASSED [ 16%]
tests/unit/enums/test_enum_device_type.py::TestDeviceEnumsComprehensiveScenarios::test_cloud_deployment_scenario PASSED [ 16%]
tests/unit/enums/test_enum_device_type.py::TestDeviceEnumsComprehensiveScenarios::test_edge_device_scenario PASSED [ 16%]
tests/unit/enums/test_enum_device_type.py::TestDeviceEnumsComprehensiveScenarios::test_maintenance_scenario PASSED [ 16%]
tests/unit/enums/test_enum_device_type.py::TestDeviceEnumsComprehensiveScenarios::test_routing_strategy_selection PASSED [ 16%]
tests/unit/enums/test_enum_document_freshness_actions.py::TestEnumDocumentFreshnessActions::test_enum_values PASSED [ 16%]
tests/unit/enums/test_enum_document_freshness_actions.py::TestEnumDocumentFreshnessActions::test_string_equality PASSED [ 16%]
tests/unit/enums/test_enum_document_freshness_actions.py::TestEnumDocumentFreshnessActions::test_enum_iteration PASSED [ 16%]
tests/unit/enums/test_enum_document_freshness_actions.py::TestEnumDocumentFreshnessActions::test_pydantic_integration PASSED [ 16%]
tests/unit/enums/test_enum_document_freshness_actions.py::TestEnumDocumentFreshnessRiskLevel::test_enum_values PASSED [ 16%]
tests/unit/enums/test_enum_document_freshness_actions.py::TestEnumDocumentFreshnessRiskLevel::test_risk_level_ordering PASSED [ 16%]
tests/unit/enums/test_enum_document_freshness_actions.py::TestEnumDocumentFreshnessRiskLevel::test_pydantic_integration PASSED [ 16%]
tests/unit/enums/test_enum_document_freshness_actions.py::TestEnumDocumentFreshnessStatus::test_enum_values PASSED [ 16%]
tests/unit/enums/test_enum_document_freshness_actions.py::TestEnumDocumentFreshnessStatus::test_status_states PASSED [ 16%]
tests/unit/enums/test_enum_document_freshness_actions.py::TestEnumDocumentFreshnessStatus::test_json_serialization PASSED [ 16%]
tests/unit/enums/test_enum_document_freshness_actions.py::TestEnumDocumentType::test_enum_values PASSED [ 16%]
tests/unit/enums/test_enum_document_freshness_actions.py::TestEnumDocumentType::test_document_type_classification PASSED [ 16%]
tests/unit/enums/test_enum_document_freshness_actions.py::TestEnumDocumentType::test_pydantic_integration PASSED [ 16%]
tests/unit/enums/test_enum_document_freshness_actions.py::TestEnumRecommendationType::test_enum_values PASSED [ 16%]
tests/unit/enums/test_enum_document_freshness_actions.py::TestEnumRecommendationType::test_recommendation_types PASSED [ 16%]
tests/unit/enums/test_enum_document_freshness_actions.py::TestEnumRecommendationType::test_enum_iteration PASSED [ 16%]
tests/unit/enums/test_enum_document_freshness_actions.py::TestEnumRecommendationPriority::test_enum_values PASSED [ 16%]
tests/unit/enums/test_enum_document_freshness_actions.py::TestEnumRecommendationPriority::test_priority_ordering PASSED [ 17%]
tests/unit/enums/test_enum_document_freshness_actions.py::TestEnumRecommendationPriority::test_pydantic_serialization PASSED [ 17%]
tests/unit/enums/test_enum_document_freshness_actions.py::TestEnumEstimatedEffort::test_enum_values PASSED [ 17%]
tests/unit/enums/test_enum_document_freshness_actions.py::TestEnumEstimatedEffort::test_effort_levels PASSED [ 17%]
tests/unit/enums/test_enum_document_freshness_actions.py::TestEnumEstimatedEffort::test_string_equality PASSED [ 17%]
tests/unit/enums/test_enum_document_freshness_actions.py::TestEnumDependencyRelationship::test_enum_values PASSED [ 17%]
tests/unit/enums/test_enum_document_freshness_actions.py::TestEnumDependencyRelationship::test_relationship_types PASSED [ 17%]
tests/unit/enums/test_enum_document_freshness_actions.py::TestEnumDependencyRelationship::test_pydantic_integration PASSED [ 17%]
tests/unit/enums/test_enum_document_freshness_actions.py::TestEnumOutputFormat::test_enum_values PASSED [ 17%]
tests/unit/enums/test_enum_document_freshness_actions.py::TestEnumOutputFormat::test_format_types PASSED [ 17%]
tests/unit/enums/test_enum_document_freshness_actions.py::TestEnumOutputFormat::test_enum_iteration PASSED [ 17%]
tests/unit/enums/test_enum_document_freshness_actions.py::TestDocumentFreshnessEnumsIntegration::test_comprehensive_document_analysis_model PASSED [ 17%]
tests/unit/enums/test_enum_document_freshness_actions.py::TestDocumentFreshnessEnumsIntegration::test_risk_and_priority_alignment PASSED [ 17%]
tests/unit/enums/test_enum_document_freshness_actions.py::TestDocumentFreshnessEnumsIntegration::test_json_serialization_all_enums PASSED [ 17%]
tests/unit/enums/test_enum_document_freshness_actions.py::TestDocumentFreshnessEnumsIntegration::test_yaml_serialization_all_enums PASSED [ 17%]
tests/unit/enums/test_enum_document_freshness_actions.py::TestDocumentFreshnessEnumsEdgeCases::test_all_enums_inherit_from_str PASSED [ 17%]
tests/unit/enums/test_enum_document_freshness_actions.py::TestDocumentFreshnessEnumsEdgeCases::test_no_duplicate_values_in_any_enum PASSED [ 17%]
tests/unit/enums/test_enum_document_freshness_actions.py::TestDocumentFreshnessEnumsEdgeCases::test_case_sensitivity_all_enums PASSED [ 17%]
tests/unit/enums/test_enum_documentation_quality.py::TestEnumDocumentationQuality::test_enum_values PASSED [ 17%]
tests/unit/enums/test_enum_documentation_quality.py::TestEnumDocumentationQuality::test_str_representation PASSED [ 17%]
tests/unit/enums/test_enum_documentation_quality.py::TestEnumDocumentationQuality::test_enum_uniqueness PASSED [ 17%]
tests/unit/enums/test_enum_documentation_quality.py::TestEnumDocumentationQuality::test_enum_members_count PASSED [ 17%]
tests/unit/enums/test_enum_documentation_quality.py::TestNumericScore::test_all_quality_levels_have_scores PASSED [ 17%]
tests/unit/enums/test_enum_documentation_quality.py::TestNumericScore::test_none_and_missing_score_zero PASSED [ 17%]
tests/unit/enums/test_enum_documentation_quality.py::TestNumericScore::test_poor_score PASSED [ 17%]
tests/unit/enums/test_enum_documentation_quality.py::TestNumericScore::test_minimal_score PASSED [ 17%]
tests/unit/enums/test_enum_documentation_quality.py::TestNumericScore::test_incomplete_score PASSED [ 17%]
tests/unit/enums/test_enum_documentation_quality.py::TestNumericScore::test_basic_score PASSED [ 17%]
tests/unit/enums/test_enum_documentation_quality.py::TestNumericScore::test_adequate_score PASSED [ 17%]
tests/unit/enums/test_enum_documentation_quality.py::TestNumericScore::test_outdated_score PASSED [ 17%]
tests/unit/enums/test_enum_documentation_quality.py::TestNumericScore::test_good_score PASSED [ 17%]
tests/unit/enums/test_enum_documentation_quality.py::TestNumericScore::test_comprehensive_score PASSED [ 17%]
tests/unit/enums/test_enum_documentation_quality.py::TestNumericScore::test_excellent_score PASSED [ 17%]
tests/unit/enums/test_enum_documentation_quality.py::TestNumericScore::test_outstanding_score PASSED [ 17%]
tests/unit/enums/test_enum_documentation_quality.py::TestNumericScore::test_unknown_score PASSED [ 17%]
tests/unit/enums/test_enum_documentation_quality.py::TestNumericScore::test_score_ordering PASSED [ 17%]
tests/unit/enums/test_enum_documentation_quality.py::TestIsAcceptable::test_acceptable_quality_levels PASSED [ 17%]
tests/unit/enums/test_enum_documentation_quality.py::TestIsAcceptable::test_unacceptable_quality_levels PASSED [ 17%]
tests/unit/enums/test_enum_documentation_quality.py::TestNeedsImprovement::test_quality_needing_improvement PASSED [ 17%]
tests/unit/enums/test_enum_documentation_quality.py::TestNeedsImprovement::test_quality_not_needing_improvement PASSED [ 17%]
tests/unit/enums/test_enum_documentation_quality.py::TestIsHighQuality::test_high_quality_levels PASSED [ 17%]
tests/unit/enums/test_enum_documentation_quality.py::TestIsHighQuality::test_not_high_quality_levels PASSED [ 17%]
tests/unit/enums/test_enum_documentation_quality.py::TestImprovementSuggestion::test_all_qualities_have_suggestions PASSED [ 17%]
tests/unit/enums/test_enum_documentation_quality.py::TestImprovementSuggestion::test_none_suggestion PASSED [ 18%]
tests/unit/enums/test_enum_documentation_quality.py::TestImprovementSuggestion::test_missing_suggestion PASSED [ 18%]
tests/unit/enums/test_enum_documentation_quality.py::TestImprovementSuggestion::test_poor_suggestion PASSED [ 18%]
tests/unit/enums/test_enum_documentation_quality.py::TestImprovementSuggestion::test_minimal_suggestion PASSED [ 18%]
tests/unit/enums/test_enum_documentation_quality.py::TestImprovementSuggestion::test_basic_suggestion PASSED [ 18%]
tests/unit/enums/test_enum_documentation_quality.py::TestImprovementSuggestion::test_incomplete_suggestion PASSED [ 18%]
tests/unit/enums/test_enum_documentation_quality.py::TestImprovementSuggestion::test_outdated_suggestion PASSED [ 18%]
tests/unit/enums/test_enum_documentation_quality.py::TestImprovementSuggestion::test_adequate_suggestion PASSED [ 18%]
tests/unit/enums/test_enum_documentation_quality.py::TestImprovementSuggestion::test_good_suggestion PASSED [ 18%]
tests/unit/enums/test_enum_documentation_quality.py::TestImprovementSuggestion::test_comprehensive_suggestion PASSED [ 18%]
tests/unit/enums/test_enum_documentation_quality.py::TestImprovementSuggestion::test_excellent_suggestion PASSED [ 18%]
tests/unit/enums/test_enum_documentation_quality.py::TestImprovementSuggestion::test_outstanding_suggestion PASSED [ 18%]
tests/unit/enums/test_enum_documentation_quality.py::TestImprovementSuggestion::test_unknown_suggestion PASSED [ 18%]
tests/unit/enums/test_enum_documentation_quality.py::TestFromScore::test_score_zero_maps_to_none PASSED [ 18%]
tests/unit/enums/test_enum_documentation_quality.py::TestFromScore::test_negative_score_maps_to_none PASSED [ 18%]
tests/unit/enums/test_enum_documentation_quality.py::TestFromScore::test_score_one_maps_to_poor PASSED [ 18%]
tests/unit/enums/test_enum_documentation_quality.py::TestFromScore::test_score_two_maps_to_minimal PASSED [ 18%]
tests/unit/enums/test_enum_documentation_quality.py::TestFromScore::test_score_three_maps_to_basic PASSED [ 18%]
tests/unit/enums/test_enum_documentation_quality.py::TestFromScore::test_score_four_maps_to_adequate PASSED [ 18%]
tests/unit/enums/test_enum_documentation_quality.py::TestFromScore::test_score_five_to_six_maps_to_good PASSED [ 18%]
tests/unit/enums/test_enum_documentation_quality.py::TestFromScore::test_score_seven_to_eight_maps_to_comprehensive PASSED [ 18%]
tests/unit/enums/test_enum_documentation_quality.py::TestFromScore::test_score_nine_maps_to_excellent PASSED [ 18%]
tests/unit/enums/test_enum_documentation_quality.py::TestFromScore::test_score_ten_plus_maps_to_outstanding PASSED [ 18%]
tests/unit/enums/test_enum_documentation_quality.py::TestFromScore::test_score_round_trip PASSED [ 18%]
tests/unit/enums/test_enum_documentation_quality.py::TestEnumIntegration::test_quality_classification_consistency PASSED [ 18%]
tests/unit/enums/test_enum_documentation_quality.py::TestEnumIntegration::test_poor_quality_characteristics PASSED [ 18%]
tests/unit/enums/test_enum_documentation_quality.py::TestEnumIntegration::test_enum_serialization PASSED [ 18%]
tests/unit/enums/test_enum_documentation_quality.py::TestEnumIntegration::test_enum_from_value PASSED [ 18%]
tests/unit/enums/test_enum_documentation_quality.py::TestEnumIntegration::test_invalid_value_raises_error PASSED [ 18%]
tests/unit/enums/test_enum_documentation_quality.py::TestEnumIntegration::test_pydantic_integration PASSED [ 18%]
tests/unit/enums/test_enum_documentation_quality.py::TestEnumIntegration::test_json_serialization PASSED [ 18%]
tests/unit/enums/test_enum_documentation_quality.py::TestEnumIntegration::test_enum_comparison PASSED [ 18%]
tests/unit/enums/test_enum_documentation_quality.py::TestEnumIntegration::test_enum_in_collection PASSED [ 18%]
tests/unit/enums/test_enum_documentation_quality.py::TestEnumIntegration::test_enum_as_dict_key PASSED [ 18%]
tests/unit/enums/test_enum_documentation_quality.py::TestEnumIntegration::test_score_based_workflow PASSED [ 18%]
tests/unit/enums/test_enum_entity_type.py::TestEnumEntityTypeBasics::test_enum_values_core PASSED [ 18%]
tests/unit/enums/test_enum_entity_type.py::TestEnumEntityTypeBasics::test_enum_values_data PASSED [ 18%]
tests/unit/enums/test_enum_entity_type.py::TestEnumEntityTypeBasics::test_enum_values_system PASSED [ 18%]
tests/unit/enums/test_enum_entity_type.py::TestEnumEntityTypeBasics::test_enum_values_infrastructure PASSED [ 18%]
tests/unit/enums/test_enum_entity_type.py::TestEnumEntityTypeBasics::test_enum_values_unknown PASSED [ 18%]
tests/unit/enums/test_enum_entity_type.py::TestEnumEntityTypeBasics::test_string_representation PASSED [ 18%]
tests/unit/enums/test_enum_entity_type.py::TestEnumEntityTypeCategoryMethods::test_is_code_entity PASSED [ 18%]
tests/unit/enums/test_enum_entity_type.py::TestEnumEntityTypeCategoryMethods::test_is_data_entity PASSED [ 18%]
tests/unit/enums/test_enum_entity_type.py::TestEnumEntityTypeCategoryMethods::test_is_system_entity PASSED [ 18%]
tests/unit/enums/test_enum_entity_type.py::TestEnumEntityTypeCategoryMethods::test_is_infrastructure_entity PASSED [ 19%]
tests/unit/enums/test_enum_entity_type.py::TestEnumEntityTypeCategoryMethods::test_category_mutual_exclusivity PASSED [ 19%]
tests/unit/enums/test_enum_entity_type.py::TestEnumEntityTypeIntegration::test_enum_equality PASSED [ 19%]
tests/unit/enums/test_enum_entity_type.py::TestEnumEntityTypeIntegration::test_enum_membership PASSED [ 19%]
tests/unit/enums/test_enum_entity_type.py::TestEnumEntityTypeIntegration::test_enum_iteration PASSED [ 19%]
tests/unit/enums/test_enum_entity_type.py::TestEnumEntityTypeIntegration::test_json_serialization PASSED [ 19%]
tests/unit/enums/test_enum_entity_type.py::TestEnumEntityTypeIntegration::test_pydantic_integration PASSED [ 19%]
tests/unit/enums/test_enum_entity_type.py::TestEnumEntityTypeIntegration::test_pydantic_serialization PASSED [ 19%]
tests/unit/enums/test_enum_entity_type.py::TestEnumEntityTypeEdgeCases::test_case_sensitivity PASSED [ 19%]
tests/unit/enums/test_enum_entity_type.py::TestEnumEntityTypeEdgeCases::test_invalid_enum_creation PASSED [ 19%]
tests/unit/enums/test_enum_entity_type.py::TestEnumEntityTypeEdgeCases::test_unique_decorator_enforcement PASSED [ 19%]
tests/unit/enums/test_enum_entity_type.py::TestEnumEntityTypeEdgeCases::test_yaml_serialization_compatibility PASSED [ 19%]
tests/unit/enums/test_enum_entity_type.py::TestEnumEntityTypeComprehensiveScenarios::test_entity_routing_by_category PASSED [ 19%]
tests/unit/enums/test_enum_entity_type.py::TestEnumEntityTypeComprehensiveScenarios::test_onex_node_classification PASSED [ 19%]
tests/unit/enums/test_enum_entity_type.py::TestEnumEntityTypeComprehensiveScenarios::test_entity_type_classification_coverage PASSED [ 19%]
tests/unit/enums/test_enum_entity_type.py::TestEnumEntityTypeComprehensiveScenarios::test_data_pipeline_entity_types PASSED [ 19%]
tests/unit/enums/test_enum_entity_type.py::TestEnumEntityTypeComprehensiveScenarios::test_comprehensive_entity_model PASSED [ 19%]
tests/unit/enums/test_enum_environment.py::TestEnumEnvironment::test_enum_values PASSED [ 19%]
tests/unit/enums/test_enum_environment.py::TestEnumEnvironment::test_string_representation PASSED [ 19%]
tests/unit/enums/test_enum_environment.py::TestEnumEnvironment::test_is_production_like PASSED [ 19%]
tests/unit/enums/test_enum_environment.py::TestEnumEnvironment::test_is_development_like PASSED [ 19%]
tests/unit/enums/test_enum_environment.py::TestEnumEnvironment::test_allows_debugging PASSED [ 19%]
tests/unit/enums/test_enum_environment.py::TestEnumEnvironment::test_requires_security_hardening PASSED [ 19%]
tests/unit/enums/test_enum_environment.py::TestEnumEnvironment::test_get_log_level PASSED [ 19%]
tests/unit/enums/test_enum_environment.py::TestEnumEnvironment::test_get_default_environment PASSED [ 19%]
tests/unit/enums/test_enum_environment.py::TestEnumEnvironment::test_enum_equality PASSED [ 19%]
tests/unit/enums/test_enum_environment.py::TestEnumEnvironment::test_enum_membership PASSED [ 19%]
tests/unit/enums/test_enum_environment.py::TestEnumEnvironment::test_enum_iteration PASSED [ 19%]
tests/unit/enums/test_enum_environment.py::TestEnumEnvironment::test_json_serialization PASSED [ 19%]
tests/unit/enums/test_enum_environment.py::TestEnumEnvironment::test_pydantic_integration PASSED [ 19%]
tests/unit/enums/test_enum_environment.py::TestEnumEnvironment::test_pydantic_serialization PASSED [ 19%]
tests/unit/enums/test_enum_environment.py::TestEnumEnvironment::test_edge_cases PASSED [ 19%]
tests/unit/enums/test_enum_environment.py::TestEnumEnvironment::test_environment_classification_consistency PASSED [ 19%]
tests/unit/enums/test_enum_environment.py::TestEnumEnvironment::test_comprehensive_environment_scenarios PASSED [ 19%]
tests/unit/enums/test_enum_environment.py::TestEnumEnvironment::test_yaml_serialization_compatibility PASSED [ 19%]
tests/unit/enums/test_enum_environment.py::TestEnumEnvironment::test_environment_ordering_consistency PASSED [ 19%]
tests/unit/enums/test_enum_execution_status.py::TestEnumExecutionStatus::test_enum_values PASSED [ 19%]
tests/unit/enums/test_enum_execution_status.py::TestEnumExecutionStatus::test_string_representation PASSED [ 19%]
tests/unit/enums/test_enum_execution_status.py::TestEnumExecutionStatus::test_is_terminal PASSED [ 19%]
tests/unit/enums/test_enum_execution_status.py::TestEnumExecutionStatus::test_is_active PASSED [ 19%]
tests/unit/enums/test_enum_execution_status.py::TestEnumExecutionStatus::test_is_successful PASSED [ 19%]
tests/unit/enums/test_enum_execution_status.py::TestEnumExecutionStatus::test_enum_equality PASSED [ 19%]
tests/unit/enums/test_enum_execution_status.py::TestEnumExecutionStatus::test_enum_membership PASSED [ 19%]
tests/unit/enums/test_enum_execution_status.py::TestEnumExecutionStatus::test_enum_iteration PASSED [ 20%]
tests/unit/enums/test_enum_execution_status.py::TestEnumExecutionStatus::test_json_serialization PASSED [ 20%]
tests/unit/enums/test_enum_execution_status.py::TestEnumExecutionStatus::test_pydantic_integration PASSED [ 20%]
tests/unit/enums/test_enum_execution_status.py::TestEnumExecutionStatus::test_pydantic_serialization PASSED [ 20%]
tests/unit/enums/test_enum_execution_status.py::TestEnumExecutionStatus::test_execution_lifecycle_logic PASSED [ 20%]
tests/unit/enums/test_enum_execution_status.py::TestEnumExecutionStatus::test_success_status_logic PASSED [ 20%]
tests/unit/enums/test_enum_execution_status.py::TestEnumExecutionStatus::test_failure_categorization PASSED [ 20%]
tests/unit/enums/test_enum_execution_status.py::TestEnumExecutionStatus::test_edge_cases PASSED [ 20%]
tests/unit/enums/test_enum_execution_status.py::TestEnumExecutionStatus::test_comprehensive_execution_scenarios PASSED [ 20%]
tests/unit/enums/test_enum_execution_status.py::TestEnumExecutionStatus::test_yaml_serialization_compatibility PASSED [ 20%]
tests/unit/enums/test_enum_execution_status.py::TestEnumExecutionStatus::test_status_progression_validation PASSED [ 20%]
tests/unit/enums/test_enum_filter_type.py::TestEnumFilterType::test_enum_inherits_from_str_and_enum PASSED [ 20%]
tests/unit/enums/test_enum_filter_type.py::TestEnumFilterType::test_enum_values_exist PASSED [ 20%]
tests/unit/enums/test_enum_filter_type.py::TestEnumFilterType::test_enum_string_values PASSED [ 20%]
tests/unit/enums/test_enum_filter_type.py::TestEnumFilterType::test_enum_can_be_created_from_string PASSED [ 20%]
tests/unit/enums/test_enum_filter_type.py::TestEnumFilterType::test_enum_string_comparison PASSED [ 20%]
tests/unit/enums/test_enum_filter_type.py::TestEnumFilterType::test_enum_member_count PASSED [ 20%]
tests/unit/enums/test_enum_filter_type.py::TestEnumFilterType::test_enum_member_uniqueness PASSED [ 20%]
tests/unit/enums/test_enum_filter_type.py::TestEnumFilterType::test_enum_iteration PASSED [ 20%]
tests/unit/enums/test_enum_filter_type.py::TestEnumFilterType::test_invalid_enum_value_raises_error PASSED [ 20%]
tests/unit/enums/test_enum_filter_type.py::TestEnumFilterType::test_enum_in_operator PASSED [ 20%]
tests/unit/enums/test_enum_filter_type.py::TestEnumFilterType::test_enum_hash_consistency PASSED [ 20%]
tests/unit/enums/test_enum_filter_type.py::TestEnumFilterType::test_enum_repr PASSED [ 20%]
tests/unit/enums/test_enum_filter_type.py::TestEnumFilterType::test_enum_with_pydantic_compatibility PASSED [ 20%]
tests/unit/enums/test_enum_filter_type.py::TestEnumFilterType::test_filter_type_semantic_grouping PASSED [ 20%]
tests/unit/enums/test_enum_filter_type.py::TestEnumFilterType::test_enum_case_sensitivity PASSED [ 20%]
tests/unit/enums/test_enum_filter_type.py::TestEnumFilterType::test_enum_serialization_json_compatible PASSED [ 20%]
tests/unit/enums/test_enum_filter_type.py::TestEnumFilterTypeEdgeCases::test_enum_with_none_value PASSED [ 20%]
tests/unit/enums/test_enum_filter_type.py::TestEnumFilterTypeEdgeCases::test_enum_with_empty_string PASSED [ 20%]
tests/unit/enums/test_enum_filter_type.py::TestEnumFilterTypeEdgeCases::test_enum_with_whitespace PASSED [ 20%]
tests/unit/enums/test_enum_filter_type.py::TestEnumFilterTypeEdgeCases::test_enum_pickling PASSED [ 20%]
tests/unit/enums/test_enum_instance_type.py::TestEnumInstanceType::test_enum_values PASSED [ 20%]
tests/unit/enums/test_enum_instance_type.py::TestEnumInstanceType::test_string_conversion PASSED [ 20%]
tests/unit/enums/test_enum_instance_type.py::TestEnumInstanceType::test_is_aws_instance PASSED [ 20%]
tests/unit/enums/test_enum_instance_type.py::TestEnumInstanceType::test_is_azure_instance PASSED [ 20%]
tests/unit/enums/test_enum_instance_type.py::TestEnumInstanceType::test_is_gcp_instance PASSED [ 20%]
tests/unit/enums/test_enum_instance_type.py::TestEnumInstanceType::test_is_database_instance PASSED [ 20%]
tests/unit/enums/test_enum_instance_type.py::TestEnumInstanceType::test_is_container_instance PASSED [ 20%]
tests/unit/enums/test_enum_instance_type.py::TestEnumInstanceType::test_get_size_category PASSED [ 20%]
tests/unit/enums/test_enum_instance_type.py::TestEnumInstanceType::test_enum_creation_from_string PASSED [ 20%]
tests/unit/enums/test_enum_instance_type.py::TestEnumInstanceType::test_enum_creation_invalid_string PASSED [ 20%]
tests/unit/enums/test_enum_instance_type.py::TestEnumInstanceType::test_enum_equality PASSED [ 20%]
tests/unit/enums/test_enum_instance_type.py::TestEnumInstanceType::test_enum_in_collections PASSED [ 20%]
tests/unit/enums/test_enum_instance_type.py::TestEnumInstanceType::test_comprehensive_coverage PASSED [ 20%]
tests/unit/enums/test_enum_item_type.py::TestEnumItemType::test_enum_values_exist PASSED [ 21%]
tests/unit/enums/test_enum_item_type.py::TestEnumItemType::test_enum_string_values PASSED [ 21%]
tests/unit/enums/test_enum_item_type.py::TestEnumItemType::test_enum_string_behavior PASSED [ 21%]
tests/unit/enums/test_enum_item_type.py::TestEnumItemType::test_enum_creation_from_string PASSED [ 21%]
tests/unit/enums/test_enum_item_type.py::TestEnumItemType::test_enum_creation_from_invalid_string PASSED [ 21%]
tests/unit/enums/test_enum_item_type.py::TestEnumItemType::test_is_content_type PASSED [ 21%]
tests/unit/enums/test_enum_item_type.py::TestEnumItemType::test_is_code_type PASSED [ 21%]
tests/unit/enums/test_enum_item_type.py::TestEnumItemType::test_is_config_type PASSED [ 21%]
tests/unit/enums/test_enum_item_type.py::TestEnumItemType::test_is_system_type PASSED [ 21%]
tests/unit/enums/test_enum_item_type.py::TestEnumItemType::test_enum_uniqueness PASSED [ 21%]
tests/unit/enums/test_enum_item_type.py::TestEnumItemType::test_enum_coverage PASSED [ 21%]
tests/unit/enums/test_enum_item_type.py::TestEnumItemType::test_enum_consistency_with_helpers PASSED [ 21%]
tests/unit/enums/test_enum_metadata_node_type.py::TestEnumMetadataNodeType::test_enum_values PASSED [ 21%]
tests/unit/enums/test_enum_metadata_node_type.py::TestEnumMetadataNodeType::test_string_inheritance PASSED [ 21%]
tests/unit/enums/test_enum_metadata_node_type.py::TestEnumMetadataNodeType::test_string_representation PASSED [ 21%]
tests/unit/enums/test_enum_metadata_node_type.py::TestEnumMetadataNodeType::test_enum_equality PASSED [ 21%]
tests/unit/enums/test_enum_metadata_node_type.py::TestEnumMetadataNodeType::test_enum_membership PASSED [ 21%]
tests/unit/enums/test_enum_metadata_node_type.py::TestEnumMetadataNodeType::test_enum_iteration PASSED [ 21%]
tests/unit/enums/test_enum_metadata_node_type.py::TestEnumMetadataNodeType::test_json_serialization PASSED [ 21%]
tests/unit/enums/test_enum_metadata_node_type.py::TestEnumMetadataNodeType::test_pydantic_integration PASSED [ 21%]
tests/unit/enums/test_enum_metadata_node_type.py::TestEnumMetadataNodeType::test_pydantic_serialization PASSED [ 21%]
tests/unit/enums/test_enum_metadata_node_type.py::TestEnumMetadataNodeType::test_edge_cases PASSED [ 21%]
tests/unit/enums/test_enum_metadata_node_type.py::TestEnumMetadataNodeType::test_code_node_types PASSED [ 21%]
tests/unit/enums/test_enum_metadata_node_type.py::TestEnumMetadataNodeType::test_data_node_types PASSED [ 21%]
tests/unit/enums/test_enum_metadata_node_type.py::TestEnumMetadataNodeType::test_documentation_node_types PASSED [ 21%]
tests/unit/enums/test_enum_metric_data_type.py::TestEnumMetricDataType::test_enum_values PASSED [ 21%]
tests/unit/enums/test_enum_metric_data_type.py::TestEnumMetricDataType::test_enum_string_values PASSED [ 21%]
tests/unit/enums/test_enum_metric_data_type.py::TestEnumMetricDataType::test_enum_iteration PASSED [ 21%]
tests/unit/enums/test_enum_metric_data_type.py::TestEnumMetricDataType::test_enum_membership PASSED [ 21%]
tests/unit/enums/test_enum_metrics_category.py::TestEnumMetricsCategory::test_enum_values PASSED [ 21%]
tests/unit/enums/test_enum_metrics_category.py::TestEnumMetricsCategory::test_enum_string_values PASSED [ 21%]
tests/unit/enums/test_enum_metrics_category.py::TestEnumMetricsCategory::test_enum_iteration PASSED [ 21%]
tests/unit/enums/test_enum_metrics_category.py::TestEnumMetricsCategory::test_enum_membership PASSED [ 21%]
tests/unit/enums/test_enum_node_type.py::TestEnumNodeType::test_enum_values PASSED [ 21%]
tests/unit/enums/test_enum_node_type.py::TestEnumNodeType::test_string_inheritance PASSED [ 21%]
tests/unit/enums/test_enum_node_type.py::TestEnumNodeType::test_is_processing_node PASSED [ 21%]
tests/unit/enums/test_enum_node_type.py::TestEnumNodeType::test_is_control_node PASSED [ 21%]
tests/unit/enums/test_enum_node_type.py::TestEnumNodeType::test_is_output_node PASSED [ 21%]
tests/unit/enums/test_enum_node_type.py::TestEnumNodeType::test_get_node_category PASSED [ 21%]
tests/unit/enums/test_enum_node_type.py::TestEnumNodeType::test_str_representation PASSED [ 21%]
tests/unit/enums/test_enum_numeric_type.py::TestEnumNumericType::test_enum_values PASSED [ 21%]
tests/unit/enums/test_enum_numeric_type.py::TestEnumNumericType::test_string_inheritance PASSED [ 21%]
tests/unit/enums/test_enum_numeric_type.py::TestEnumNumericType::test_string_representation PASSED [ 21%]
tests/unit/enums/test_enum_numeric_type.py::TestEnumNumericType::test_enum_equality PASSED [ 22%]
tests/unit/enums/test_enum_numeric_type.py::TestEnumNumericType::test_enum_membership PASSED [ 22%]
tests/unit/enums/test_enum_numeric_type.py::TestEnumNumericType::test_enum_iteration PASSED [ 22%]
tests/unit/enums/test_enum_numeric_type.py::TestEnumNumericType::test_json_serialization PASSED [ 22%]
tests/unit/enums/test_enum_numeric_type.py::TestEnumNumericType::test_pydantic_integration PASSED [ 22%]
tests/unit/enums/test_enum_numeric_type.py::TestEnumNumericType::test_pydantic_serialization PASSED [ 22%]
tests/unit/enums/test_enum_numeric_type.py::TestEnumNumericType::test_edge_cases PASSED [ 22%]
tests/unit/enums/test_enum_numeric_type.py::TestEnumNumericType::test_numeric_type_semantics PASSED [ 22%]
tests/unit/enums/test_enum_numeric_type.py::TestEnumNumericType::test_all_values_unique PASSED [ 22%]
tests/unit/enums/test_enum_numeric_type.py::TestEnumNumericType::test_enum_names_uppercase PASSED [ 22%]
tests/unit/enums/test_enum_numeric_type.py::TestEnumNumericType::test_enum_values_lowercase PASSED [ 22%]
tests/unit/enums/test_enum_parameter_type.py::TestEnumParameterType::test_enum_values PASSED [ 22%]
tests/unit/enums/test_enum_parameter_type.py::TestEnumParameterType::test_string_inheritance PASSED [ 22%]
tests/unit/enums/test_enum_parameter_type.py::TestEnumParameterType::test_is_primitive PASSED [ 22%]
tests/unit/enums/test_enum_parameter_type.py::TestEnumParameterType::test_is_complex PASSED [ 22%]
tests/unit/enums/test_enum_parameter_type.py::TestEnumParameterType::test_is_numeric PASSED [ 22%]
tests/unit/enums/test_enum_parameter_type.py::TestEnumParameterType::test_is_structured PASSED [ 22%]
tests/unit/enums/test_enum_parameter_type.py::TestEnumParameterType::test_requires_validation PASSED [ 22%]
tests/unit/enums/test_enum_parameter_type.py::TestEnumParameterType::test_get_python_type PASSED [ 22%]
tests/unit/enums/test_enum_parameter_type.py::TestEnumParameterType::test_supports_null PASSED [ 22%]
tests/unit/enums/test_enum_parameter_type.py::TestEnumParameterType::test_str_representation PASSED [ 22%]
tests/unit/enums/test_enum_registry_status.py::TestEnumRegistryStatus::test_enum_inherits_from_str_and_enum PASSED [ 22%]
tests/unit/enums/test_enum_registry_status.py::TestEnumRegistryStatus::test_enum_values_exist PASSED [ 22%]
tests/unit/enums/test_enum_registry_status.py::TestEnumRegistryStatus::test_enum_string_values PASSED [ 22%]
tests/unit/enums/test_enum_registry_status.py::TestEnumRegistryStatus::test_enum_can_be_created_from_string PASSED [ 22%]
tests/unit/enums/test_enum_registry_status.py::TestEnumRegistryStatus::test_enum_string_comparison PASSED [ 22%]
tests/unit/enums/test_enum_registry_status.py::TestEnumRegistryStatus::test_enum_member_count PASSED [ 22%]
tests/unit/enums/test_enum_registry_status.py::TestEnumRegistryStatus::test_enum_member_uniqueness PASSED [ 22%]
tests/unit/enums/test_enum_registry_status.py::TestEnumRegistryStatus::test_enum_iteration PASSED [ 22%]
tests/unit/enums/test_enum_registry_status.py::TestEnumRegistryStatus::test_invalid_enum_value_raises_error PASSED [ 22%]
tests/unit/enums/test_enum_registry_status.py::TestEnumRegistryStatus::test_enum_in_operator PASSED [ 22%]
tests/unit/enums/test_enum_registry_status.py::TestEnumRegistryStatus::test_enum_hash_consistency PASSED [ 22%]
tests/unit/enums/test_enum_registry_status.py::TestEnumRegistryStatus::test_enum_repr PASSED [ 22%]
tests/unit/enums/test_enum_registry_status.py::TestEnumRegistryStatus::test_enum_with_pydantic_compatibility PASSED [ 22%]
tests/unit/enums/test_enum_registry_status.py::TestEnumRegistryStatus::test_registry_status_semantic_grouping PASSED [ 22%]
tests/unit/enums/test_enum_registry_status.py::TestEnumRegistryStatus::test_status_severity_levels PASSED [ 22%]
tests/unit/enums/test_enum_registry_status.py::TestEnumRegistryStatus::test_enum_case_sensitivity PASSED [ 22%]
tests/unit/enums/test_enum_registry_status.py::TestEnumRegistryStatus::test_enum_serialization_json_compatible PASSED [ 22%]
tests/unit/enums/test_enum_registry_status.py::TestEnumRegistryStatusEdgeCases::test_enum_with_none_value PASSED [ 22%]
tests/unit/enums/test_enum_registry_status.py::TestEnumRegistryStatusEdgeCases::test_enum_with_empty_string PASSED [ 22%]
tests/unit/enums/test_enum_registry_status.py::TestEnumRegistryStatusEdgeCases::test_enum_with_whitespace PASSED [ 22%]
tests/unit/enums/test_enum_registry_status.py::TestEnumRegistryStatusEdgeCases::test_enum_pickling PASSED [ 22%]
tests/unit/enums/test_enum_retry_backoff_strategy.py::TestEnumRetryBackoffStrategy::test_enum_values PASSED [ 22%]
tests/unit/enums/test_enum_retry_backoff_strategy.py::TestEnumRetryBackoffStrategy::test_string_representation PASSED [ 22%]
tests/unit/enums/test_enum_retry_backoff_strategy.py::TestEnumRetryBackoffStrategy::test_enum_comparison PASSED [ 23%]
tests/unit/enums/test_enum_retry_backoff_strategy.py::TestEnumRetryBackoffStrategy::test_enum_membership PASSED [ 23%]
tests/unit/enums/test_enum_retry_backoff_strategy.py::TestEnumRetryBackoffStrategy::test_enum_iteration PASSED [ 23%]
tests/unit/enums/test_enum_retry_backoff_strategy.py::TestEnumRetryBackoffStrategy::test_json_serialization PASSED [ 23%]
tests/unit/enums/test_enum_retry_backoff_strategy.py::TestEnumRetryBackoffStrategy::test_pydantic_model_integration PASSED [ 23%]
tests/unit/enums/test_enum_retry_backoff_strategy.py::TestEnumRetryBackoffStrategy::test_pydantic_serialization PASSED [ 23%]
tests/unit/enums/test_enum_retry_backoff_strategy.py::TestEnumRetryBackoffStrategy::test_enum_uniqueness PASSED [ 23%]
tests/unit/enums/test_enum_retry_backoff_strategy.py::TestEnumRetryBackoffStrategy::test_enum_value_access PASSED [ 23%]
tests/unit/enums/test_enum_retry_backoff_strategy.py::TestEnumRetryBackoffStrategy::test_enum_name_access PASSED [ 23%]
tests/unit/enums/test_enum_retry_backoff_strategy.py::TestEnumRetryBackoffStrategy::test_string_coercion PASSED [ 23%]
tests/unit/enums/test_enum_retry_backoff_strategy.py::TestEnumRetryBackoffStrategy::test_enum_hashing PASSED [ 23%]
tests/unit/enums/test_enum_retry_backoff_strategy.py::TestEnumRetryBackoffStrategy::test_enum_repr PASSED [ 23%]
tests/unit/enums/test_enum_retry_backoff_strategy.py::TestEnumRetryBackoffStrategyEdgeCases::test_case_sensitivity PASSED [ 23%]
tests/unit/enums/test_enum_retry_backoff_strategy.py::TestEnumRetryBackoffStrategyEdgeCases::test_whitespace_handling PASSED [ 23%]
tests/unit/enums/test_enum_retry_backoff_strategy.py::TestEnumRetryBackoffStrategyEdgeCases::test_empty_string PASSED [ 23%]
tests/unit/enums/test_enum_retry_backoff_strategy.py::TestEnumRetryBackoffStrategyEdgeCases::test_none_value PASSED [ 23%]
tests/unit/enums/test_enum_return_type.py::TestEnumReturnType::test_enum_values PASSED [ 23%]
tests/unit/enums/test_enum_return_type.py::TestEnumReturnType::test_string_inheritance PASSED [ 23%]
tests/unit/enums/test_enum_return_type.py::TestEnumReturnType::test_is_structured_data PASSED [ 23%]
tests/unit/enums/test_enum_return_type.py::TestEnumReturnType::test_is_file_based PASSED [ 23%]
tests/unit/enums/test_enum_return_type.py::TestEnumReturnType::test_is_text_based PASSED [ 23%]
tests/unit/enums/test_enum_return_type.py::TestEnumReturnType::test_requires_serialization PASSED [ 23%]
tests/unit/enums/test_enum_return_type.py::TestEnumReturnType::test_get_mime_type PASSED [ 23%]
tests/unit/enums/test_enum_return_type.py::TestEnumReturnType::test_str_representation PASSED [ 23%]
tests/unit/enums/test_enum_scenario_status.py::TestEnumScenarioStatus::test_enum_inherits_from_str_and_enum PASSED [ 23%]
tests/unit/enums/test_enum_scenario_status.py::TestEnumScenarioStatus::test_enum_values_exist PASSED [ 23%]
tests/unit/enums/test_enum_scenario_status.py::TestEnumScenarioStatus::test_enum_string_values PASSED [ 23%]
tests/unit/enums/test_enum_scenario_status.py::TestEnumScenarioStatus::test_enum_can_be_created_from_string PASSED [ 23%]
tests/unit/enums/test_enum_scenario_status.py::TestEnumScenarioStatus::test_enum_string_comparison PASSED [ 23%]
tests/unit/enums/test_enum_scenario_status.py::TestEnumScenarioStatus::test_enum_member_count PASSED [ 23%]
tests/unit/enums/test_enum_scenario_status.py::TestEnumScenarioStatus::test_enum_member_uniqueness PASSED [ 23%]
tests/unit/enums/test_enum_scenario_status.py::TestEnumScenarioStatus::test_enum_iteration PASSED [ 23%]
tests/unit/enums/test_enum_scenario_status.py::TestEnumScenarioStatus::test_invalid_enum_value_raises_error PASSED [ 23%]
tests/unit/enums/test_enum_scenario_status.py::TestEnumScenarioStatus::test_enum_in_operator PASSED [ 23%]
tests/unit/enums/test_enum_scenario_status.py::TestEnumScenarioStatus::test_enum_hash_consistency PASSED [ 23%]
tests/unit/enums/test_enum_scenario_status.py::TestEnumScenarioStatus::test_enum_repr PASSED [ 23%]
tests/unit/enums/test_enum_scenario_status.py::TestEnumScenarioStatus::test_enum_with_pydantic_compatibility PASSED [ 23%]
tests/unit/enums/test_enum_scenario_status.py::TestEnumScenarioStatus::test_scenario_status_lifecycle_grouping PASSED [ 23%]
tests/unit/enums/test_enum_scenario_status.py::TestEnumScenarioStatus::test_scenario_status_execution_outcomes PASSED [ 23%]
tests/unit/enums/test_enum_scenario_status.py::TestEnumScenarioStatus::test_is_final_state_logic PASSED [ 23%]
tests/unit/enums/test_enum_scenario_status.py::TestEnumScenarioStatus::test_enum_case_sensitivity PASSED [ 23%]
tests/unit/enums/test_enum_scenario_status.py::TestEnumScenarioStatus::test_enum_serialization_json_compatible PASSED [ 23%]
tests/unit/enums/test_enum_scenario_status.py::TestEnumScenarioStatusEdgeCases::test_enum_with_none_value PASSED [ 23%]
tests/unit/enums/test_enum_scenario_status.py::TestEnumScenarioStatusEdgeCases::test_enum_with_empty_string PASSED [ 24%]
tests/unit/enums/test_enum_scenario_status.py::TestEnumScenarioStatusEdgeCases::test_enum_with_whitespace PASSED [ 24%]
tests/unit/enums/test_enum_scenario_status.py::TestEnumScenarioStatusEdgeCases::test_enum_pickling PASSED [ 24%]
tests/unit/enums/test_enum_scenario_status.py::TestEnumScenarioStatusEdgeCases::test_enum_workflow_transitions PASSED [ 24%]
tests/unit/enums/test_enum_severity_level.py::TestEnumSeverityLevel::test_enum_values PASSED [ 24%]
tests/unit/enums/test_enum_severity_level.py::TestEnumSeverityLevel::test_string_representation PASSED [ 24%]
tests/unit/enums/test_enum_severity_level.py::TestEnumSeverityLevel::test_from_string_direct_mapping PASSED [ 24%]
tests/unit/enums/test_enum_severity_level.py::TestEnumSeverityLevel::test_from_string_aliases PASSED [ 24%]
tests/unit/enums/test_enum_severity_level.py::TestEnumSeverityLevel::test_from_string_fallback PASSED [ 24%]
tests/unit/enums/test_enum_severity_level.py::TestEnumSeverityLevel::test_numeric_level_property PASSED [ 24%]
tests/unit/enums/test_enum_severity_level.py::TestEnumSeverityLevel::test_numeric_level_ordering PASSED [ 24%]
tests/unit/enums/test_enum_severity_level.py::TestEnumSeverityLevel::test_is_error_level PASSED [ 24%]
tests/unit/enums/test_enum_severity_level.py::TestEnumSeverityLevel::test_is_warning_level PASSED [ 24%]
tests/unit/enums/test_enum_severity_level.py::TestEnumSeverityLevel::test_is_info_level PASSED [ 24%]
tests/unit/enums/test_enum_severity_level.py::TestEnumSeverityLevel::test_level_categorization_consistency PASSED [ 24%]
tests/unit/enums/test_enum_severity_level.py::TestEnumSeverityLevel::test_enum_equality PASSED [ 24%]
tests/unit/enums/test_enum_severity_level.py::TestEnumSeverityLevel::test_enum_membership PASSED [ 24%]
tests/unit/enums/test_enum_severity_level.py::TestEnumSeverityLevel::test_enum_iteration PASSED [ 24%]
tests/unit/enums/test_enum_severity_level.py::TestEnumSeverityLevel::test_json_serialization PASSED [ 24%]
tests/unit/enums/test_enum_severity_level.py::TestEnumSeverityLevel::test_pydantic_integration PASSED [ 24%]
tests/unit/enums/test_enum_severity_level.py::TestEnumSeverityLevel::test_pydantic_serialization PASSED [ 24%]
tests/unit/enums/test_enum_severity_level.py::TestEnumSeverityLevel::test_edge_cases PASSED [ 24%]
tests/unit/enums/test_enum_severity_level.py::TestEnumSeverityLevel::test_rfc5424_compliance PASSED [ 24%]
tests/unit/enums/test_enum_severity_level.py::TestEnumSeverityLevel::test_level_comparison_scenarios PASSED [ 24%]
tests/unit/enums/test_enum_severity_level.py::TestEnumSeverityLevel::test_yaml_serialization_compatibility PASSED [ 24%]
tests/unit/enums/test_enum_status.py::TestEnumStatus::test_enum_values PASSED [ 24%]
tests/unit/enums/test_enum_status.py::TestEnumStatus::test_string_representation PASSED [ 24%]
tests/unit/enums/test_enum_status.py::TestEnumStatus::test_is_active_state PASSED [ 24%]
tests/unit/enums/test_enum_status.py::TestEnumStatus::test_is_terminal_state PASSED [ 24%]
tests/unit/enums/test_enum_status.py::TestEnumStatus::test_is_error_state PASSED [ 24%]
tests/unit/enums/test_enum_status.py::TestEnumStatus::test_is_pending_state PASSED [ 24%]
tests/unit/enums/test_enum_status.py::TestEnumStatus::test_enum_equality PASSED [ 24%]
tests/unit/enums/test_enum_status.py::TestEnumStatus::test_enum_membership PASSED [ 24%]
tests/unit/enums/test_enum_status.py::TestEnumStatus::test_enum_iteration PASSED [ 24%]
tests/unit/enums/test_enum_status.py::TestEnumStatus::test_json_serialization PASSED [ 24%]
tests/unit/enums/test_enum_status.py::TestEnumStatus::test_pydantic_integration PASSED [ 24%]
tests/unit/enums/test_enum_status.py::TestEnumStatus::test_pydantic_serialization PASSED [ 24%]
tests/unit/enums/test_enum_status.py::TestEnumStatus::test_state_categorization_logic PASSED [ 24%]
tests/unit/enums/test_enum_status.py::TestEnumStatus::test_edge_cases PASSED [ 24%]
tests/unit/enums/test_enum_status.py::TestEnumStatus::test_comprehensive_state_transitions PASSED [ 24%]
tests/unit/enums/test_enum_status.py::TestEnumStatus::test_yaml_serialization_compatibility PASSED [ 24%]
tests/unit/enums/test_enum_status_message.py::TestEnumStatusMessage::test_enum_values PASSED [ 24%]
tests/unit/enums/test_enum_status_message.py::TestEnumStatusMessage::test_enum_string_values PASSED [ 24%]
tests/unit/enums/test_enum_status_message.py::TestEnumStatusMessage::test_enum_iteration PASSED [ 24%]
tests/unit/enums/test_enum_status_message.py::TestEnumStatusMessage::test_enum_membership PASSED [ 25%]
tests/unit/enums/test_enum_type_name.py::TestEnumTypeName::test_enum_values PASSED [ 25%]
tests/unit/enums/test_enum_type_name.py::TestEnumTypeName::test_string_representation PASSED [ 25%]
tests/unit/enums/test_enum_type_name.py::TestEnumTypeName::test_is_generation_node PASSED [ 25%]
tests/unit/enums/test_enum_type_name.py::TestEnumTypeName::test_is_template_node PASSED [ 25%]
tests/unit/enums/test_enum_type_name.py::TestEnumTypeName::test_is_validation_node PASSED [ 25%]
tests/unit/enums/test_enum_type_name.py::TestEnumTypeName::test_is_cli_node PASSED [ 25%]
tests/unit/enums/test_enum_type_name.py::TestEnumTypeName::test_is_discovery_node PASSED [ 25%]
tests/unit/enums/test_enum_type_name.py::TestEnumTypeName::test_is_schema_node PASSED [ 25%]
tests/unit/enums/test_enum_type_name.py::TestEnumTypeName::test_is_runtime_node PASSED [ 25%]
tests/unit/enums/test_enum_type_name.py::TestEnumTypeName::test_enum_comparison PASSED [ 25%]
tests/unit/enums/test_enum_type_name.py::TestEnumTypeName::test_enum_membership PASSED [ 25%]
tests/unit/enums/test_enum_type_name.py::TestEnumTypeName::test_enum_iteration PASSED [ 25%]
tests/unit/enums/test_enum_type_name.py::TestEnumTypeName::test_json_serialization PASSED [ 25%]
tests/unit/enums/test_enum_type_name.py::TestEnumTypeName::test_pydantic_model_integration PASSED [ 25%]
tests/unit/enums/test_enum_type_name.py::TestEnumTypeName::test_enum_uniqueness PASSED [ 25%]
tests/unit/enums/test_enum_type_name.py::TestEnumTypeName::test_node_categorization_mutually_exclusive PASSED [ 25%]
tests/unit/enums/test_enum_type_name.py::TestEnumTypeNameEdgeCases::test_case_sensitivity PASSED [ 25%]
tests/unit/enums/test_enum_type_name.py::TestEnumTypeNameEdgeCases::test_whitespace_handling PASSED [ 25%]
tests/unit/enums/test_enum_type_name.py::TestEnumTypeNameEdgeCases::test_all_nodes_have_category PASSED [ 25%]
tests/unit/enums/test_enum_validation_severity.py::TestEnumValidationSeverity::test_enum_values PASSED [ 25%]
tests/unit/enums/test_enum_validation_severity.py::TestEnumValidationSeverity::test_string_inheritance PASSED [ 25%]
tests/unit/enums/test_enum_validation_severity.py::TestEnumValidationSeverity::test_string_representation PASSED [ 25%]
tests/unit/enums/test_enum_validation_severity.py::TestEnumValidationSeverity::test_enum_equality PASSED [ 25%]
tests/unit/enums/test_enum_validation_severity.py::TestEnumValidationSeverity::test_enum_membership PASSED [ 25%]
tests/unit/enums/test_enum_validation_severity.py::TestEnumValidationSeverity::test_enum_iteration PASSED [ 25%]
tests/unit/enums/test_enum_validation_severity.py::TestEnumValidationSeverity::test_json_serialization PASSED [ 25%]
tests/unit/enums/test_enum_validation_severity.py::TestEnumValidationSeverity::test_pydantic_integration PASSED [ 25%]
tests/unit/enums/test_enum_validation_severity.py::TestEnumValidationSeverity::test_pydantic_serialization PASSED [ 25%]
tests/unit/enums/test_enum_validation_severity.py::TestEnumValidationSeverity::test_edge_cases PASSED [ 25%]
tests/unit/enums/test_enum_validation_severity.py::TestEnumValidationSeverity::test_severity_ordering PASSED [ 25%]
tests/unit/enums/test_enum_validation_severity.py::TestEnumValidationSeverity::test_severity_semantics PASSED [ 25%]
tests/unit/enums/test_enum_validation_severity.py::TestEnumValidationSeverity::test_all_values_unique PASSED [ 25%]
tests/unit/enums/test_enum_validation_severity.py::TestEnumValidationSeverity::test_enum_names_uppercase PASSED [ 25%]
tests/unit/enums/test_enum_validation_severity.py::TestEnumValidationSeverity::test_enum_values_lowercase PASSED [ 25%]
tests/unit/enums/test_enum_validation_severity.py::TestEnumValidationSeverity::test_error_levels PASSED [ 25%]
tests/unit/enums/test_unified_status_hierarchy.py::TestBaseStatus::test_base_status_values PASSED [ 25%]
tests/unit/enums/test_unified_status_hierarchy.py::TestBaseStatus::test_base_status_methods PASSED [ 25%]
tests/unit/enums/test_unified_status_hierarchy.py::TestExecutionStatusV2::test_execution_status_inheritance PASSED [ 25%]
tests/unit/enums/test_unified_status_hierarchy.py::TestExecutionStatusV2::test_execution_specific_values PASSED [ 25%]
tests/unit/enums/test_unified_status_hierarchy.py::TestExecutionStatusV2::test_base_status_conversion PASSED [ 25%]
tests/unit/enums/test_unified_status_hierarchy.py::TestExecutionStatusV2::test_execution_status_methods PASSED [ 25%]
tests/unit/enums/test_unified_status_hierarchy.py::TestExecutionStatusV2::test_backward_compatibility PASSED [ 25%]
tests/unit/enums/test_unified_status_hierarchy.py::TestFunctionLifecycleStatus::test_lifecycle_status_values PASSED [ 26%]
tests/unit/enums/test_unified_status_hierarchy.py::TestFunctionLifecycleStatus::test_lifecycle_status_methods PASSED [ 26%]
tests/unit/enums/test_unified_status_hierarchy.py::TestFunctionLifecycleStatus::test_base_status_conversion PASSED [ 26%]
tests/unit/enums/test_unified_status_hierarchy.py::TestFunctionLifecycleStatus::test_backward_compatibility_aliases PASSED [ 26%]
tests/unit/enums/test_unified_status_hierarchy.py::TestGeneralStatus::test_general_status_comprehensive PASSED [ 26%]
tests/unit/enums/test_unified_status_hierarchy.py::TestGeneralStatus::test_general_status_categorization PASSED [ 26%]
tests/unit/enums/test_unified_status_hierarchy.py::TestGeneralStatus::test_backward_compatibility PASSED [ 26%]
tests/unit/enums/test_unified_status_hierarchy.py::TestStatusMigration::test_migration_validation PASSED [ 26%]
tests/unit/enums/test_unified_status_hierarchy.py::TestStatusMigration::test_migration_validator PASSED [ 26%]
tests/unit/enums/test_unified_status_hierarchy.py::TestStatusMigration::test_migration_report PASSED [ 26%]
tests/unit/enums/test_unified_status_hierarchy.py::TestCrossEnumCompatibility::test_base_status_universal_operations PASSED [ 26%]
tests/unit/enums/test_unified_status_hierarchy.py::TestCrossEnumCompatibility::test_cross_domain_status_comparison PASSED [ 26%]
tests/unit/enums/test_unified_status_hierarchy.py::TestCrossEnumCompatibility::test_no_value_conflicts_in_hierarchy PASSED [ 26%]
tests/unit/errors/test_error_codes.py::TestCLIExitCode::test_cli_exit_code_values PASSED [ 26%]
tests/unit/errors/test_error_codes.py::TestCLIExitCode::test_cli_exit_code_is_int PASSED [ 26%]
tests/unit/errors/test_error_codes.py::TestStatusToExitCodeMapping::test_status_to_exit_code_completeness PASSED [ 26%]
tests/unit/errors/test_error_codes.py::TestStatusToExitCodeMapping::test_status_mapping_correctness PASSED [ 26%]
tests/unit/errors/test_error_codes.py::TestStatusToExitCodeMapping::test_get_exit_code_for_status_function PASSED [ 26%]
tests/unit/errors/test_error_codes.py::TestOnexErrorCodeBase::test_onex_error_code_abstract_methods PASSED [ 26%]
tests/unit/errors/test_error_codes.py::TestOnexErrorCodeBase::test_onex_error_code_default_exit_code PASSED [ 26%]
tests/unit/errors/test_error_codes.py::TestCoreErrorCode::test_core_error_code_values PASSED [ 26%]
tests/unit/errors/test_error_codes.py::TestCoreErrorCode::test_core_error_code_get_component PASSED [ 26%]
tests/unit/errors/test_error_codes.py::TestCoreErrorCode::test_core_error_code_get_number PASSED [ 26%]
tests/unit/errors/test_error_codes.py::TestCoreErrorCode::test_core_error_code_get_description PASSED [ 26%]
tests/unit/errors/test_error_codes.py::TestCoreErrorCode::test_core_error_code_get_exit_code PASSED [ 26%]
tests/unit/errors/test_error_codes.py::TestCoreErrorDescriptions::test_error_description_contains_keywords[ONEX_CORE_001_INVALID_PARAMETER-expected_keywords0] PASSED [ 26%]
tests/unit/errors/test_error_codes.py::TestCoreErrorDescriptions::test_error_description_contains_keywords[ONEX_CORE_021_FILE_NOT_FOUND-expected_keywords1] PASSED [ 26%]
tests/unit/errors/test_error_codes.py::TestCoreErrorDescriptions::test_error_description_contains_keywords[ONEX_CORE_025_PERMISSION_DENIED-expected_keywords2] PASSED [ 26%]
tests/unit/errors/test_error_codes.py::TestCoreErrorDescriptions::test_error_description_contains_keywords[ONEX_CORE_082_TIMEOUT_EXCEEDED-expected_keywords3] PASSED [ 26%]
tests/unit/errors/test_error_codes.py::TestCoreErrorDescriptions::test_error_description_contains_keywords[ONEX_CORE_005_VALIDATION_FAILED-expected_keywords4] PASSED [ 26%]
tests/unit/errors/test_error_codes.py::TestModelOnexError::test_model_onex_error_creation PASSED [ 26%]
tests/unit/errors/test_error_codes.py::TestModelOnexError::test_model_onex_error_with_correlation_id PASSED [ 26%]
tests/unit/errors/test_error_codes.py::TestModelOnexError::test_model_onex_error_with_context FAILED [ 26%]
tests/unit/errors/test_error_codes.py::TestOnexError::test_onex_error_creation_basic PASSED [ 26%]
tests/unit/errors/test_error_codes.py::TestOnexError::test_onex_error_auto_generates_correlation_id PASSED [ 26%]
tests/unit/errors/test_error_codes.py::TestOnexError::test_onex_error_preserves_provided_correlation_id PASSED [ 26%]
tests/unit/errors/test_error_codes.py::TestOnexError::test_onex_error_with_correlation_id_factory PASSED [ 26%]
tests/unit/errors/test_error_codes.py::TestOnexError::test_onex_error_with_new_correlation_id_factory FAILED [ 26%]
tests/unit/errors/test_error_codes.py::TestOnexError::test_onex_error_is_exception PASSED [ 26%]
tests/unit/errors/test_error_codes.py::TestOnexError::test_onex_error_can_be_raised PASSED [ 26%]
tests/unit/errors/test_error_codes.py::TestOnexError::test_onex_error_string_representation PASSED [ 26%]
tests/unit/errors/test_error_codes.py::TestOnexError::test_onex_error_get_exit_code PASSED [ 26%]
tests/unit/errors/test_error_codes.py::TestOnexError::test_onex_error_model_dump PASSED [ 26%]
tests/unit/errors/test_error_codes.py::TestOnexError::test_onex_error_model_dump_json PASSED [ 26%]
tests/unit/errors/test_error_codes.py::TestOnexError::test_onex_error_context_handling PASSED [ 27%]
tests/unit/errors/test_error_codes.py::TestCLIAdapter::test_cli_adapter_exit_with_status_success FAILED [ 27%]
tests/unit/errors/test_error_codes.py::TestCLIAdapter::test_cli_adapter_exit_with_error FAILED [ 27%]
tests/unit/errors/test_error_codes.py::TestErrorCodeRegistry::test_register_error_codes PASSED [ 27%]
tests/unit/errors/test_error_codes.py::TestErrorCodeRegistry::test_get_error_codes_for_unregistered_component PASSED [ 27%]
tests/unit/errors/test_error_codes.py::TestErrorCodeRegistry::test_list_registered_components PASSED [ 27%]
tests/unit/errors/test_error_codes.py::TestRegistryErrorCode::test_registry_error_code_values PASSED [ 27%]
tests/unit/errors/test_error_codes.py::TestRegistryErrorCode::test_registry_error_code_get_component PASSED [ 27%]
tests/unit/errors/test_error_codes.py::TestRegistryErrorCode::test_registry_error_code_get_description PASSED [ 27%]
tests/unit/errors/test_error_codes.py::TestRegistryErrorCode::test_registry_error_code_get_exit_code PASSED [ 27%]
tests/unit/errors/test_error_codes.py::TestOnexErrorEdgeCases::test_onex_error_with_empty_message PASSED [ 27%]
tests/unit/errors/test_error_codes.py::TestOnexErrorEdgeCases::test_onex_error_with_none_error_code PASSED [ 27%]
tests/unit/errors/test_error_codes.py::TestOnexErrorEdgeCases::test_onex_error_with_custom_status PASSED [ 27%]
tests/unit/errors/test_error_codes.py::TestOnexErrorEdgeCases::test_onex_error_timestamp_auto_generated PASSED [ 27%]
tests/unit/errors/test_error_codes.py::TestGetExitCodeForCoreError::test_get_exit_code_for_various_errors PASSED [ 27%]
tests/unit/errors/test_error_codes.py::TestGetExitCodeForCoreError::test_get_exit_code_for_unknown_error_defaults_to_error PASSED [ 27%]
tests/unit/exceptions/test_onex_error.py::TestModelOnexErrorBasicBehavior::test_onex_error_with_minimal_args PASSED [ 27%]
tests/unit/exceptions/test_onex_error.py::TestModelOnexErrorBasicBehavior::test_onex_error_with_all_args PASSED [ 27%]
tests/unit/exceptions/test_onex_error.py::TestModelOnexErrorBasicBehavior::test_onex_error_is_exception PASSED [ 27%]
tests/unit/exceptions/test_onex_error.py::TestModelOnexErrorBasicBehavior::test_onex_error_can_be_raised PASSED [ 27%]
tests/unit/exceptions/test_onex_error.py::TestModelOnexErrorCodes::test_onex_error_with_all_error_codes[ONEX_CORE_001_INVALID_PARAMETER-ONEX_CORE_001_INVALID_PARAMETER] PASSED [ 27%]
tests/unit/exceptions/test_onex_error.py::TestModelOnexErrorCodes::test_onex_error_with_all_error_codes[ONEX_CORE_005_VALIDATION_FAILED-ONEX_CORE_005_VALIDATION_FAILED] PASSED [ 27%]
tests/unit/exceptions/test_onex_error.py::TestModelOnexErrorCodes::test_onex_error_with_all_error_codes[ONEX_CORE_021_FILE_NOT_FOUND-ONEX_CORE_021_FILE_NOT_FOUND] PASSED [ 27%]
tests/unit/exceptions/test_onex_error.py::TestModelOnexErrorCodes::test_onex_error_with_all_error_codes[ONEX_CORE_041_INVALID_CONFIGURATION-ONEX_CORE_041_INVALID_CONFIGURATION] PASSED [ 27%]
tests/unit/exceptions/test_onex_error.py::TestModelOnexErrorCodes::test_onex_error_with_all_error_codes[ONEX_CORE_081_OPERATION_FAILED-ONEX_CORE_081_OPERATION_FAILED] PASSED [ 27%]
tests/unit/exceptions/test_onex_error.py::TestModelOnexErrorCodes::test_onex_error_with_all_error_codes[ONEX_CORE_082_TIMEOUT_EXCEEDED-ONEX_CORE_082_TIMEOUT_EXCEEDED] PASSED [ 27%]
tests/unit/exceptions/test_onex_error.py::TestModelOnexErrorCodes::test_onex_error_with_all_error_codes[ONEX_CORE_085_RESOURCE_NOT_FOUND-ONEX_CORE_085_RESOURCE_NOT_FOUND] PASSED [ 27%]
tests/unit/exceptions/test_onex_error.py::TestModelOnexErrorCodes::test_onex_error_with_all_error_codes[ONEX_CORE_086_INVALID_STATE-ONEX_CORE_086_INVALID_STATE] PASSED [ 27%]
tests/unit/exceptions/test_onex_error.py::TestModelOnexErrorCodes::test_onex_error_with_all_error_codes[ONEX_CORE_131_DATABASE_CONNECTION_ERROR-ONEX_CORE_131_DATABASE_CONNECTION_ERROR] PASSED [ 27%]
tests/unit/exceptions/test_onex_error.py::TestModelOnexErrorCodes::test_error_code_in_string_representation PASSED [ 27%]
tests/unit/exceptions/test_onex_error.py::TestModelOnexErrorContext::test_onex_error_with_empty_context PASSED [ 27%]
tests/unit/exceptions/test_onex_error.py::TestModelOnexErrorContext::test_onex_error_with_additional_context FAILED [ 27%]
tests/unit/exceptions/test_onex_error.py::TestModelOnexErrorContext::test_onex_error_with_full_context_fields FAILED [ 27%]
tests/unit/exceptions/test_onex_error.py::TestModelOnexErrorContext::test_onex_error_with_complex_context_values FAILED [ 27%]
tests/unit/exceptions/test_onex_error.py::TestModelOnexErrorContext::test_onex_error_default_context_creation PASSED [ 27%]
tests/unit/exceptions/test_onex_error.py::TestModelOnexErrorCauseChaining::test_onex_error_with_cause_exception PASSED [ 27%]
tests/unit/exceptions/test_onex_error.py::TestModelOnexErrorCauseChaining::test_onex_error_with_none_cause PASSED [ 27%]
tests/unit/exceptions/test_onex_error.py::TestModelOnexErrorCauseChaining::test_onex_error_chain_multiple_causes PASSED [ 27%]
tests/unit/exceptions/test_onex_error.py::TestModelOnexErrorCauseChaining::test_onex_error_with_different_exception_types PASSED [ 27%]
tests/unit/exceptions/test_onex_error.py::TestModelOnexErrorMessageFormatting::test_message_format_basic PASSED [ 27%]
tests/unit/exceptions/test_onex_error.py::TestModelOnexErrorMessageFormatting::test_message_format_with_single_context_item FAILED [ 27%]
tests/unit/exceptions/test_onex_error.py::TestModelOnexErrorMessageFormatting::test_message_format_with_multiple_context_items FAILED [ 27%]
tests/unit/exceptions/test_onex_error.py::TestModelOnexErrorMessageFormatting::test_message_format_with_special_characters PASSED [ 27%]
tests/unit/exceptions/test_onex_error.py::TestModelOnexErrorMessageFormatting::test_message_format_with_unicode PASSED [ 28%]
tests/unit/exceptions/test_onex_error.py::TestModelOnexErrorEdgeCases::test_empty_message PASSED [ 28%]
tests/unit/exceptions/test_onex_error.py::TestModelOnexErrorEdgeCases::test_very_long_message PASSED [ 28%]
tests/unit/exceptions/test_onex_error.py::TestModelOnexErrorEdgeCases::test_multiline_message PASSED [ 28%]
tests/unit/exceptions/test_onex_error.py::TestModelOnexErrorEdgeCases::test_onex_error_equality_not_implemented PASSED [ 28%]
tests/unit/exceptions/test_onex_error.py::TestModelOnexErrorEdgeCases::test_onex_error_attributes_immutable PASSED [ 28%]
tests/unit/exceptions/test_onex_error.py::TestModelOnexErrorIntegration::test_raise_and_catch_onex_error PASSED [ 28%]
tests/unit/exceptions/test_onex_error.py::TestModelOnexErrorIntegration::test_catch_and_rewrap_exception PASSED [ 28%]
tests/unit/exceptions/test_onex_error.py::TestModelOnexErrorIntegration::test_error_context_serialization FAILED [ 28%]
tests/unit/exceptions/test_onex_error.py::TestModelOnexErrorIntegration::test_multiple_errors_with_same_code PASSED [ 28%]
tests/unit/exceptions/test_onex_error.py::TestModelOnexErrorIntegration::test_error_with_context_validation FAILED [ 28%]
tests/unit/logging/test_emit.py::TestEmitLogEventCore::test_emit_log_event_basic PASSED [ 28%]
tests/unit/logging/test_emit.py::TestEmitLogEventCore::test_emit_log_event_with_node_id PASSED [ 28%]
tests/unit/logging/test_emit.py::TestEmitLogEventCore::test_emit_log_event_with_data PASSED [ 28%]
tests/unit/logging/test_emit.py::TestEmitLogEventCore::test_emit_log_event_with_all_parameters PASSED [ 28%]
tests/unit/logging/test_emit.py::TestEmitLogEventWrappers::test_emit_log_event_with_new_correlation PASSED [ 28%]
tests/unit/logging/test_emit.py::TestEmitLogEventWrappers::test_emit_log_event_sync PASSED [ 28%]
tests/unit/logging/test_emit.py::TestEmitLogEventWrappers::test_emit_log_event_async PASSED [ 28%]
tests/unit/logging/test_emit.py::TestSensitiveDataSanitization::test_sanitize_sensitive_data_passwords PASSED [ 28%]
tests/unit/logging/test_emit.py::TestSensitiveDataSanitization::test_sanitize_sensitive_data_api_keys PASSED [ 28%]
tests/unit/logging/test_emit.py::TestSensitiveDataSanitization::test_sanitize_sensitive_data_tokens PASSED [ 28%]
tests/unit/logging/test_emit.py::TestSensitiveDataSanitization::test_sanitize_sensitive_data_access_tokens PASSED [ 28%]
tests/unit/logging/test_emit.py::TestSensitiveDataSanitization::test_sanitize_sensitive_data_secrets PASSED [ 28%]
tests/unit/logging/test_emit.py::TestSensitiveDataSanitization::test_sanitize_sensitive_data_preserves_safe_content PASSED [ 28%]
tests/unit/logging/test_emit.py::TestSensitiveDataSanitization::test_sanitize_sensitive_data_non_string_input PASSED [ 28%]
tests/unit/logging/test_emit.py::TestDataDictSanitization::test_sanitize_data_dict_string_values FAILED [ 28%]
tests/unit/logging/test_emit.py::TestDataDictSanitization::test_sanitize_data_dict_json_compatibility PASSED [ 28%]
tests/unit/logging/test_emit.py::TestDataDictSanitization::test_sanitize_data_dict_converts_non_json_types PASSED [ 28%]
tests/unit/logging/test_emit.py::TestDataDictSanitization::test_sanitize_data_dict_handles_boolean_before_int PASSED [ 28%]
tests/unit/logging/test_emit.py::TestDataDictSanitization::test_sanitize_data_dict_non_dict_input PASSED [ 28%]
tests/unit/logging/test_emit.py::TestDataDictSanitization::test_sanitize_data_dict_sensitive_keys PASSED [ 28%]
tests/unit/logging/test_emit.py::TestNodeIdDetection::test_detect_node_id_returns_string_or_uuid PASSED [ 28%]
tests/unit/logging/test_emit.py::TestNodeIdDetection::test_detect_node_id_from_node_instance PASSED [ 28%]
tests/unit/logging/test_emit.py::TestNodeIdDetection::test_detect_node_id_fallback_to_class_name PASSED [ 28%]
tests/unit/logging/test_emit.py::TestNodeIdDetection::test_detect_node_id_max_depth_limit PASSED [ 28%]
tests/unit/logging/test_emit.py::TestLogContextCreation::test_create_log_context_returns_model PASSED [ 28%]
tests/unit/logging/test_emit.py::TestLogContextCreation::test_create_log_context_has_required_fields PASSED [ 28%]
tests/unit/logging/test_emit.py::TestLogContextCreation::test_create_log_context_timestamp_format PASSED [ 28%]
tests/unit/logging/test_emit.py::TestLogContextCreation::test_create_log_context_calling_info PASSED [ 28%]
tests/unit/logging/test_emit.py::TestTraceFunctionLifecycle::test_trace_function_lifecycle_decorator PASSED [ 28%]
tests/unit/logging/test_emit.py::TestTraceFunctionLifecycle::test_trace_function_lifecycle_with_exception PASSED [ 28%]
tests/unit/logging/test_emit.py::TestTraceFunctionLifecycle::test_trace_function_lifecycle_preserves_function_name PASSED [ 28%]
tests/unit/logging/test_emit.py::TestLogCodeBlock::test_log_code_block_success PASSED [ 28%]
tests/unit/logging/test_emit.py::TestLogCodeBlock::test_log_code_block_with_exception PASSED [ 28%]
tests/unit/logging/test_emit.py::TestLogCodeBlock::test_log_code_block_with_data PASSED [ 29%]
tests/unit/logging/test_emit.py::TestLogCodeBlock::test_log_code_block_custom_level PASSED [ 29%]
tests/unit/logging/test_emit.py::TestLogPerformanceMetrics::test_log_performance_metrics_decorator PASSED [ 29%]
tests/unit/logging/test_emit.py::TestLogPerformanceMetrics::test_log_performance_metrics_threshold_warning PASSED [ 29%]
tests/unit/logging/test_emit.py::TestLogPerformanceMetrics::test_log_performance_metrics_preserves_return_value PASSED [ 29%]
tests/unit/logging/test_emit.py::TestSanitizationSecurityEdgeCases::test_sanitize_multiple_secrets_in_single_string FAILED [ 29%]
tests/unit/logging/test_emit.py::TestSanitizationSecurityEdgeCases::test_sanitize_case_insensitive_patterns PASSED [ 29%]
tests/unit/logging/test_emit.py::TestSanitizationSecurityEdgeCases::test_sanitize_preserves_log_structure PASSED [ 29%]
tests/unit/logging/test_emit.py::TestSanitizationSecurityEdgeCases::test_sanitize_dict_with_nested_secrets PASSED [ 29%]
tests/unit/logging/test_emit.py::TestThreadSafety::test_concurrent_log_emissions PASSED [ 29%]
tests/unit/models/cli/test_model_cli_advanced_params.py::TestModelCliAdvancedParams::test_initialization_empty FAILED [ 29%]
tests/unit/models/cli/test_model_cli_advanced_params.py::TestModelCliAdvancedParams::test_initialization_with_values FAILED [ 29%]
tests/unit/models/cli/test_model_cli_advanced_params.py::TestModelCliAdvancedParams::test_timeout_validation_positive PASSED [ 29%]
tests/unit/models/cli/test_model_cli_advanced_params.py::TestModelCliAdvancedParams::test_timeout_validation_invalid PASSED [ 29%]
tests/unit/models/cli/test_model_cli_advanced_params.py::TestModelCliAdvancedParams::test_max_retries_validation PASSED [ 29%]
tests/unit/models/cli/test_model_cli_advanced_params.py::TestModelCliAdvancedParams::test_retry_delay_validation PASSED [ 29%]
tests/unit/models/cli/test_model_cli_advanced_params.py::TestModelCliAdvancedParams::test_memory_limit_validation PASSED [ 29%]
tests/unit/models/cli/test_model_cli_advanced_params.py::TestModelCliAdvancedParams::test_cpu_limit_validation PASSED [ 29%]
tests/unit/models/cli/test_model_cli_advanced_params.py::TestModelCliAdvancedParams::test_max_parallel_tasks_validation PASSED [ 29%]
tests/unit/models/cli/test_model_cli_advanced_params.py::TestModelCliAdvancedParams::test_cache_ttl_validation PASSED [ 29%]
tests/unit/models/cli/test_model_cli_advanced_params.py::TestModelCliAdvancedParams::test_debug_level_validation PASSED [ 29%]
tests/unit/models/cli/test_model_cli_advanced_params.py::TestModelCliAdvancedParams::test_security_level_validation FAILED [ 29%]
tests/unit/models/cli/test_model_cli_advanced_params.py::TestModelCliAdvancedParams::test_set_timeout_method PASSED [ 29%]
tests/unit/models/cli/test_model_cli_advanced_params.py::TestModelCliAdvancedParams::test_set_memory_limit_method PASSED [ 29%]
tests/unit/models/cli/test_model_cli_advanced_params.py::TestModelCliAdvancedParams::test_set_cpu_limit_method PASSED [ 29%]
tests/unit/models/cli/test_model_cli_advanced_params.py::TestModelCliAdvancedParams::test_environment_variables_management PASSED [ 29%]
tests/unit/models/cli/test_model_cli_advanced_params.py::TestModelCliAdvancedParams::test_config_override_management PASSED [ 29%]
tests/unit/models/cli/test_model_cli_advanced_params.py::TestModelCliAdvancedParams::test_custom_parameters_management PASSED [ 29%]
tests/unit/models/cli/test_model_cli_advanced_params.py::TestModelCliAdvancedParams::test_enable_debug_mode PASSED [ 29%]
tests/unit/models/cli/test_model_cli_advanced_params.py::TestModelCliAdvancedParams::test_enable_performance_mode PASSED [ 29%]
tests/unit/models/cli/test_model_cli_advanced_params.py::TestModelCliAdvancedParams::test_enable_security_mode FAILED [ 29%]
tests/unit/models/cli/test_model_cli_advanced_params.py::TestModelCliAdvancedParams::test_complex_configuration_scenario FAILED [ 29%]
tests/unit/models/cli/test_model_cli_advanced_params.py::TestModelCliAdvancedParams::test_output_format_options PASSED [ 29%]
tests/unit/models/cli/test_model_cli_advanced_params.py::TestModelCliAdvancedParams::test_pydantic_serialization FAILED [ 29%]
tests/unit/models/cli/test_model_cli_advanced_params.py::TestModelCliAdvancedParams::test_pydantic_deserialization FAILED [ 29%]
tests/unit/models/cli/test_model_cli_advanced_params.py::TestModelCliAdvancedParams::test_model_round_trip FAILED [ 29%]
tests/unit/models/cli/test_model_cli_advanced_params.py::TestModelCliAdvancedParams::test_json_serialization PASSED [ 29%]
tests/unit/models/cli/test_model_cli_advanced_params.py::TestModelCliAdvancedParams::test_edge_cases_empty_collections PASSED [ 29%]
tests/unit/models/cli/test_model_cli_advanced_params.py::TestModelCliAdvancedParams::test_mixed_type_config_overrides PASSED [ 29%]
tests/unit/models/cli/test_model_cli_advanced_params.py::TestModelCliAdvancedParams::test_convenience_methods_interaction FAILED [ 29%]
tests/unit/models/cli/test_model_cli_debug_info.py::TestModelCliDebugInfo::test_initialization_empty PASSED [ 29%]
tests/unit/models/cli/test_model_cli_debug_info.py::TestModelCliDebugInfo::test_initialization_with_values PASSED [ 29%]
tests/unit/models/cli/test_model_cli_debug_info.py::TestModelCliDebugInfo::test_timestamp_default_utc PASSED [ 29%]
tests/unit/models/cli/test_model_cli_debug_info.py::TestModelCliDebugInfo::test_add_debug_message PASSED [ 30%]
tests/unit/models/cli/test_model_cli_debug_info.py::TestModelCliDebugInfo::test_add_timing_info PASSED [ 30%]
tests/unit/models/cli/test_model_cli_debug_info.py::TestModelCliDebugInfo::test_add_memory_info PASSED [ 30%]
tests/unit/models/cli/test_model_cli_debug_info.py::TestModelCliDebugInfo::test_add_system_info PASSED [ 30%]
tests/unit/models/cli/test_model_cli_debug_info.py::TestModelCliDebugInfo::test_add_error_detail PASSED [ 30%]
tests/unit/models/cli/test_model_cli_debug_info.py::TestModelCliDebugInfo::test_add_stack_trace PASSED [ 30%]
tests/unit/models/cli/test_model_cli_debug_info.py::TestModelCliDebugInfo::test_custom_field_operations PASSED [ 30%]
tests/unit/models/cli/test_model_cli_debug_info.py::TestModelCliDebugInfo::test_complex_debug_scenario PASSED [ 30%]
tests/unit/models/cli/test_model_cli_debug_info.py::TestModelCliDebugInfo::test_debug_modes PASSED [ 30%]
tests/unit/models/cli/test_model_cli_debug_info.py::TestModelCliDebugInfo::test_pydantic_serialization PASSED [ 30%]
tests/unit/models/cli/test_model_cli_debug_info.py::TestModelCliDebugInfo::test_pydantic_deserialization PASSED [ 30%]
tests/unit/models/cli/test_model_cli_debug_info.py::TestModelCliDebugInfo::test_model_round_trip PASSED [ 30%]
tests/unit/models/cli/test_model_cli_debug_info.py::TestModelCliDebugInfo::test_edge_cases_empty_collections PASSED [ 30%]
tests/unit/models/cli/test_model_cli_debug_info.py::TestModelCliDebugInfo::test_method_side_effects PASSED [ 30%]
tests/unit/models/cli/test_model_cli_debug_info.py::TestModelCliDebugInfo::test_json_serialization PASSED [ 30%]
tests/unit/models/cli/test_model_cli_debug_info.py::TestModelCliDebugInfo::test_custom_field_type_validation PASSED [ 30%]
tests/unit/models/cli/test_model_cli_debug_info.py::TestModelCliDebugInfo::test_timestamp_handling PASSED [ 30%]
tests/unit/models/cli/test_model_cli_execution_config.py::TestModelCliExecutionConfigBasic::test_default_configuration PASSED [ 30%]
tests/unit/models/cli/test_model_cli_execution_config.py::TestModelCliExecutionConfigBasic::test_custom_configuration PASSED [ 30%]
tests/unit/models/cli/test_model_cli_execution_config.py::TestModelCliExecutionConfigMethods::test_add_input_data PASSED [ 30%]
tests/unit/models/cli/test_model_cli_execution_config.py::TestModelCliExecutionConfigMethods::test_get_input_data PASSED [ 30%]
tests/unit/models/cli/test_model_cli_execution_config.py::TestModelCliExecutionConfigMethods::test_get_input_data_with_default PASSED [ 30%]
tests/unit/models/cli/test_model_cli_execution_config.py::TestModelCliExecutionConfigMethods::test_add_environment_var PASSED [ 30%]
tests/unit/models/cli/test_model_cli_execution_config.py::TestModelCliExecutionConfigMethods::test_get_environment_var PASSED [ 30%]
tests/unit/models/cli/test_model_cli_execution_config.py::TestModelCliExecutionConfigMethods::test_get_environment_var_with_default PASSED [ 30%]
tests/unit/models/cli/test_model_cli_execution_config.py::TestModelCliExecutionConfigMethods::test_is_debug_mode_all_disabled PASSED [ 30%]
tests/unit/models/cli/test_model_cli_execution_config.py::TestModelCliExecutionConfigMethods::test_is_debug_mode_debug_enabled PASSED [ 30%]
tests/unit/models/cli/test_model_cli_execution_config.py::TestModelCliExecutionConfigMethods::test_is_debug_mode_trace_enabled PASSED [ 30%]
tests/unit/models/cli/test_model_cli_execution_config.py::TestModelCliExecutionConfigMethods::test_is_debug_mode_verbose_enabled PASSED [ 30%]
tests/unit/models/cli/test_model_cli_execution_config.py::TestModelCliExecutionConfigFactoryMethods::test_create_production PASSED [ 30%]
tests/unit/models/cli/test_model_cli_execution_config.py::TestModelCliExecutionConfigFactoryMethods::test_create_debug PASSED [ 30%]
tests/unit/models/cli/test_model_cli_execution_config.py::TestModelCliExecutionConfigFactoryMethods::test_create_test PASSED [ 30%]
tests/unit/models/cli/test_model_cli_execution_config.py::TestModelCliExecutionConfigProtocols::test_serialize PASSED [ 30%]
tests/unit/models/cli/test_model_cli_execution_config.py::TestModelCliExecutionConfigProtocols::test_get_name PASSED [ 30%]
tests/unit/models/cli/test_model_cli_execution_config.py::TestModelCliExecutionConfigProtocols::test_set_name PASSED [ 30%]
tests/unit/models/cli/test_model_cli_execution_config.py::TestModelCliExecutionConfigProtocols::test_validate_instance PASSED [ 30%]
tests/unit/models/cli/test_model_cli_execution_config.py::TestModelCliExecutionConfigSerialization::test_model_dump PASSED [ 30%]
tests/unit/models/cli/test_model_cli_execution_config.py::TestModelCliExecutionConfigSerialization::test_round_trip_serialization PASSED [ 30%]
tests/unit/models/cli/test_model_cli_execution_config.py::TestModelCliExecutionConfigEdgeCases::test_empty_environment_vars PASSED [ 30%]
tests/unit/models/cli/test_model_cli_execution_config.py::TestModelCliExecutionConfigEdgeCases::test_large_environment_vars PASSED [ 30%]
tests/unit/models/cli/test_model_cli_execution_config.py::TestModelCliExecutionConfigEdgeCases::test_all_debug_modes_enabled PASSED [ 30%]
tests/unit/models/cli/test_model_cli_execution_config.py::TestModelCliExecutionConfigEdgeCases::test_output_format_enum PASSED [ 30%]
tests/unit/models/cli/test_model_cli_execution_context.py::TestModelCliExecutionContextBasic::test_minimal_context_creation PASSED [ 30%]
tests/unit/models/cli/test_model_cli_execution_context.py::TestModelCliExecutionContextBasic::test_full_context_creation PASSED [ 30%]
tests/unit/models/cli/test_model_cli_execution_context.py::TestModelCliExecutionContextBasic::test_context_with_string_value PASSED [ 31%]
tests/unit/models/cli/test_model_cli_execution_context.py::TestModelCliExecutionContextBasic::test_context_with_integer_value PASSED [ 31%]
tests/unit/models/cli/test_model_cli_execution_context.py::TestModelCliExecutionContextBasic::test_context_with_float_value PASSED [ 31%]
tests/unit/models/cli/test_model_cli_execution_context.py::TestModelCliExecutionContextBasic::test_context_with_boolean_value PASSED [ 31%]
tests/unit/models/cli/test_model_cli_execution_context.py::TestModelCliExecutionContextBasic::test_context_with_path_value PASSED [ 31%]
tests/unit/models/cli/test_model_cli_execution_context.py::TestModelCliExecutionContextBasic::test_context_with_uuid_value PASSED [ 31%]
tests/unit/models/cli/test_model_cli_execution_context.py::TestModelCliExecutionContextBasic::test_context_with_datetime_value PASSED [ 31%]
tests/unit/models/cli/test_model_cli_execution_context.py::TestModelCliExecutionContextBasic::test_context_with_list_value PASSED [ 31%]
tests/unit/models/cli/test_model_cli_execution_context.py::TestModelCliExecutionContextMethods::test_get_string_value_from_string PASSED [ 31%]
tests/unit/models/cli/test_model_cli_execution_context.py::TestModelCliExecutionContextMethods::test_get_string_value_from_integer PASSED [ 31%]
tests/unit/models/cli/test_model_cli_execution_context.py::TestModelCliExecutionContextMethods::test_get_string_value_from_path PASSED [ 31%]
tests/unit/models/cli/test_model_cli_execution_context.py::TestModelCliExecutionContextMethods::test_get_string_value_from_datetime PASSED [ 31%]
tests/unit/models/cli/test_model_cli_execution_context.py::TestModelCliExecutionContextMethods::test_get_string_value_from_list PASSED [ 31%]
tests/unit/models/cli/test_model_cli_execution_context.py::TestModelCliExecutionContextMethods::test_get_typed_value PASSED [ 31%]
tests/unit/models/cli/test_model_cli_execution_context.py::TestModelCliExecutionContextMethods::test_is_datetime_value_true PASSED [ 31%]
tests/unit/models/cli/test_model_cli_execution_context.py::TestModelCliExecutionContextMethods::test_is_datetime_value_false PASSED [ 31%]
tests/unit/models/cli/test_model_cli_execution_context.py::TestModelCliExecutionContextMethods::test_is_path_value_true PASSED [ 31%]
tests/unit/models/cli/test_model_cli_execution_context.py::TestModelCliExecutionContextMethods::test_is_path_value_false PASSED [ 31%]
tests/unit/models/cli/test_model_cli_execution_context.py::TestModelCliExecutionContextMethods::test_is_uuid_value_true PASSED [ 31%]
tests/unit/models/cli/test_model_cli_execution_context.py::TestModelCliExecutionContextMethods::test_is_uuid_value_false PASSED [ 31%]
tests/unit/models/cli/test_model_cli_execution_context.py::TestModelCliExecutionContextMethods::test_update_value PASSED [ 31%]
tests/unit/models/cli/test_model_cli_execution_context.py::TestModelCliExecutionContextValidation::test_priority_minimum_boundary PASSED [ 31%]
tests/unit/models/cli/test_model_cli_execution_context.py::TestModelCliExecutionContextValidation::test_priority_maximum_boundary PASSED [ 31%]
tests/unit/models/cli/test_model_cli_execution_context.py::TestModelCliExecutionContextValidation::test_priority_below_minimum_raises_error PASSED [ 31%]
tests/unit/models/cli/test_model_cli_execution_context.py::TestModelCliExecutionContextValidation::test_priority_above_maximum_raises_error PASSED [ 31%]
tests/unit/models/cli/test_model_cli_execution_context.py::TestModelCliExecutionContextProtocols::test_serialize PASSED [ 31%]
tests/unit/models/cli/test_model_cli_execution_context.py::TestModelCliExecutionContextProtocols::test_get_name PASSED [ 31%]
tests/unit/models/cli/test_model_cli_execution_context.py::TestModelCliExecutionContextProtocols::test_set_name PASSED [ 31%]
tests/unit/models/cli/test_model_cli_execution_context.py::TestModelCliExecutionContextProtocols::test_validate_instance PASSED [ 31%]
tests/unit/models/cli/test_model_cli_execution_context.py::TestModelCliExecutionContextSerialization::test_model_dump PASSED [ 31%]
tests/unit/models/cli/test_model_cli_execution_context.py::TestModelCliExecutionContextSerialization::test_round_trip_serialization_with_string PASSED [ 31%]
tests/unit/models/cli/test_model_cli_execution_context.py::TestModelCliExecutionContextSerialization::test_round_trip_serialization_with_integer PASSED [ 31%]
tests/unit/models/cli/test_model_cli_execution_context.py::TestModelCliExecutionContextEdgeCases::test_empty_description PASSED [ 31%]
tests/unit/models/cli/test_model_cli_execution_context.py::TestModelCliExecutionContextEdgeCases::test_long_description PASSED [ 31%]
tests/unit/models/cli/test_model_cli_execution_context.py::TestModelCliExecutionContextEdgeCases::test_empty_key PASSED [ 31%]
tests/unit/models/cli/test_model_cli_execution_context.py::TestModelCliExecutionContextEdgeCases::test_none_value_is_valid PASSED [ 31%]
tests/unit/models/cli/test_model_cli_execution_context.py::TestModelCliExecutionContextEdgeCases::test_complex_nested_list_value PASSED [ 31%]
tests/unit/models/cli/test_model_cli_execution_context.py::TestModelCliExecutionContextEdgeCases::test_dict_value PASSED [ 31%]
tests/unit/models/cli/test_model_cli_execution_context.py::TestModelCliExecutionContextEdgeCases::test_all_context_types PASSED [ 31%]
tests/unit/models/cli/test_model_cli_execution_context.py::TestModelCliExecutionContextEdgeCases::test_all_context_sources PASSED [ 31%]
tests/unit/models/cli/test_model_cli_execution_context.py::TestModelCliExecutionContextEdgeCases::test_priority_middle_values PASSED [ 31%]
tests/unit/models/cli/test_model_cli_execution_context.py::TestModelCliExecutionContextEdgeCases::test_update_value_multiple_times PASSED [ 31%]
tests/unit/models/cli/test_model_cli_execution_context.py::TestModelCliExecutionContextTypeHandling::test_get_string_value_from_boolean PASSED [ 31%]
tests/unit/models/cli/test_model_cli_execution_context.py::TestModelCliExecutionContextTypeHandling::test_get_string_value_from_float PASSED [ 32%]
tests/unit/models/cli/test_model_cli_execution_context.py::TestModelCliExecutionContextTypeHandling::test_get_string_value_from_uuid PASSED [ 32%]
tests/unit/models/cli/test_model_cli_execution_context.py::TestModelCliExecutionContextTypeHandling::test_get_string_value_from_empty_list PASSED [ 32%]
tests/unit/models/cli/test_model_cli_execution_context.py::TestModelCliExecutionContextTypeHandling::test_get_string_value_from_single_item_list PASSED [ 32%]
tests/unit/models/cli/test_model_cli_execution_core.py::TestModelCliExecutionCoreBasic::test_minimal_core_creation PASSED [ 32%]
tests/unit/models/cli/test_model_cli_execution_core.py::TestModelCliExecutionCoreBasic::test_full_core_creation PASSED [ 32%]
tests/unit/models/cli/test_model_cli_execution_core.py::TestModelCliExecutionCoreGetters::test_get_command_name_with_display_name PASSED [ 32%]
tests/unit/models/cli/test_model_cli_execution_core.py::TestModelCliExecutionCoreGetters::test_get_command_name_without_display_name PASSED [ 32%]
tests/unit/models/cli/test_model_cli_execution_core.py::TestModelCliExecutionCoreGetters::test_get_target_node_id PASSED [ 32%]
tests/unit/models/cli/test_model_cli_execution_core.py::TestModelCliExecutionCoreGetters::test_get_target_node_id_none PASSED [ 32%]
tests/unit/models/cli/test_model_cli_execution_core.py::TestModelCliExecutionCoreGetters::test_get_target_node_name PASSED [ 32%]
tests/unit/models/cli/test_model_cli_execution_core.py::TestModelCliExecutionCoreGetters::test_get_target_node_name_none PASSED [ 32%]
tests/unit/models/cli/test_model_cli_execution_core.py::TestModelCliExecutionCoreTiming::test_get_elapsed_ms_with_end_time PASSED [ 32%]
tests/unit/models/cli/test_model_cli_execution_core.py::TestModelCliExecutionCoreTiming::test_get_elapsed_ms_without_end_time PASSED [ 32%]
tests/unit/models/cli/test_model_cli_execution_core.py::TestModelCliExecutionCoreTiming::test_get_elapsed_seconds PASSED [ 32%]
tests/unit/models/cli/test_model_cli_execution_core.py::TestModelCliExecutionCoreStatus::test_is_completed_true PASSED [ 32%]
tests/unit/models/cli/test_model_cli_execution_core.py::TestModelCliExecutionCoreStatus::test_is_completed_false PASSED [ 32%]
tests/unit/models/cli/test_model_cli_execution_core.py::TestModelCliExecutionCoreStatus::test_is_running_true PASSED [ 32%]
tests/unit/models/cli/test_model_cli_execution_core.py::TestModelCliExecutionCoreStatus::test_is_running_false_with_end_time PASSED [ 32%]
tests/unit/models/cli/test_model_cli_execution_core.py::TestModelCliExecutionCoreStatus::test_is_running_false_different_status PASSED [ 32%]
tests/unit/models/cli/test_model_cli_execution_core.py::TestModelCliExecutionCoreStatus::test_is_pending_true PASSED [ 32%]
tests/unit/models/cli/test_model_cli_execution_core.py::TestModelCliExecutionCoreStatus::test_is_pending_false PASSED [ 32%]
tests/unit/models/cli/test_model_cli_execution_core.py::TestModelCliExecutionCoreStatus::test_is_failed_true PASSED [ 32%]
tests/unit/models/cli/test_model_cli_execution_core.py::TestModelCliExecutionCoreStatus::test_is_failed_false PASSED [ 32%]
tests/unit/models/cli/test_model_cli_execution_core.py::TestModelCliExecutionCoreStatus::test_is_successful_with_success_status PASSED [ 32%]
tests/unit/models/cli/test_model_cli_execution_core.py::TestModelCliExecutionCoreStatus::test_is_successful_with_completed_status PASSED [ 32%]
tests/unit/models/cli/test_model_cli_execution_core.py::TestModelCliExecutionCoreStatus::test_is_successful_false PASSED [ 32%]
tests/unit/models/cli/test_model_cli_execution_core.py::TestModelCliExecutionCoreStateManagement::test_mark_started PASSED [ 32%]
tests/unit/models/cli/test_model_cli_execution_core.py::TestModelCliExecutionCoreStateManagement::test_mark_completed PASSED [ 32%]
tests/unit/models/cli/test_model_cli_execution_core.py::TestModelCliExecutionCoreStateManagement::test_mark_completed_does_not_change_non_running_status PASSED [ 32%]
tests/unit/models/cli/test_model_cli_execution_core.py::TestModelCliExecutionCoreStateManagement::test_mark_failed PASSED [ 32%]
tests/unit/models/cli/test_model_cli_execution_core.py::TestModelCliExecutionCoreStateManagement::test_mark_cancelled PASSED [ 32%]
tests/unit/models/cli/test_model_cli_execution_core.py::TestModelCliExecutionCoreStateManagement::test_set_phase PASSED [ 32%]
tests/unit/models/cli/test_model_cli_execution_core.py::TestModelCliExecutionCoreStateManagement::test_set_progress PASSED [ 32%]
tests/unit/models/cli/test_model_cli_execution_core.py::TestModelCliExecutionCoreStateManagement::test_set_progress_clamps_to_minimum PASSED [ 32%]
tests/unit/models/cli/test_model_cli_execution_core.py::TestModelCliExecutionCoreStateManagement::test_set_progress_clamps_to_maximum PASSED [ 32%]
tests/unit/models/cli/test_model_cli_execution_core.py::TestModelCliExecutionCoreFactoryMethods::test_create_simple_minimal PASSED [ 32%]
tests/unit/models/cli/test_model_cli_execution_core.py::TestModelCliExecutionCoreFactoryMethods::test_create_simple_with_target PASSED [ 32%]
tests/unit/models/cli/test_model_cli_execution_core.py::TestModelCliExecutionCoreFactoryMethods::test_create_simple_generates_consistent_uuid PASSED [ 32%]
tests/unit/models/cli/test_model_cli_execution_core.py::TestModelCliExecutionCoreProtocols::test_serialize PASSED [ 32%]
tests/unit/models/cli/test_model_cli_execution_core.py::TestModelCliExecutionCoreProtocols::test_get_name PASSED [ 32%]
tests/unit/models/cli/test_model_cli_execution_core.py::TestModelCliExecutionCoreProtocols::test_set_name PASSED [ 32%]
tests/unit/models/cli/test_model_cli_execution_core.py::TestModelCliExecutionCoreProtocols::test_validate_instance PASSED [ 32%]
tests/unit/models/cli/test_model_cli_execution_core.py::TestModelCliExecutionCoreSerialization::test_model_dump PASSED [ 32%]
tests/unit/models/cli/test_model_cli_execution_core.py::TestModelCliExecutionCoreSerialization::test_round_trip_serialization PASSED [ 33%]
tests/unit/models/cli/test_model_cli_execution_core.py::TestModelCliExecutionCoreEdgeCases::test_empty_command_args PASSED [ 33%]
tests/unit/models/cli/test_model_cli_execution_core.py::TestModelCliExecutionCoreEdgeCases::test_many_command_args PASSED [ 33%]
tests/unit/models/cli/test_model_cli_execution_core.py::TestModelCliExecutionCoreEdgeCases::test_empty_command_options PASSED [ 33%]
tests/unit/models/cli/test_model_cli_execution_core.py::TestModelCliExecutionCoreEdgeCases::test_progress_boundary_values PASSED [ 33%]
tests/unit/models/cli/test_model_cli_execution_core.py::TestModelCliExecutionCoreEdgeCases::test_multiple_status_changes PASSED [ 33%]
tests/unit/models/cli/test_model_cli_execution_core.py::TestModelCliExecutionCoreEdgeCases::test_status_change_from_pending_to_failed PASSED [ 33%]
tests/unit/models/cli/test_model_cli_execution_core.py::TestModelCliExecutionCoreEdgeCases::test_all_execution_phases PASSED [ 33%]
tests/unit/models/cli/test_model_cli_execution_core.py::TestModelCliExecutionCoreEdgeCases::test_target_path_with_absolute_path PASSED [ 33%]
tests/unit/models/cli/test_model_cli_execution_core.py::TestModelCliExecutionCoreEdgeCases::test_target_path_with_relative_path PASSED [ 33%]
tests/unit/models/cli/test_model_cli_execution_core.py::TestModelCliExecutionCoreEdgeCases::test_zero_elapsed_time PASSED [ 33%]
tests/unit/models/cli/test_model_cli_execution_fixes.py::TestModelCliExecutionTyping::test_command_options_typed_properly PASSED [ 33%]
tests/unit/models/cli/test_model_cli_execution_fixes.py::TestModelCliExecutionTyping::test_input_data_typed_properly PASSED [ 33%]
tests/unit/models/cli/test_model_cli_execution_fixes.py::TestModelCliExecutionTyping::test_custom_context_typed_properly PASSED [ 33%]
tests/unit/models/cli/test_model_cli_execution_fixes.py::TestModelCliExecutionTyping::test_execution_summary_returns_typed_model PASSED [ 33%]
tests/unit/models/cli/test_model_cli_execution_fixes.py::TestModelCliExecutionTyping::test_mark_failed_uses_typed_context PASSED [ 33%]
tests/unit/models/cli/test_model_cli_execution_fixes.py::TestNewModelValidation::test_command_option_validation PASSED [ 33%]
tests/unit/models/cli/test_model_cli_execution_fixes.py::TestNewModelValidation::test_input_data_validation PASSED [ 33%]
tests/unit/models/cli/test_model_cli_execution_fixes.py::TestNewModelValidation::test_execution_context_validation PASSED [ 33%]
tests/unit/models/cli/test_model_cli_execution_fixes.py::TestNewModelValidation::test_execution_summary_validation PASSED [ 33%]
tests/unit/models/cli/test_model_cli_execution_metadata.py::TestModelCliExecutionMetadataBasic::test_default_metadata_creation PASSED [ 33%]
tests/unit/models/cli/test_model_cli_execution_metadata.py::TestModelCliExecutionMetadataBasic::test_metadata_with_tags PASSED [ 33%]
tests/unit/models/cli/test_model_cli_execution_metadata.py::TestModelCliExecutionMetadataBasic::test_metadata_with_custom_context PASSED [ 33%]
tests/unit/models/cli/test_model_cli_execution_metadata.py::TestModelCliExecutionMetadataTagManagement::test_add_tag PASSED [ 33%]
tests/unit/models/cli/test_model_cli_execution_metadata.py::TestModelCliExecutionMetadataTagManagement::test_add_multiple_tags PASSED [ 33%]
tests/unit/models/cli/test_model_cli_execution_metadata.py::TestModelCliExecutionMetadataTagManagement::test_add_duplicate_tag PASSED [ 33%]
tests/unit/models/cli/test_model_cli_execution_metadata.py::TestModelCliExecutionMetadataTagManagement::test_remove_tag PASSED [ 33%]
tests/unit/models/cli/test_model_cli_execution_metadata.py::TestModelCliExecutionMetadataTagManagement::test_remove_nonexistent_tag PASSED [ 33%]
tests/unit/models/cli/test_model_cli_execution_metadata.py::TestModelCliExecutionMetadataTagManagement::test_has_tag_true PASSED [ 33%]
tests/unit/models/cli/test_model_cli_execution_metadata.py::TestModelCliExecutionMetadataTagManagement::test_has_tag_false PASSED [ 33%]
tests/unit/models/cli/test_model_cli_execution_metadata.py::TestModelCliExecutionMetadataTagManagement::test_clear_tags PASSED [ 33%]
tests/unit/models/cli/test_model_cli_execution_metadata.py::TestModelCliExecutionMetadataContextManagement::test_add_context PASSED [ 33%]
tests/unit/models/cli/test_model_cli_execution_metadata.py::TestModelCliExecutionMetadataContextManagement::test_add_multiple_contexts PASSED [ 33%]
tests/unit/models/cli/test_model_cli_execution_metadata.py::TestModelCliExecutionMetadataContextManagement::test_get_context PASSED [ 33%]
tests/unit/models/cli/test_model_cli_execution_metadata.py::TestModelCliExecutionMetadataContextManagement::test_get_context_nonexistent PASSED [ 33%]
tests/unit/models/cli/test_model_cli_execution_metadata.py::TestModelCliExecutionMetadataContextManagement::test_get_context_with_default PASSED [ 33%]
tests/unit/models/cli/test_model_cli_execution_metadata.py::TestModelCliExecutionMetadataContextManagement::test_remove_context PASSED [ 33%]
tests/unit/models/cli/test_model_cli_execution_metadata.py::TestModelCliExecutionMetadataContextManagement::test_remove_nonexistent_context PASSED [ 33%]
tests/unit/models/cli/test_model_cli_execution_metadata.py::TestModelCliExecutionMetadataContextManagement::test_has_context_true PASSED [ 33%]
tests/unit/models/cli/test_model_cli_execution_metadata.py::TestModelCliExecutionMetadataContextManagement::test_has_context_false PASSED [ 33%]
tests/unit/models/cli/test_model_cli_execution_metadata.py::TestModelCliExecutionMetadataContextManagement::test_clear_context PASSED [ 33%]
tests/unit/models/cli/test_model_cli_execution_metadata.py::TestModelCliExecutionMetadataFailureHandling::test_add_failure_reason PASSED [ 33%]
tests/unit/models/cli/test_model_cli_execution_metadata.py::TestModelCliExecutionMetadataFailureHandling::test_get_failure_reason PASSED [ 33%]
tests/unit/models/cli/test_model_cli_execution_metadata.py::TestModelCliExecutionMetadataFailureHandling::test_get_failure_reason_none PASSED [ 34%]
tests/unit/models/cli/test_model_cli_execution_metadata.py::TestModelCliExecutionMetadataFailureHandling::test_failure_reason_overwrites_previous PASSED [ 34%]
tests/unit/models/cli/test_model_cli_execution_metadata.py::TestModelCliExecutionMetadataFailureHandling::test_failure_reason_context_properties PASSED [ 34%]
tests/unit/models/cli/test_model_cli_execution_metadata.py::TestModelCliExecutionMetadataFactoryMethods::test_create_tagged PASSED [ 34%]
tests/unit/models/cli/test_model_cli_execution_metadata.py::TestModelCliExecutionMetadataFactoryMethods::test_create_tagged_empty_list PASSED [ 34%]
tests/unit/models/cli/test_model_cli_execution_metadata.py::TestModelCliExecutionMetadataFactoryMethods::test_create_with_context PASSED [ 34%]
tests/unit/models/cli/test_model_cli_execution_metadata.py::TestModelCliExecutionMetadataFactoryMethods::test_create_with_context_empty_dict PASSED [ 34%]
tests/unit/models/cli/test_model_cli_execution_metadata.py::TestModelCliExecutionMetadataProtocols::test_serialize PASSED [ 34%]
tests/unit/models/cli/test_model_cli_execution_metadata.py::TestModelCliExecutionMetadataProtocols::test_get_name PASSED [ 34%]
tests/unit/models/cli/test_model_cli_execution_metadata.py::TestModelCliExecutionMetadataProtocols::test_set_name PASSED [ 34%]
tests/unit/models/cli/test_model_cli_execution_metadata.py::TestModelCliExecutionMetadataProtocols::test_validate_instance PASSED [ 34%]
tests/unit/models/cli/test_model_cli_execution_metadata.py::TestModelCliExecutionMetadataSerialization::test_model_dump PASSED [ 34%]
tests/unit/models/cli/test_model_cli_execution_metadata.py::TestModelCliExecutionMetadataSerialization::test_round_trip_serialization_with_tags PASSED [ 34%]
tests/unit/models/cli/test_model_cli_execution_metadata.py::TestModelCliExecutionMetadataSerialization::test_round_trip_serialization_with_context PASSED [ 34%]
tests/unit/models/cli/test_model_cli_execution_metadata.py::TestModelCliExecutionMetadataEdgeCases::test_empty_tags_and_context PASSED [ 34%]
tests/unit/models/cli/test_model_cli_execution_metadata.py::TestModelCliExecutionMetadataEdgeCases::test_many_tags PASSED [ 34%]
tests/unit/models/cli/test_model_cli_execution_metadata.py::TestModelCliExecutionMetadataEdgeCases::test_many_contexts PASSED [ 34%]
tests/unit/models/cli/test_model_cli_execution_metadata.py::TestModelCliExecutionMetadataEdgeCases::test_long_tag_names PASSED [ 34%]
tests/unit/models/cli/test_model_cli_execution_metadata.py::TestModelCliExecutionMetadataEdgeCases::test_special_characters_in_tags PASSED [ 34%]
tests/unit/models/cli/test_model_cli_execution_metadata.py::TestModelCliExecutionMetadataEdgeCases::test_context_key_with_special_characters PASSED [ 34%]
tests/unit/models/cli/test_model_cli_execution_metadata.py::TestModelCliExecutionMetadataEdgeCases::test_add_and_remove_same_tag_multiple_times PASSED [ 34%]
tests/unit/models/cli/test_model_cli_execution_metadata.py::TestModelCliExecutionMetadataEdgeCases::test_add_and_remove_same_context_multiple_times PASSED [ 34%]
tests/unit/models/cli/test_model_cli_execution_metadata.py::TestModelCliExecutionMetadataEdgeCases::test_clear_operations_on_empty_metadata PASSED [ 34%]
tests/unit/models/cli/test_model_cli_execution_metadata.py::TestModelCliExecutionMetadataEdgeCases::test_update_context_with_same_key PASSED [ 34%]
tests/unit/models/cli/test_model_cli_execution_metadata.py::TestModelCliExecutionMetadataEdgeCases::test_combined_operations PASSED [ 34%]
tests/unit/models/cli/test_model_cli_result_metadata.py::TestModelCliResultMetadata::test_initialization_empty PASSED [ 34%]
tests/unit/models/cli/test_model_cli_result_metadata.py::TestModelCliResultMetadata::test_initialization_with_values PASSED [ 34%]
tests/unit/models/cli/test_model_cli_result_metadata.py::TestModelCliResultMetadata::test_processed_at_default_utc PASSED [ 34%]
tests/unit/models/cli/test_model_cli_result_metadata.py::TestModelCliResultMetadata::test_add_tag PASSED [ 34%]
tests/unit/models/cli/test_model_cli_result_metadata.py::TestModelCliResultMetadata::test_add_label PASSED [ 34%]
tests/unit/models/cli/test_model_cli_result_metadata.py::TestModelCliResultMetadata::test_quality_score_validation PASSED [ 34%]
tests/unit/models/cli/test_model_cli_result_metadata.py::TestModelCliResultMetadata::test_confidence_level_validation PASSED [ 34%]
tests/unit/models/cli/test_model_cli_result_metadata.py::TestModelCliResultMetadata::test_add_resource_usage PASSED [ 34%]
tests/unit/models/cli/test_model_cli_result_metadata.py::TestModelCliResultMetadata::test_compliance_flags PASSED [ 34%]
tests/unit/models/cli/test_model_cli_result_metadata.py::TestModelCliResultMetadata::test_audit_trail PASSED [ 34%]
tests/unit/models/cli/test_model_cli_result_metadata.py::TestModelCliResultMetadata::test_custom_metadata_operations PASSED [ 34%]
tests/unit/models/cli/test_model_cli_result_metadata.py::TestModelCliResultMetadata::test_complex_metadata_scenario PASSED [ 34%]
tests/unit/models/cli/test_model_cli_result_metadata.py::TestModelCliResultMetadata::test_pydantic_validation_constraints PASSED [ 34%]
tests/unit/models/cli/test_model_cli_result_metadata.py::TestModelCliResultMetadata::test_pydantic_serialization PASSED [ 34%]
tests/unit/models/cli/test_model_cli_result_metadata.py::TestModelCliResultMetadata::test_pydantic_deserialization PASSED [ 34%]
tests/unit/models/cli/test_model_cli_result_metadata.py::TestModelCliResultMetadata::test_model_round_trip PASSED [ 34%]
tests/unit/models/cli/test_model_cli_result_metadata.py::TestModelCliResultMetadata::test_json_serialization PASSED [ 34%]
tests/unit/models/cli/test_model_cli_result_metadata.py::TestModelCliResultMetadata::test_is_compliant_edge_cases PASSED [ 34%]
tests/unit/models/cli/test_model_cli_result_metadata.py::TestModelCliResultMetadata::test_edge_cases_empty_collections PASSED [ 34%]
tests/unit/models/cli/test_model_cli_result_metadata.py::TestModelCliResultMetadata::test_metadata_version_with_semver PASSED [ 35%]
tests/unit/models/common/test_model_error_context.py::TestModelErrorContextInstantiation::test_create_empty PASSED [ 35%]
tests/unit/models/common/test_model_error_context.py::TestModelErrorContextInstantiation::test_create_with_file_info PASSED [ 35%]
tests/unit/models/common/test_model_error_context.py::TestModelErrorContextInstantiation::test_create_with_function_info PASSED [ 35%]
tests/unit/models/common/test_model_error_context.py::TestModelErrorContextInstantiation::test_create_with_stack_trace PASSED [ 35%]
tests/unit/models/common/test_model_error_context.py::TestModelErrorContextInstantiation::test_create_with_additional_context PASSED [ 35%]
tests/unit/models/common/test_model_error_context.py::TestModelErrorContextFactoryMethods::test_with_context_empty PASSED [ 35%]
tests/unit/models/common/test_model_error_context.py::TestModelErrorContextFactoryMethods::test_with_context_single_value PASSED [ 35%]
tests/unit/models/common/test_model_error_context.py::TestModelErrorContextFactoryMethods::test_with_context_multiple_values PASSED [ 35%]
tests/unit/models/common/test_model_error_context.py::TestModelErrorContextSerialization::test_serialize_empty PASSED [ 35%]
tests/unit/models/common/test_model_error_context.py::TestModelErrorContextSerialization::test_serialize_with_data PASSED [ 35%]
tests/unit/models/common/test_model_error_context.py::TestModelErrorContextSerialization::test_model_dump PASSED [ 35%]
tests/unit/models/common/test_model_error_context.py::TestModelErrorContextProtocols::test_validate_instance PASSED [ 35%]
tests/unit/models/common/test_model_error_context.py::TestModelErrorContextProtocols::test_validate_instance_with_data PASSED [ 35%]
tests/unit/models/common/test_model_error_context.py::TestModelErrorContextEdgeCases::test_all_fields_populated PASSED [ 35%]
tests/unit/models/common/test_model_error_context.py::TestModelErrorContextEdgeCases::test_zero_line_number PASSED [ 35%]
tests/unit/models/common/test_model_error_context.py::TestModelErrorContextEdgeCases::test_negative_line_number PASSED [ 35%]
tests/unit/models/common/test_model_error_context.py::TestModelErrorContextEdgeCases::test_empty_string_fields PASSED [ 35%]
tests/unit/models/common/test_model_error_context.py::TestModelErrorContextEdgeCases::test_additional_context_with_various_types PASSED [ 35%]
tests/unit/models/common/test_model_error_context.py::TestModelErrorContextEdgeCases::test_large_stack_trace PASSED [ 35%]
tests/unit/models/common/test_model_error_context.py::TestModelErrorContextEdgeCases::test_special_characters_in_fields PASSED [ 35%]
tests/unit/models/common/test_model_flexible_value.py::TestModelFlexibleValueInstantiation::test_create_from_string PASSED [ 35%]
tests/unit/models/common/test_model_flexible_value.py::TestModelFlexibleValueInstantiation::test_create_from_integer PASSED [ 35%]
tests/unit/models/common/test_model_flexible_value.py::TestModelFlexibleValueInstantiation::test_create_from_float PASSED [ 35%]
tests/unit/models/common/test_model_flexible_value.py::TestModelFlexibleValueInstantiation::test_create_from_boolean PASSED [ 35%]
tests/unit/models/common/test_model_flexible_value.py::TestModelFlexibleValueInstantiation::test_create_from_uuid PASSED [ 35%]
tests/unit/models/common/test_model_flexible_value.py::TestModelFlexibleValueInstantiation::test_create_from_none PASSED [ 35%]
tests/unit/models/common/test_model_flexible_value.py::TestModelFlexibleValueCollections::test_create_from_dict_value PASSED [ 35%]
tests/unit/models/common/test_model_flexible_value.py::TestModelFlexibleValueCollections::test_create_from_raw_dict PASSED [ 35%]
tests/unit/models/common/test_model_flexible_value.py::TestModelFlexibleValueCollections::test_create_from_list PASSED [ 35%]
tests/unit/models/common/test_model_flexible_value.py::TestModelFlexibleValueCollections::test_list_value_conversion PASSED [ 35%]
tests/unit/models/common/test_model_flexible_value.py::TestModelFlexibleValueAutoDetection::test_from_any_string PASSED [ 35%]
tests/unit/models/common/test_model_flexible_value.py::TestModelFlexibleValueAutoDetection::test_from_any_integer PASSED [ 35%]
tests/unit/models/common/test_model_flexible_value.py::TestModelFlexibleValueAutoDetection::test_from_any_float PASSED [ 35%]
tests/unit/models/common/test_model_flexible_value.py::TestModelFlexibleValueAutoDetection::test_from_any_boolean PASSED [ 35%]
tests/unit/models/common/test_model_flexible_value.py::TestModelFlexibleValueAutoDetection::test_from_any_dict PASSED [ 35%]
tests/unit/models/common/test_model_flexible_value.py::TestModelFlexibleValueAutoDetection::test_from_any_list PASSED [ 35%]
tests/unit/models/common/test_model_flexible_value.py::TestModelFlexibleValueAutoDetection::test_from_any_uuid PASSED [ 35%]
tests/unit/models/common/test_model_flexible_value.py::TestModelFlexibleValueAutoDetection::test_from_any_none PASSED [ 35%]
tests/unit/models/common/test_model_flexible_value.py::TestModelFlexibleValueRetrieval::test_get_value_string PASSED [ 35%]
tests/unit/models/common/test_model_flexible_value.py::TestModelFlexibleValueRetrieval::test_get_value_integer PASSED [ 35%]
tests/unit/models/common/test_model_flexible_value.py::TestModelFlexibleValueRetrieval::test_get_value_float PASSED [ 35%]
tests/unit/models/common/test_model_flexible_value.py::TestModelFlexibleValueRetrieval::test_get_value_boolean PASSED [ 35%]
tests/unit/models/common/test_model_flexible_value.py::TestModelFlexibleValueRetrieval::test_get_value_none PASSED [ 36%]
tests/unit/models/common/test_model_flexible_value.py::TestModelFlexibleValueRetrieval::test_get_python_type PASSED [ 36%]
tests/unit/models/common/test_model_flexible_value.py::TestModelFlexibleValueValidation::test_validation_single_value PASSED [ 36%]
tests/unit/models/common/test_model_flexible_value.py::TestModelFlexibleValueValidation::test_validation_none_type_with_values PASSED [ 36%]
tests/unit/models/common/test_model_flexible_value.py::TestModelFlexibleValueValidation::test_validation_missing_required_value PASSED [ 36%]
tests/unit/models/common/test_model_flexible_value.py::TestModelFlexibleValueValidation::test_validation_wrong_value_type PASSED [ 36%]
tests/unit/models/common/test_model_flexible_value.py::TestModelFlexibleValueComparison::test_compare_value_same_type PASSED [ 36%]
tests/unit/models/common/test_model_flexible_value.py::TestModelFlexibleValueComparison::test_compare_value_different_values PASSED [ 36%]
tests/unit/models/common/test_model_flexible_value.py::TestModelFlexibleValueComparison::test_compare_value_with_raw_value PASSED [ 36%]
tests/unit/models/common/test_model_flexible_value.py::TestModelFlexibleValueComparison::test_equality_operator PASSED [ 36%]
tests/unit/models/common/test_model_flexible_value.py::TestModelFlexibleValueComparison::test_equality_with_raw_value PASSED [ 36%]
tests/unit/models/common/test_model_flexible_value.py::TestModelFlexibleValueTypeChecks::test_is_none PASSED [ 36%]
tests/unit/models/common/test_model_flexible_value.py::TestModelFlexibleValueTypeChecks::test_is_primitive PASSED [ 36%]
tests/unit/models/common/test_model_flexible_value.py::TestModelFlexibleValueTypeChecks::test_is_collection PASSED [ 36%]
tests/unit/models/common/test_model_flexible_value.py::TestModelFlexibleValueConversion::test_to_schema_value PASSED [ 36%]
tests/unit/models/common/test_model_flexible_value.py::TestModelFlexibleValueStringRepresentation::test_str_representation PASSED [ 36%]
tests/unit/models/common/test_model_flexible_value.py::TestModelFlexibleValueStringRepresentation::test_repr_representation PASSED [ 36%]
tests/unit/models/common/test_model_flexible_value.py::TestModelFlexibleValueSerialization::test_serialize PASSED [ 36%]
tests/unit/models/common/test_model_flexible_value.py::TestModelFlexibleValueSerialization::test_validate_instance PASSED [ 36%]
tests/unit/models/common/test_model_flexible_value.py::TestModelFlexibleValueEdgeCases::test_empty_string PASSED [ 36%]
tests/unit/models/common/test_model_flexible_value.py::TestModelFlexibleValueEdgeCases::test_zero_integer PASSED [ 36%]
tests/unit/models/common/test_model_flexible_value.py::TestModelFlexibleValueEdgeCases::test_negative_integer PASSED [ 36%]
tests/unit/models/common/test_model_flexible_value.py::TestModelFlexibleValueEdgeCases::test_empty_list PASSED [ 36%]
tests/unit/models/common/test_model_flexible_value.py::TestModelFlexibleValueEdgeCases::test_empty_dict PASSED [ 36%]
tests/unit/models/common/test_model_flexible_value.py::TestModelFlexibleValueEdgeCases::test_source_field PASSED [ 36%]
tests/unit/models/common/test_model_flexible_value.py::TestModelFlexibleValueEdgeCases::test_nested_collections PASSED [ 36%]
tests/unit/models/common/test_model_numeric_value.py::TestModelNumericValueInstantiation::test_create_from_int PASSED [ 36%]
tests/unit/models/common/test_model_numeric_value.py::TestModelNumericValueInstantiation::test_create_from_float PASSED [ 36%]
tests/unit/models/common/test_model_numeric_value.py::TestModelNumericValueInstantiation::test_create_from_numeric_int PASSED [ 36%]
tests/unit/models/common/test_model_numeric_value.py::TestModelNumericValueInstantiation::test_create_from_numeric_float PASSED [ 36%]
tests/unit/models/common/test_model_numeric_value.py::TestModelNumericValueInstantiation::test_create_with_source PASSED [ 36%]
tests/unit/models/common/test_model_numeric_value.py::TestModelNumericValueValidation::test_invalid_value_type_string PASSED [ 36%]
tests/unit/models/common/test_model_numeric_value.py::TestModelNumericValueValidation::test_invalid_value_type_list PASSED [ 36%]
tests/unit/models/common/test_model_numeric_value.py::TestModelNumericValueValidation::test_invalid_value_type_dict PASSED [ 36%]
tests/unit/models/common/test_model_numeric_value.py::TestModelNumericValueValidation::test_invalid_value_type_none PASSED [ 36%]
tests/unit/models/common/test_model_numeric_value.py::TestModelNumericValueRetrieval::test_as_int PASSED [ 36%]
tests/unit/models/common/test_model_numeric_value.py::TestModelNumericValueRetrieval::test_as_float PASSED [ 36%]
tests/unit/models/common/test_model_numeric_value.py::TestModelNumericValueRetrieval::test_integer_value_property PASSED [ 36%]
tests/unit/models/common/test_model_numeric_value.py::TestModelNumericValueRetrieval::test_float_value_property PASSED [ 36%]
tests/unit/models/common/test_model_numeric_value.py::TestModelNumericValueRetrieval::test_to_python_value_integer PASSED [ 36%]
tests/unit/models/common/test_model_numeric_value.py::TestModelNumericValueRetrieval::test_to_python_value_float PASSED [ 36%]
tests/unit/models/common/test_model_numeric_value.py::TestModelNumericValueRetrieval::test_to_original_type_integer PASSED [ 36%]
tests/unit/models/common/test_model_numeric_value.py::TestModelNumericValueRetrieval::test_to_original_type_float PASSED [ 36%]
tests/unit/models/common/test_model_numeric_value.py::TestModelNumericValueComparison::test_compare_value_equal PASSED [ 36%]
tests/unit/models/common/test_model_numeric_value.py::TestModelNumericValueComparison::test_compare_value_different PASSED [ 37%]
tests/unit/models/common/test_model_numeric_value.py::TestModelNumericValueComparison::test_compare_with_float PASSED [ 37%]
tests/unit/models/common/test_model_numeric_value.py::TestModelNumericValueComparison::test_equality_operator_with_numeric_value PASSED [ 37%]
tests/unit/models/common/test_model_numeric_value.py::TestModelNumericValueComparison::test_equality_operator_with_int PASSED [ 37%]
tests/unit/models/common/test_model_numeric_value.py::TestModelNumericValueComparison::test_equality_operator_with_float PASSED [ 37%]
tests/unit/models/common/test_model_numeric_value.py::TestModelNumericValueComparison::test_inequality_operator PASSED [ 37%]
tests/unit/models/common/test_model_numeric_value.py::TestModelNumericValueComparison::test_less_than PASSED [ 37%]
tests/unit/models/common/test_model_numeric_value.py::TestModelNumericValueComparison::test_less_than_or_equal PASSED [ 37%]
tests/unit/models/common/test_model_numeric_value.py::TestModelNumericValueComparison::test_greater_than PASSED [ 37%]
tests/unit/models/common/test_model_numeric_value.py::TestModelNumericValueComparison::test_greater_than_or_equal PASSED [ 37%]
tests/unit/models/common/test_model_numeric_value.py::TestModelNumericValueSerialization::test_serialize PASSED [ 37%]
tests/unit/models/common/test_model_numeric_value.py::TestModelNumericValueSerialization::test_model_dump PASSED [ 37%]
tests/unit/models/common/test_model_numeric_value.py::TestModelNumericValueSerialization::test_validate_instance PASSED [ 37%]
tests/unit/models/common/test_model_numeric_value.py::TestModelNumericValueEdgeCases::test_zero_integer PASSED [ 37%]
tests/unit/models/common/test_model_numeric_value.py::TestModelNumericValueEdgeCases::test_negative_integer PASSED [ 37%]
tests/unit/models/common/test_model_numeric_value.py::TestModelNumericValueEdgeCases::test_negative_float PASSED [ 37%]
tests/unit/models/common/test_model_numeric_value.py::TestModelNumericValueEdgeCases::test_very_large_integer PASSED [ 37%]
tests/unit/models/common/test_model_numeric_value.py::TestModelNumericValueEdgeCases::test_very_small_float PASSED [ 37%]
tests/unit/models/common/test_model_numeric_value.py::TestModelNumericValueEdgeCases::test_float_precision PASSED [ 37%]
tests/unit/models/common/test_model_numeric_value.py::TestModelNumericValueEdgeCases::test_integer_to_float_conversion PASSED [ 37%]
tests/unit/models/common/test_model_numeric_value.py::TestModelNumericValueEdgeCases::test_comparison_cross_type PASSED [ 37%]
tests/unit/models/common/test_model_numeric_value.py::TestModelNumericValueEdgeCases::test_source_preservation PASSED [ 37%]
tests/unit/models/common/test_model_numeric_value.py::TestModelNumericValueEdgeCases::test_validation_flag PASSED [ 37%]
tests/unit/models/common/test_model_numeric_value.py::TestModelNumericValueEdgeCases::test_equality_with_non_numeric PASSED [ 37%]
tests/unit/models/config/test_model_example.py::TestModelExample::test_default_creation PASSED [ 37%]
tests/unit/models/config/test_model_example.py::TestModelExample::test_creation_with_all_fields PASSED [ 37%]
tests/unit/models/config/test_model_example.py::TestModelExample::test_json_serialization PASSED [ 37%]
tests/unit/models/config/test_model_example.py::TestModelExample::test_json_deserialization PASSED [ 37%]
tests/unit/models/config/test_model_example.py::TestModelExample::test_round_trip_serialization PASSED [ 37%]
tests/unit/models/config/test_model_example.py::TestModelExample::test_field_validation PASSED [ 37%]
tests/unit/models/config/test_model_example.py::TestModelExampleEdgeCases::test_empty_string_handling PASSED [ 37%]
tests/unit/models/config/test_model_example.py::TestModelExampleEdgeCases::test_unicode_handling PASSED [ 37%]
tests/unit/models/config/test_model_example.py::TestModelExampleEdgeCases::test_large_string_handling PASSED [ 37%]
tests/unit/models/config/test_model_example_context_data.py::TestModelExampleContextData::test_initialization_empty PASSED [ 37%]
tests/unit/models/config/test_model_example_context_data.py::TestModelExampleContextData::test_initialization_with_values PASSED [ 37%]
tests/unit/models/config/test_model_example_context_data.py::TestModelExampleContextData::test_environment_variables_management PASSED [ 37%]
tests/unit/models/config/test_model_example_context_data.py::TestModelExampleContextData::test_configuration_overrides_management PASSED [ 37%]
tests/unit/models/config/test_model_example_context_data.py::TestModelExampleContextData::test_tags_management PASSED [ 37%]
tests/unit/models/config/test_model_example_context_data.py::TestModelExampleContextData::test_schema_version_with_semver PASSED [ 37%]
tests/unit/models/config/test_model_example_context_data.py::TestModelExampleContextData::test_timeout_validation_positive PASSED [ 37%]
tests/unit/models/config/test_model_example_context_data.py::TestModelExampleContextData::test_complex_initialization PASSED [ 37%]
tests/unit/models/config/test_model_example_context_data.py::TestModelExampleContextData::test_pydantic_serialization PASSED [ 37%]
tests/unit/models/config/test_model_example_context_data.py::TestModelExampleContextData::test_pydantic_deserialization PASSED [ 37%]
tests/unit/models/config/test_model_example_context_data.py::TestModelExampleContextData::test_model_copy PASSED [ 38%]
tests/unit/models/config/test_model_example_context_data.py::TestModelExampleContextData::test_model_round_trip PASSED [ 38%]
tests/unit/models/config/test_model_example_context_data.py::TestModelExampleContextData::test_edge_cases_empty_collections PASSED [ 38%]
tests/unit/models/config/test_model_example_context_data.py::TestModelExampleContextData::test_edge_cases_none_values PASSED [ 38%]
tests/unit/models/config/test_model_example_context_data.py::TestModelExampleContextData::test_field_types_validation PASSED [ 38%]
tests/unit/models/config/test_model_example_context_data.py::TestModelExampleContextData::test_json_serialization PASSED [ 38%]
tests/unit/models/config/test_model_example_context_data.py::TestModelExampleContextData::test_model_equality PASSED [ 38%]
tests/unit/models/connections/test_model_custom_connection_properties.py::TestModelCustomConnectionProperties::test_default_initialization PASSED [ 38%]
tests/unit/models/connections/test_model_custom_connection_properties.py::TestModelCustomConnectionProperties::test_database_connection_factory PASSED [ 38%]
tests/unit/models/connections/test_model_custom_connection_properties.py::TestModelCustomConnectionProperties::test_queue_connection_factory PASSED [ 38%]
tests/unit/models/connections/test_model_custom_connection_properties.py::TestModelCustomConnectionProperties::test_service_connection_factory_with_enum PASSED [ 38%]
tests/unit/models/connections/test_model_custom_connection_properties.py::TestModelCustomConnectionProperties::test_service_connection_factory_with_string PASSED [ 38%]
tests/unit/models/connections/test_model_custom_connection_properties.py::TestModelCustomConnectionProperties::test_service_connection_factory_with_generic_string PASSED [ 38%]
tests/unit/models/connections/test_model_custom_connection_properties.py::TestModelCustomConnectionProperties::test_service_connection_factory_with_unknown_string PASSED [ 38%]
tests/unit/models/connections/test_model_custom_connection_properties.py::TestModelCustomConnectionProperties::test_uuid_references PASSED [ 38%]
tests/unit/models/connections/test_model_custom_connection_properties.py::TestModelCustomConnectionProperties::test_identifier_getters_with_display_names PASSED [ 38%]
tests/unit/models/connections/test_model_custom_connection_properties.py::TestModelCustomConnectionProperties::test_identifier_getters_with_uuids_only PASSED [ 38%]
tests/unit/models/connections/test_model_custom_connection_properties.py::TestModelCustomConnectionProperties::test_identifier_getters_with_no_values PASSED [ 38%]
tests/unit/models/connections/test_model_custom_connection_properties.py::TestModelCustomConnectionProperties::test_identifier_getters_display_name_priority PASSED [ 38%]
tests/unit/models/connections/test_model_custom_connection_properties.py::TestModelCustomConnectionProperties::test_instance_type_enum_validation PASSED [ 38%]
tests/unit/models/connections/test_model_custom_connection_properties.py::TestModelCustomConnectionProperties::test_serialization_compatibility PASSED [ 38%]
tests/unit/models/connections/test_model_custom_connection_properties.py::TestModelCustomConnectionProperties::test_custom_properties_integration PASSED [ 38%]
tests/unit/models/contracts/test_model_fast_imports.py::TestModelFastContractFactory::test_factory_initialization PASSED [ 38%]
tests/unit/models/contracts/test_model_fast_imports.py::TestModelFastContractFactory::test_import_paths_configured_correctly PASSED [ 38%]
tests/unit/models/contracts/test_model_fast_imports.py::TestModelFastContractFactory::test_get_base_returns_contract_base_class PASSED [ 38%]
tests/unit/models/contracts/test_model_fast_imports.py::TestModelFastContractFactory::test_get_compute_returns_contract_compute_class PASSED [ 38%]
tests/unit/models/contracts/test_model_fast_imports.py::TestModelFastContractFactory::test_get_effect_returns_contract_effect_class PASSED [ 38%]
tests/unit/models/contracts/test_model_fast_imports.py::TestModelFastContractFactory::test_get_reducer_returns_contract_reducer_class PASSED [ 38%]
tests/unit/models/contracts/test_model_fast_imports.py::TestModelFastContractFactory::test_get_orchestrator_returns_contract_orchestrator_class PASSED [ 38%]
tests/unit/models/contracts/test_model_fast_imports.py::TestModelFastContractFactory::test_caching_prevents_reimport PASSED [ 38%]
tests/unit/models/contracts/test_model_fast_imports.py::TestModelFastContractFactory::test_get_all_contracts_returns_all_five_types PASSED [ 38%]
tests/unit/models/contracts/test_model_fast_imports.py::TestModelFastContractFactory::test_get_all_contracts_classes_are_correct PASSED [ 38%]
tests/unit/models/contracts/test_model_fast_imports.py::TestModelFastContractFactory::test_get_stats_returns_correct_structure PASSED [ 38%]
tests/unit/models/contracts/test_model_fast_imports.py::TestModelFastContractFactory::test_get_stats_reflects_cache_state PASSED [ 38%]
tests/unit/models/contracts/test_model_fast_imports.py::TestModelFastContractFactory::test_import_contract_with_invalid_type_raises_error PASSED [ 38%]
tests/unit/models/contracts/test_model_fast_imports.py::TestModelFastContractFactory::test_multiple_factories_have_independent_caches PASSED [ 38%]
tests/unit/models/contracts/test_model_fast_imports.py::TestModuleLevelFunctions::test_base_function_returns_base_class PASSED [ 38%]
tests/unit/models/contracts/test_model_fast_imports.py::TestModuleLevelFunctions::test_compute_function_returns_compute_class PASSED [ 38%]
tests/unit/models/contracts/test_model_fast_imports.py::TestModuleLevelFunctions::test_effect_function_returns_effect_class PASSED [ 38%]
tests/unit/models/contracts/test_model_fast_imports.py::TestModuleLevelFunctions::test_reducer_function_returns_reducer_class PASSED [ 38%]
tests/unit/models/contracts/test_model_fast_imports.py::TestModuleLevelFunctions::test_orchestrator_function_returns_orchestrator_class PASSED [ 38%]
tests/unit/models/contracts/test_model_fast_imports.py::TestModuleLevelFunctions::test_all_contracts_function_returns_all_types PASSED [ 38%]
tests/unit/models/contracts/test_model_fast_imports.py::TestModuleLevelFunctions::test_factory_stats_function_returns_statistics PASSED [ 38%]
tests/unit/models/contracts/test_model_fast_imports.py::TestModuleLevelFunctions::test_module_functions_use_global_factory PASSED [ 38%]
tests/unit/models/contracts/test_model_fast_imports.py::TestCreationHelpers::test_create_compute_contract_function_exists PASSED [ 39%]
tests/unit/models/contracts/test_model_fast_imports.py::TestCreationHelpers::test_create_effect_contract_function_exists PASSED [ 39%]
tests/unit/models/contracts/test_model_fast_imports.py::TestCreationHelpers::test_create_base_contract_function_exists PASSED [ 39%]
tests/unit/models/contracts/test_model_fast_imports.py::TestPreloadingFunctions::test_preload_critical_contracts_loads_common_contracts PASSED [ 39%]
tests/unit/models/contracts/test_model_fast_imports.py::TestPreloadingFunctions::test_preload_all_contracts_loads_all_types PASSED [ 39%]
tests/unit/models/contracts/test_model_fast_imports.py::TestPerformanceMonitoring::test_performance_monitor_exists PASSED [ 39%]
tests/unit/models/contracts/test_model_fast_imports.py::TestPerformanceMonitoring::test_measure_import_time_returns_metrics PASSED [ 39%]
tests/unit/models/contracts/test_model_fast_imports.py::TestPerformanceMonitoring::test_measure_import_time_metrics_structure PASSED [ 39%]
tests/unit/models/contracts/test_model_fast_imports.py::TestPerformanceMonitoring::test_performance_status_optimal_for_fast_access PASSED [ 39%]
tests/unit/models/contracts/test_model_fast_imports.py::TestZeroImportTimeLoading::test_no_imports_at_module_level PASSED [ 39%]
tests/unit/models/contracts/test_model_fast_imports.py::TestZeroImportTimeLoading::test_imports_occur_only_on_demand PASSED [ 39%]
tests/unit/models/contracts/test_model_fast_imports.py::TestZeroImportTimeLoading::test_module_all_exports_correct_functions PASSED [ 39%]
tests/unit/models/contracts/test_model_fast_imports.py::TestErrorHandling::test_invalid_contract_type_raises_appropriate_error PASSED [ 39%]
tests/unit/models/contracts/test_model_fast_imports.py::TestErrorHandling::test_missing_class_in_module_raises_attribute_error PASSED [ 39%]
tests/unit/models/contracts/test_model_lazy_imports.py::TestModelLazyContractLoader::test_loader_initialization PASSED [ 39%]
tests/unit/models/contracts/test_model_lazy_imports.py::TestModelLazyContractLoader::test_get_contract_base_returns_base_class PASSED [ 39%]
tests/unit/models/contracts/test_model_lazy_imports.py::TestModelLazyContractLoader::test_get_contract_compute_returns_compute_class PASSED [ 39%]
tests/unit/models/contracts/test_model_lazy_imports.py::TestModelLazyContractLoader::test_get_contract_effect_returns_effect_class PASSED [ 39%]
tests/unit/models/contracts/test_model_lazy_imports.py::TestModelLazyContractLoader::test_get_contract_reducer_returns_reducer_class PASSED [ 39%]
tests/unit/models/contracts/test_model_lazy_imports.py::TestModelLazyContractLoader::test_get_contract_orchestrator_returns_orchestrator_class PASSED [ 39%]
tests/unit/models/contracts/test_model_lazy_imports.py::TestModelLazyContractLoader::test_caching_stores_classes_in_cache PASSED [ 39%]
tests/unit/models/contracts/test_model_lazy_imports.py::TestModelLazyContractLoader::test_multiple_calls_return_same_instance PASSED [ 39%]
tests/unit/models/contracts/test_model_lazy_imports.py::TestModelLazyContractLoader::test_functools_cache_decorator_applied PASSED [ 39%]
tests/unit/models/contracts/test_model_lazy_imports.py::TestModelLazyContractLoader::test_preload_all_loads_all_contracts PASSED [ 39%]
tests/unit/models/contracts/test_model_lazy_imports.py::TestModelLazyContractLoader::test_get_cache_stats_returns_correct_structure PASSED [ 39%]
tests/unit/models/contracts/test_model_lazy_imports.py::TestModelLazyContractLoader::test_get_cache_stats_reflects_cache_state PASSED [ 39%]
tests/unit/models/contracts/test_model_lazy_imports.py::TestModelLazyContractLoader::test_get_cache_stats_available_models_list PASSED [ 39%]
tests/unit/models/contracts/test_model_lazy_imports.py::TestModelLazyContractLoader::test_multiple_loaders_have_independent_caches PASSED [ 39%]
tests/unit/models/contracts/test_model_lazy_imports.py::TestModuleLevelFunctions::test_get_contract_base_function_returns_base_class PASSED [ 39%]
tests/unit/models/contracts/test_model_lazy_imports.py::TestModuleLevelFunctions::test_get_contract_compute_function_returns_compute_class PASSED [ 39%]
tests/unit/models/contracts/test_model_lazy_imports.py::TestModuleLevelFunctions::test_get_contract_effect_function_returns_effect_class PASSED [ 39%]
tests/unit/models/contracts/test_model_lazy_imports.py::TestModuleLevelFunctions::test_get_contract_reducer_function_returns_reducer_class PASSED [ 39%]
tests/unit/models/contracts/test_model_lazy_imports.py::TestModuleLevelFunctions::test_get_contract_orchestrator_function_returns_orchestrator_class PASSED [ 39%]
tests/unit/models/contracts/test_model_lazy_imports.py::TestModuleLevelFunctions::test_preload_all_contracts_function PASSED [ 39%]
tests/unit/models/contracts/test_model_lazy_imports.py::TestModuleLevelFunctions::test_get_loader_stats_function_returns_statistics PASSED [ 39%]
tests/unit/models/contracts/test_model_lazy_imports.py::TestModuleLevelFunctions::test_module_functions_use_singleton_loader PASSED [ 39%]
tests/unit/models/contracts/test_model_lazy_imports.py::TestSingletonBehavior::test_singleton_loader_instance_exists PASSED [ 39%]
tests/unit/models/contracts/test_model_lazy_imports.py::TestSingletonBehavior::test_singleton_loader_is_model_lazy_contract_loader PASSED [ 39%]
tests/unit/models/contracts/test_model_lazy_imports.py::TestSingletonBehavior::test_module_functions_access_same_singleton PASSED [ 39%]
tests/unit/models/contracts/test_model_lazy_imports.py::TestLazyLoadingBehavior::test_no_imports_at_module_level PASSED [ 39%]
tests/unit/models/contracts/test_model_lazy_imports.py::TestLazyLoadingBehavior::test_imports_occur_only_on_demand PASSED [ 39%]
tests/unit/models/contracts/test_model_lazy_imports.py::TestLazyLoadingBehavior::test_type_checking_imports_dont_affect_runtime PASSED [ 39%]
tests/unit/models/contracts/test_model_lazy_imports.py::TestLazyLoadingBehavior::test_module_all_exports_correct_functions PASSED [ 39%]
tests/unit/models/contracts/test_model_lazy_imports.py::TestPerformanceOptimization::test_lazy_loading_defers_import_penalty PASSED [ 40%]
tests/unit/models/contracts/test_model_lazy_imports.py::TestPerformanceOptimization::test_functools_cache_reduces_repeated_loading PASSED [ 40%]
tests/unit/models/contracts/test_model_lazy_imports.py::TestPerformanceOptimization::test_preload_all_for_performance_critical_scenarios PASSED [ 40%]
tests/unit/models/contracts/test_model_lazy_imports.py::TestIntegrationWithContracts::test_loaded_base_contract_is_class PASSED [ 40%]
tests/unit/models/contracts/test_model_lazy_imports.py::TestIntegrationWithContracts::test_loaded_compute_contract_is_class PASSED [ 40%]
tests/unit/models/contracts/test_model_lazy_imports.py::TestIntegrationWithContracts::test_all_contract_types_can_be_loaded_and_used PASSED [ 40%]
tests/unit/models/contracts/test_model_yaml_contract.py::TestModelYamlContract::test_valid_contract_creation PASSED [ 40%]
tests/unit/models/contracts/test_model_yaml_contract.py::TestModelYamlContract::test_contract_with_legacy_node_type PASSED [ 40%]
tests/unit/models/contracts/test_model_yaml_contract.py::TestModelYamlContract::test_missing_contract_version_fails PASSED [ 40%]
tests/unit/models/contracts/test_model_yaml_contract.py::TestModelYamlContract::test_missing_node_type_fails PASSED [ 40%]
tests/unit/models/contracts/test_model_yaml_contract.py::TestModelYamlContract::test_invalid_node_type_fails PASSED [ 40%]
tests/unit/models/contracts/test_model_yaml_contract.py::TestModelYamlContract::test_validate_yaml_content_classmethod PASSED [ 40%]
tests/unit/models/contracts/test_model_yaml_contract.py::TestModelYamlContract::test_extra_fields_allowed PASSED [ 40%]
tests/unit/models/core/test_model_cli_action.py::TestModelCliAction::test_model_instantiation_valid_data PASSED [ 40%]
tests/unit/models/core/test_model_cli_action.py::TestModelCliAction::test_model_instantiation_with_all_fields PASSED [ 40%]
tests/unit/models/core/test_model_cli_action.py::TestModelCliAction::test_required_fields_validation PASSED [ 40%]
tests/unit/models/core/test_model_cli_action.py::TestModelCliAction::test_action_name_id_auto_generation PASSED [ 40%]
tests/unit/models/core/test_model_cli_action.py::TestModelCliAction::test_action_name_pattern_validation PASSED [ 40%]
tests/unit/models/core/test_model_cli_action.py::TestModelCliAction::test_field_types_validation PASSED [ 40%]
tests/unit/models/core/test_model_cli_action.py::TestModelCliAction::test_from_contract_action_factory_method PASSED [ 40%]
tests/unit/models/core/test_model_cli_action.py::TestModelCliAction::test_get_qualified_name_method PASSED [ 40%]
tests/unit/models/core/test_model_cli_action.py::TestModelCliAction::test_get_globally_unique_id_method PASSED [ 40%]
tests/unit/models/core/test_model_cli_action.py::TestModelCliAction::test_matches_method PASSED [ 40%]
tests/unit/models/core/test_model_cli_action.py::TestModelCliAction::test_matches_node_id_method PASSED [ 40%]
tests/unit/models/core/test_model_cli_action.py::TestModelCliAction::test_matches_action_id_method PASSED [ 40%]
tests/unit/models/core/test_model_cli_action.py::TestModelCliAction::test_model_serialization PASSED [ 40%]
tests/unit/models/core/test_model_cli_action.py::TestModelCliAction::test_model_deserialization PASSED [ 40%]
tests/unit/models/core/test_model_cli_action.py::TestModelCliAction::test_model_json_serialization PASSED [ 40%]
tests/unit/models/core/test_model_cli_action.py::TestModelCliAction::test_model_equality PASSED [ 40%]
tests/unit/models/core/test_model_cli_action.py::TestModelCliAction::test_model_repr PASSED [ 40%]
tests/unit/models/core/test_model_cli_action.py::TestModelCliAction::test_optional_fields_defaults PASSED [ 40%]
tests/unit/models/core/test_model_cli_action.py::TestModelCliAction::test_category_field_accepts_none_and_enum_values PASSED [ 40%]
tests/unit/models/core/test_model_cli_action.py::TestModelCliActionEdgeCases::test_empty_string_fields PASSED [ 40%]
tests/unit/models/core/test_model_cli_action.py::TestModelCliActionEdgeCases::test_whitespace_handling PASSED [ 40%]
tests/unit/models/core/test_model_cli_action.py::TestModelCliActionEdgeCases::test_unicode_characters PASSED [ 40%]
tests/unit/models/core/test_model_cli_action.py::TestModelCliActionEdgeCases::test_very_long_strings PASSED [ 40%]
tests/unit/models/core/test_model_cli_action.py::TestModelCliActionEdgeCases::test_special_characters_in_allowed_fields PASSED [ 40%]
tests/unit/models/core/test_model_cli_action.py::TestModelCliActionEdgeCases::test_none_values_for_optional_fields PASSED [ 40%]
tests/unit/models/core/test_model_cli_action.py::TestModelCliActionEdgeCases::test_factory_method_with_invalid_pattern PASSED [ 40%]
tests/unit/models/core/test_model_cli_execution.py::TestModelCliExecution::test_model_instantiation_minimal_data PASSED [ 40%]
tests/unit/models/core/test_model_cli_execution.py::TestModelCliExecution::test_model_instantiation_with_all_fields PASSED [ 40%]
tests/unit/models/core/test_model_cli_execution.py::TestModelCliExecution::test_required_fields_validation PASSED [ 40%]
tests/unit/models/core/test_model_cli_execution.py::TestModelCliExecution::test_progress_percentage_validation PASSED [ 40%]
tests/unit/models/core/test_model_cli_execution.py::TestModelCliExecution::test_timeout_seconds_validation PASSED [ 40%]
tests/unit/models/core/test_model_cli_execution.py::TestModelCliExecution::test_max_memory_mb_validation PASSED [ 41%]
tests/unit/models/core/test_model_cli_execution.py::TestModelCliExecution::test_retry_validation PASSED [ 41%]
tests/unit/models/core/test_model_cli_execution.py::TestModelCliExecution::test_default_factory_fields PASSED [ 41%]
tests/unit/models/core/test_model_cli_execution.py::TestModelCliExecution::test_get_command_name_method PASSED [ 41%]
tests/unit/models/core/test_model_cli_execution.py::TestModelCliExecution::test_get_target_node_name_method PASSED [ 41%]
tests/unit/models/core/test_model_cli_execution.py::TestModelCliExecution::test_elapsed_time_methods PASSED [ 41%]
tests/unit/models/core/test_model_cli_execution.py::TestModelCliExecution::test_status_check_methods PASSED [ 41%]
tests/unit/models/core/test_model_cli_execution.py::TestModelCliExecution::test_is_timed_out_method PASSED [ 41%]
tests/unit/models/core/test_model_cli_execution.py::TestModelCliExecution::test_mark_started_method PASSED [ 41%]
tests/unit/models/core/test_model_cli_execution.py::TestModelCliExecution::test_mark_completed_method PASSED [ 41%]
tests/unit/models/core/test_model_cli_execution.py::TestModelCliExecution::test_mark_failed_method PASSED [ 41%]
tests/unit/models/core/test_model_cli_execution.py::TestModelCliExecution::test_mark_cancelled_method PASSED [ 41%]
tests/unit/models/core/test_model_cli_execution.py::TestModelCliExecution::test_set_phase_method PASSED [ 41%]
tests/unit/models/core/test_model_cli_execution.py::TestModelCliExecution::test_set_progress_method PASSED [ 41%]
tests/unit/models/core/test_model_cli_execution.py::TestModelCliExecution::test_increment_retry_method PASSED [ 41%]
tests/unit/models/core/test_model_cli_execution.py::TestModelCliExecution::test_add_tag_method PASSED [ 41%]
tests/unit/models/core/test_model_cli_execution.py::TestModelCliExecution::test_context_methods PASSED [ 41%]
tests/unit/models/core/test_model_cli_execution.py::TestModelCliExecution::test_input_data_methods PASSED [ 41%]
tests/unit/models/core/test_model_cli_execution.py::TestModelCliExecution::test_get_summary_method PASSED [ 41%]
tests/unit/models/core/test_model_cli_execution.py::TestModelCliExecution::test_factory_methods PASSED [ 41%]
tests/unit/models/core/test_model_cli_execution.py::TestModelCliExecution::test_model_serialization PASSED [ 41%]
tests/unit/models/core/test_model_cli_execution.py::TestModelCliExecution::test_model_deserialization PASSED [ 41%]
tests/unit/models/core/test_model_cli_execution.py::TestModelCliExecution::test_model_json_serialization PASSED [ 41%]
tests/unit/models/core/test_model_cli_execution.py::TestModelCliExecution::test_model_equality PASSED [ 41%]
tests/unit/models/core/test_model_cli_execution.py::TestModelCliExecutionEdgeCases::test_invalid_field_types PASSED [ 41%]
tests/unit/models/core/test_model_cli_execution.py::TestModelCliExecutionEdgeCases::test_datetime_handling PASSED [ 41%]
tests/unit/models/core/test_model_cli_execution.py::TestModelCliExecutionEdgeCases::test_large_values PASSED [ 41%]
tests/unit/models/core/test_model_cli_execution.py::TestModelCliExecutionEdgeCases::test_empty_collections PASSED [ 41%]
tests/unit/models/core/test_model_cli_execution.py::TestModelCliExecutionEdgeCases::test_unicode_and_special_characters PASSED [ 41%]
tests/unit/models/core/test_model_cli_execution.py::TestModelCliExecutionEdgeCases::test_none_values_for_optional_fields PASSED [ 41%]
tests/unit/models/core/test_model_cli_execution.py::TestModelCliExecutionEdgeCases::test_edge_case_retry_logic PASSED [ 41%]
tests/unit/models/core/test_model_configuration_base.py::TestModelConfigurationBase::test_basic_creation PASSED [ 41%]
tests/unit/models/core/test_model_configuration_base.py::TestModelConfigurationBase::test_creation_with_data PASSED [ 41%]
tests/unit/models/core/test_model_configuration_base.py::TestModelConfigurationBase::test_empty_configuration PASSED [ 41%]
tests/unit/models/core/test_model_configuration_base.py::TestModelConfigurationBase::test_disabled_configuration PASSED [ 41%]
tests/unit/models/core/test_model_configuration_base.py::TestModelConfigurationBase::test_get_config_value PASSED [ 41%]
tests/unit/models/core/test_model_configuration_base.py::TestModelConfigurationBase::test_utility_methods PASSED [ 41%]
tests/unit/models/core/test_model_configuration_base.py::TestModelConfigurationBase::test_timestamp_update PASSED [ 41%]
tests/unit/models/core/test_model_configuration_base.py::TestModelTypedConfiguration::test_basic_functionality PASSED [ 41%]
tests/unit/models/core/test_model_configuration_base.py::TestModelTypedConfiguration::test_configuration_merging PASSED [ 41%]
tests/unit/models/core/test_model_configuration_base.py::TestModelTypedConfiguration::test_configuration_copying PASSED [ 41%]
tests/unit/models/core/test_model_configuration_base.py::TestModelTypedConfiguration::test_validate_and_enable PASSED [ 41%]
tests/unit/models/core/test_model_configuration_base.py::TestModelTypedConfiguration::test_disable_with_reason PASSED [ 41%]
tests/unit/models/core/test_model_configuration_base.py::TestConfigurationIntegration::test_generic_type_preservation PASSED [ 42%]
tests/unit/models/core/test_model_configuration_base.py::TestConfigurationIntegration::test_inheritance_patterns PASSED [ 42%]
tests/unit/models/core/test_model_container.py::TestModelContainer::test_basic_creation_string PASSED [ 42%]
tests/unit/models/core/test_model_container.py::TestModelContainer::test_basic_creation_int PASSED [ 42%]
tests/unit/models/core/test_model_container.py::TestModelContainer::test_basic_creation_dict PASSED [ 42%]
tests/unit/models/core/test_model_container.py::TestModelContainer::test_create_class_method PASSED [ 42%]
tests/unit/models/core/test_model_container.py::TestModelContainer::test_create_validated_class_method PASSED [ 42%]
tests/unit/models/core/test_model_container.py::TestModelContainer::test_get_value PASSED [ 42%]
tests/unit/models/core/test_model_container.py::TestModelContainer::test_update_value_basic PASSED [ 42%]
tests/unit/models/core/test_model_container.py::TestModelContainer::test_update_value_with_validation_notes PASSED [ 42%]
tests/unit/models/core/test_model_container.py::TestModelContainer::test_update_value_mark_validated PASSED [ 42%]
tests/unit/models/core/test_model_container.py::TestModelContainer::test_map_value_success PASSED [ 42%]
tests/unit/models/core/test_model_container.py::TestModelContainer::test_map_value_with_type_change PASSED [ 42%]
tests/unit/models/core/test_model_container.py::TestModelContainer::test_map_value_failure PASSED [ 42%]
tests/unit/models/core/test_model_container.py::TestModelContainer::test_validate_with_success PASSED [ 42%]
tests/unit/models/core/test_model_container.py::TestModelContainer::test_validate_with_failure PASSED [ 42%]
tests/unit/models/core/test_model_container.py::TestModelContainer::test_validate_with_exception_in_validator PASSED [ 42%]
tests/unit/models/core/test_model_container.py::TestModelContainer::test_compare_value_with_same_type PASSED [ 42%]
tests/unit/models/core/test_model_container.py::TestModelContainer::test_compare_value_with_container PASSED [ 42%]
tests/unit/models/core/test_model_container.py::TestModelContainer::test_equality_operator PASSED [ 42%]
tests/unit/models/core/test_model_container.py::TestModelContainer::test_string_representation PASSED [ 42%]
tests/unit/models/core/test_model_container.py::TestModelContainer::test_string_representation_unvalidated PASSED [ 42%]
tests/unit/models/core/test_model_container.py::TestModelContainer::test_repr_method PASSED [ 42%]
tests/unit/models/core/test_model_container.py::TestModelContainerSerialization::test_json_serialization PASSED [ 42%]
tests/unit/models/core/test_model_container.py::TestModelContainerSerialization::test_json_deserialization PASSED [ 42%]
tests/unit/models/core/test_model_container.py::TestModelContainerSerialization::test_round_trip_serialization PASSED [ 42%]
tests/unit/models/core/test_model_container.py::TestModelContainerEdgeCases::test_none_value PASSED [ 42%]
tests/unit/models/core/test_model_container.py::TestModelContainerEdgeCases::test_empty_string_value PASSED [ 42%]
tests/unit/models/core/test_model_container.py::TestModelContainerEdgeCases::test_zero_value PASSED [ 42%]
tests/unit/models/core/test_model_container.py::TestModelContainerEdgeCases::test_complex_nested_structure PASSED [ 42%]
tests/unit/models/core/test_model_container.py::TestModelContainerEdgeCases::test_validation_with_complex_logic PASSED [ 42%]
tests/unit/models/core/test_model_container.py::TestModelContainerEdgeCases::test_mapping_preserves_source_metadata PASSED [ 42%]
tests/unit/models/core/test_model_container.py::TestModelContainerEdgeCases::test_invalid_pydantic_data PASSED [ 42%]
tests/unit/models/core/test_model_container.py::TestModelContainerEdgeCases::test_type_safety_enforcement PASSED [ 42%]
tests/unit/models/core/test_model_container.py::TestModelContainerIntegration::test_pipeline_processing_pattern PASSED [ 42%]
tests/unit/models/core/test_model_container.py::TestModelContainerIntegration::test_configuration_value_pattern PASSED [ 42%]
tests/unit/models/core/test_model_container.py::TestModelContainerIntegration::test_error_context_preservation FAILED [ 42%]
tests/unit/models/core/test_model_container.py::TestModelContainerIntegration::test_chained_validation PASSED [ 42%]
tests/unit/models/core/test_model_container.py::TestModelContainerIntegration::test_container_as_cache_value PASSED [ 42%]
tests/unit/models/core/test_model_custom_fields_accessor.py::TestModelCustomFieldsAccessor::test_initialization_empty PASSED [ 42%]
tests/unit/models/core/test_model_custom_fields_accessor.py::TestModelCustomFieldsAccessor::test_get_custom_field_no_custom_fields PASSED [ 42%]
tests/unit/models/core/test_model_custom_fields_accessor.py::TestModelCustomFieldsAccessor::test_set_custom_field_initializes_custom_fields PASSED [ 42%]
tests/unit/models/core/test_model_custom_fields_accessor.py::TestModelCustomFieldsAccessor::test_custom_field_string_values PASSED [ 42%]
tests/unit/models/core/test_model_custom_fields_accessor.py::TestModelCustomFieldsAccessor::test_custom_field_numeric_values PASSED [ 42%]
tests/unit/models/core/test_model_custom_fields_accessor.py::TestModelCustomFieldsAccessor::test_custom_field_boolean_values PASSED [ 43%]
tests/unit/models/core/test_model_custom_fields_accessor.py::TestModelCustomFieldsAccessor::test_custom_field_list_values PASSED [ 43%]
tests/unit/models/core/test_model_custom_fields_accessor.py::TestModelCustomFieldsAccessor::test_has_custom_field PASSED [ 43%]
tests/unit/models/core/test_model_custom_fields_accessor.py::TestModelCustomFieldsAccessor::test_remove_custom_field PASSED [ 43%]
tests/unit/models/core/test_model_custom_fields_accessor.py::TestModelCustomFieldsAccessor::test_get_custom_field_with_defaults PASSED [ 43%]
tests/unit/models/core/test_model_custom_fields_accessor.py::TestModelCustomFieldsAccessor::test_multiple_custom_fields_operations PASSED [ 43%]
tests/unit/models/core/test_model_custom_fields_accessor.py::TestModelCustomFieldsAccessor::test_overwrite_custom_field PASSED [ 43%]
tests/unit/models/core/test_model_custom_fields_accessor.py::TestModelCustomFieldsAccessor::test_inheritance_from_field_accessor PASSED [ 43%]
tests/unit/models/core/test_model_custom_fields_accessor.py::TestModelCustomFieldsAccessor::test_custom_fields_initialization_behavior PASSED [ 43%]
tests/unit/models/core/test_model_custom_fields_accessor.py::TestModelCustomFieldsAccessor::test_edge_case_empty_string_values PASSED [ 43%]
tests/unit/models/core/test_model_custom_fields_accessor.py::TestModelCustomFieldsAccessor::test_edge_case_zero_values PASSED [ 43%]
tests/unit/models/core/test_model_custom_fields_accessor.py::TestModelCustomFieldsAccessor::test_edge_case_empty_list PASSED [ 43%]
tests/unit/models/core/test_model_custom_fields_accessor.py::TestModelCustomFieldsAccessor::test_complex_scenario PASSED [ 43%]
tests/unit/models/core/test_model_custom_fields_accessor.py::TestModelCustomFieldsAccessor::test_pydantic_compatibility PASSED [ 43%]
tests/unit/models/core/test_model_custom_fields_accessor.py::TestModelCustomFieldsAccessor::test_field_name_edge_cases PASSED [ 43%]
tests/unit/models/core/test_model_custom_fields_generic.py::TestModelCustomFieldsAccessorGeneric::test_generic_type_instantiation PASSED [ 43%]
tests/unit/models/core/test_model_custom_fields_generic.py::TestModelCustomFieldsAccessorGeneric::test_generic_type_field_operations PASSED [ 43%]
tests/unit/models/core/test_model_custom_fields_generic.py::TestModelCustomFieldsAccessorGeneric::test_generic_type_inheritance_behavior PASSED [ 43%]
tests/unit/models/core/test_model_custom_fields_generic.py::TestModelCustomFieldsAccessorGeneric::test_generic_factory_methods PASSED [ 43%]
tests/unit/models/core/test_model_custom_fields_generic.py::TestModelCustomFieldsAccessorGeneric::test_generic_copy_operations PASSED [ 43%]
tests/unit/models/core/test_model_custom_fields_generic.py::TestModelCustomFieldsAccessorGeneric::test_generic_merge_operations PASSED [ 43%]
tests/unit/models/core/test_model_custom_fields_generic.py::TestModelCustomFieldsAccessorGeneric::test_generic_serialization PASSED [ 43%]
tests/unit/models/core/test_model_custom_fields_generic.py::TestModelCustomFieldsAccessorGeneric::test_generic_pydantic_validation PASSED [ 43%]
tests/unit/models/core/test_model_custom_fields_generic.py::TestModelCustomFieldsAccessorGeneric::test_generic_json_serialization PASSED [ 43%]
tests/unit/models/core/test_model_custom_fields_generic.py::TestModelCustomFieldsAccessorGeneric::test_generic_type_safety PASSED [ 43%]
tests/unit/models/core/test_model_custom_fields_generic.py::TestModelCustomFieldsAccessorGeneric::test_generic_with_complex_types PASSED [ 43%]
tests/unit/models/core/test_model_custom_fields_generic.py::TestModelCustomFieldsAccessorGeneric::test_generic_field_type_detection FAILED [ 43%]
tests/unit/models/core/test_model_custom_fields_generic.py::TestModelCustomFieldsAccessorGeneric::test_generic_field_validation PASSED [ 43%]
tests/unit/models/core/test_model_custom_fields_generic.py::TestModelCustomFieldsAccessorGeneric::test_generic_all_field_operations PASSED [ 43%]
tests/unit/models/core/test_model_custom_fields_generic.py::TestModelCustomFieldsAccessorGeneric::test_generic_fields_by_type PASSED [ 43%]
tests/unit/models/core/test_model_custom_fields_generic.py::TestModelCustomFieldsAccessorGenericEdgeCases::test_generic_with_none_type PASSED [ 43%]
tests/unit/models/core/test_model_custom_fields_generic.py::TestModelCustomFieldsAccessorGenericEdgeCases::test_generic_inheritance_compatibility PASSED [ 43%]
tests/unit/models/core/test_model_custom_fields_generic.py::TestModelCustomFieldsAccessorGenericEdgeCases::test_generic_separate_type_parameters PASSED [ 43%]
tests/unit/models/core/test_model_custom_properties.py::TestModelCustomProperties::test_initialization_empty PASSED [ 43%]
tests/unit/models/core/test_model_custom_properties.py::TestModelCustomProperties::test_set_custom_string PASSED [ 43%]
tests/unit/models/core/test_model_custom_properties.py::TestModelCustomProperties::test_set_custom_number PASSED [ 43%]
tests/unit/models/core/test_model_custom_properties.py::TestModelCustomProperties::test_set_custom_flag PASSED [ 43%]
tests/unit/models/core/test_model_custom_properties.py::TestModelCustomProperties::test_get_custom_value PASSED [ 43%]
tests/unit/models/core/test_model_custom_properties.py::TestModelCustomProperties::test_has_custom_field PASSED [ 43%]
tests/unit/models/core/test_model_custom_properties.py::TestModelCustomProperties::test_remove_custom_field PASSED [ 43%]
tests/unit/models/core/test_model_custom_properties.py::TestModelCustomProperties::test_get_all_custom_fields PASSED [ 43%]
tests/unit/models/core/test_model_custom_properties.py::TestModelCustomProperties::test_set_custom_value_auto_type PASSED [ 43%]
tests/unit/models/core/test_model_custom_properties.py::TestModelCustomProperties::test_set_custom_value_invalid_type PASSED [ 43%]
tests/unit/models/core/test_model_custom_properties.py::TestModelCustomProperties::test_update_from_dict PASSED [ 44%]
tests/unit/models/core/test_model_custom_properties.py::TestModelCustomProperties::test_clear_all PASSED [ 44%]
tests/unit/models/core/test_model_custom_properties.py::TestModelCustomProperties::test_from_dict_class_method PASSED [ 44%]
tests/unit/models/core/test_model_custom_properties.py::TestModelCustomProperties::test_from_metadata PASSED [ 44%]
tests/unit/models/core/test_model_custom_properties.py::TestModelCustomProperties::test_to_metadata PASSED [ 44%]
tests/unit/models/core/test_model_custom_properties.py::TestModelCustomProperties::test_metadata_round_trip PASSED [ 44%]
tests/unit/models/core/test_model_custom_properties.py::TestModelCustomProperties::test_mixed_operations PASSED [ 44%]
tests/unit/models/core/test_model_custom_properties.py::TestModelCustomProperties::test_pydantic_validation PASSED [ 44%]
tests/unit/models/core/test_model_field_accessor.py::TestModelFieldAccessor::test_basic_field_access PASSED [ 44%]
tests/unit/models/core/test_model_field_accessor.py::TestModelFieldAccessor::test_dot_notation_nested_access PASSED [ 44%]
tests/unit/models/core/test_model_field_accessor.py::TestModelFieldAccessor::test_remove_field PASSED [ 44%]
tests/unit/models/core/test_model_field_accessor.py::TestModelFieldAccessor::test_attribute_vs_dict_access PASSED [ 44%]
tests/unit/models/core/test_model_field_accessor.py::TestModelTypedAccessor::test_typed_field_access PASSED [ 44%]
tests/unit/models/core/test_model_field_accessor.py::TestModelTypedAccessor::test_set_typed_field PASSED [ 44%]
tests/unit/models/core/test_model_field_accessor.py::TestModelEnvironmentAccessor::test_string_coercion PASSED [ 44%]
tests/unit/models/core/test_model_field_accessor.py::TestModelEnvironmentAccessor::test_int_coercion PASSED [ 44%]
tests/unit/models/core/test_model_field_accessor.py::TestModelEnvironmentAccessor::test_bool_coercion PASSED [ 44%]
tests/unit/models/core/test_model_field_accessor.py::TestModelEnvironmentAccessor::test_list_coercion PASSED [ 44%]
tests/unit/models/core/test_model_field_accessor.py::TestModelResultAccessor::test_result_value_access PASSED [ 44%]
tests/unit/models/core/test_model_field_accessor.py::TestModelResultAccessor::test_set_result_and_metadata PASSED [ 44%]
tests/unit/models/core/test_model_field_accessor.py::TestModelCustomFieldsAccessor::test_custom_field_access PASSED [ 44%]
tests/unit/models/core/test_model_field_accessor.py::TestModelCustomFieldsAccessor::test_custom_fields_initialization PASSED [ 44%]
tests/unit/models/core/test_model_field_accessor.py::TestFieldAccessorIntegration::test_cli_output_data_pattern PASSED [ 44%]
tests/unit/models/core/test_model_field_accessor.py::TestFieldAccessorIntegration::test_environment_properties_pattern PASSED [ 44%]
tests/unit/models/core/test_model_field_accessor.py::TestFieldAccessorIntegration::test_generic_metadata_pattern PASSED [ 44%]
tests/unit/models/core/test_model_generic_collection.py::TestModelGenericCollection::test_create_empty_collection PASSED [ 44%]
tests/unit/models/core/test_model_generic_collection.py::TestModelGenericCollection::test_create_named_collection PASSED [ 44%]
tests/unit/models/core/test_model_generic_collection.py::TestModelGenericCollection::test_add_item PASSED [ 44%]
tests/unit/models/core/test_model_generic_collection.py::TestModelGenericCollection::test_remove_item_by_id PASSED [ 44%]
tests/unit/models/core/test_model_generic_collection.py::TestModelGenericCollection::test_remove_item_by_index PASSED [ 44%]
tests/unit/models/core/test_model_generic_collection.py::TestModelGenericCollection::test_get_item_by_id PASSED [ 44%]
tests/unit/models/core/test_model_generic_collection.py::TestModelGenericCollection::test_get_item_by_name PASSED [ 44%]
tests/unit/models/core/test_model_generic_collection.py::TestModelGenericCollection::test_get_item_by_index PASSED [ 44%]
tests/unit/models/core/test_model_generic_collection.py::TestModelGenericCollection::test_filter_items PASSED [ 44%]
tests/unit/models/core/test_model_generic_collection.py::TestModelGenericCollection::test_get_enabled_items PASSED [ 44%]
tests/unit/models/core/test_model_generic_collection.py::TestModelGenericCollection::test_get_enabled_items_without_enabled_field PASSED [ 44%]
tests/unit/models/core/test_model_generic_collection.py::TestModelGenericCollection::test_get_valid_items PASSED [ 44%]
tests/unit/models/core/test_model_generic_collection.py::TestModelGenericCollection::test_get_items_by_tag PASSED [ 44%]
tests/unit/models/core/test_model_generic_collection.py::TestModelGenericCollection::test_counting_methods PASSED [ 44%]
tests/unit/models/core/test_model_generic_collection.py::TestModelGenericCollection::test_clear_all PASSED [ 44%]
tests/unit/models/core/test_model_generic_collection.py::TestModelGenericCollection::test_sort_by_priority PASSED [ 44%]
tests/unit/models/core/test_model_generic_collection.py::TestModelGenericCollection::test_sort_by_name PASSED [ 44%]
tests/unit/models/core/test_model_generic_collection.py::TestModelGenericCollection::test_sort_by_created_at PASSED [ 44%]
tests/unit/models/core/test_model_generic_collection.py::TestModelGenericCollection::test_get_item_names PASSED [ 44%]
tests/unit/models/core/test_model_generic_collection.py::TestModelGenericCollection::test_has_item_methods PASSED [ 45%]
tests/unit/models/core/test_model_generic_collection.py::TestModelGenericCollection::test_get_summary PASSED [ 45%]
tests/unit/models/core/test_model_generic_collection.py::TestModelGenericCollection::test_extend_items PASSED [ 45%]
tests/unit/models/core/test_model_generic_collection.py::TestModelGenericCollection::test_find_items PASSED [ 45%]
tests/unit/models/core/test_model_generic_collection.py::TestModelGenericCollection::test_update_item PASSED [ 45%]
tests/unit/models/core/test_model_generic_collection.py::TestModelGenericCollection::test_class_methods PASSED [ 45%]
tests/unit/models/core/test_model_generic_collection.py::TestModelGenericCollection::test_timestamp_updates PASSED [ 45%]
tests/unit/models/core/test_model_generic_collection.py::TestModelGenericCollection::test_collection_display_name_access PASSED [ 45%]
tests/unit/models/core/test_model_generic_collection.py::TestModelGenericCollection::test_collection_id_uniqueness PASSED [ 45%]
tests/unit/models/core/test_model_generic_collection.py::TestModelGenericCollectionEdgeCases::test_empty_collection_operations PASSED [ 45%]
tests/unit/models/core/test_model_generic_collection.py::TestModelGenericCollectionEdgeCases::test_items_without_optional_attributes PASSED [ 45%]
tests/unit/models/core/test_model_generic_collection.py::TestModelGenericCollectionEdgeCases::test_duplicate_names PASSED [ 45%]
tests/unit/models/core/test_model_generic_collection_summary.py::TestModelGenericCollectionSummary::test_initialization_with_required_fields PASSED [ 45%]
tests/unit/models/core/test_model_generic_collection_summary.py::TestModelGenericCollectionSummary::test_initialization_with_optional_fields PASSED [ 45%]
tests/unit/models/core/test_model_generic_collection_summary.py::TestModelGenericCollectionSummary::test_default_collection_id_generated PASSED [ 45%]
tests/unit/models/core/test_model_generic_collection_summary.py::TestModelGenericCollectionSummary::test_default_collection_display_name PASSED [ 45%]
tests/unit/models/core/test_model_generic_collection_summary.py::TestModelGenericCollectionSummary::test_empty_collection_summary PASSED [ 45%]
tests/unit/models/core/test_model_generic_collection_summary.py::TestModelGenericCollectionSummary::test_configure_protocol_method PASSED [ 45%]
tests/unit/models/core/test_model_generic_collection_summary.py::TestModelGenericCollectionSummary::test_configure_with_invalid_fields PASSED [ 45%]
tests/unit/models/core/test_model_generic_collection_summary.py::TestModelGenericCollectionSummary::test_configure_with_exception FAILED [ 45%]
tests/unit/models/core/test_model_generic_collection_summary.py::TestModelGenericCollectionSummary::test_serialize_protocol_method PASSED [ 45%]
tests/unit/models/core/test_model_generic_collection_summary.py::TestModelGenericCollectionSummary::test_serialize_includes_all_fields PASSED [ 45%]
tests/unit/models/core/test_model_generic_collection_summary.py::TestModelGenericCollectionSummary::test_validate_instance_protocol_method PASSED [ 45%]
tests/unit/models/core/test_model_generic_collection_summary.py::TestModelGenericCollectionSummary::test_get_name_protocol_method PASSED [ 45%]
tests/unit/models/core/test_model_generic_collection_summary.py::TestModelGenericCollectionSummary::test_get_name_with_display_name PASSED [ 45%]
tests/unit/models/core/test_model_generic_collection_summary.py::TestModelGenericCollectionSummary::test_set_name_protocol_method PASSED [ 45%]
tests/unit/models/core/test_model_generic_collection_summary.py::TestModelGenericCollectionSummary::test_model_config_extra_ignore PASSED [ 45%]
tests/unit/models/core/test_model_generic_collection_summary.py::TestModelGenericCollectionSummary::test_model_config_validate_assignment PASSED [ 45%]
tests/unit/models/core/test_model_generic_collection_summary.py::TestModelGenericCollectionSummary::test_statistics_consistency PASSED [ 45%]
tests/unit/models/core/test_model_generic_collection_summary.py::TestModelGenericCollectionSummary::test_has_items_flag_consistency PASSED [ 45%]
tests/unit/models/core/test_model_generic_collection_summary.py::TestModelGenericCollectionSummary::test_timestamp_handling PASSED [ 45%]
tests/unit/models/core/test_model_generic_collection_summary.py::TestModelGenericCollectionSummary::test_multiple_summaries_independence PASSED [ 45%]
tests/unit/models/core/test_model_generic_collection_summary.py::TestModelGenericCollectionSummary::test_complex_real_world_scenario PASSED [ 45%]
tests/unit/models/core/test_model_generic_collection_summary.py::TestModelGenericCollectionSummary::test_edge_case_all_disabled PASSED [ 45%]
tests/unit/models/core/test_model_generic_collection_summary.py::TestModelGenericCollectionSummary::test_edge_case_all_invalid PASSED [ 45%]
tests/unit/models/core/test_model_generic_factory.py::TestModelGenericFactory::test_factory_initialization PASSED [ 45%]
tests/unit/models/core/test_model_generic_factory.py::TestModelGenericFactory::test_register_factory_method PASSED [ 45%]
tests/unit/models/core/test_model_generic_factory.py::TestModelGenericFactory::test_register_builder_method PASSED [ 45%]
tests/unit/models/core/test_model_generic_factory.py::TestModelGenericFactory::test_create_instance_success PASSED [ 45%]
tests/unit/models/core/test_model_generic_factory.py::TestModelGenericFactory::test_create_instance_unknown_factory FAILED [ 45%]
tests/unit/models/core/test_model_generic_factory.py::TestModelGenericFactory::test_build_instance_success PASSED [ 45%]
tests/unit/models/core/test_model_generic_factory.py::TestModelGenericFactory::test_build_instance_unknown_builder FAILED [ 45%]
tests/unit/models/core/test_model_generic_factory.py::TestModelGenericFactory::test_multiple_factories_and_builders PASSED [ 45%]
tests/unit/models/core/test_model_generic_factory.py::TestModelGenericFactoryUtilities::test_create_success_result PASSED [ 46%]
tests/unit/models/core/test_model_generic_factory.py::TestModelGenericFactoryUtilities::test_create_success_result_no_data PASSED [ 46%]
tests/unit/models/core/test_model_generic_factory.py::TestModelGenericFactoryUtilities::test_create_error_result PASSED [ 46%]
tests/unit/models/core/test_model_generic_factory.py::TestModelGenericFactoryUtilities::test_create_error_result_enum_severity PASSED [ 46%]
tests/unit/models/core/test_model_generic_factory.py::TestModelGenericFactoryIntegration::test_factory_with_complex_initialization PASSED [ 46%]
tests/unit/models/core/test_model_generic_factory.py::TestModelGenericFactoryIntegration::test_builder_with_validation_logic PASSED [ 46%]
tests/unit/models/core/test_model_generic_factory.py::TestModelGenericFactoryIntegration::test_factory_method_chaining_pattern PASSED [ 46%]
tests/unit/models/core/test_model_generic_factory.py::TestModelGenericFactoryIntegration::test_factory_with_dependency_injection PASSED [ 46%]
tests/unit/models/core/test_model_generic_factory.py::TestModelGenericFactoryIntegration::test_factory_registration_override PASSED [ 46%]
tests/unit/models/core/test_model_generic_factory.py::TestModelGenericFactoryErrorHandling::test_factory_method_exception_propagation PASSED [ 46%]
tests/unit/models/core/test_model_generic_factory.py::TestModelGenericFactoryErrorHandling::test_builder_method_exception_propagation PASSED [ 46%]
tests/unit/models/core/test_model_generic_factory.py::TestModelGenericFactoryErrorHandling::test_invalid_model_parameters PASSED [ 46%]
tests/unit/models/core/test_model_generic_factory.py::TestModelGenericFactoryErrorHandling::test_empty_factory_and_builder_lists PASSED [ 46%]
tests/unit/models/core/test_model_generic_factory.py::TestModelGenericFactoryErrorHandling::test_factory_type_consistency PASSED [ 46%]
tests/unit/models/core/test_model_generic_factory.py::TestModelGenericFactoryErrorHandling::test_utility_methods_with_incompatible_models PASSED [ 46%]
tests/unit/models/core/test_model_generic_metadata_generic.py::TestModelGenericMetadataGeneric::test_generic_type_instantiation PASSED [ 46%]
tests/unit/models/core/test_model_generic_metadata_generic.py::TestModelGenericMetadataGeneric::test_generic_type_with_standard_fields FAILED [ 46%]
tests/unit/models/core/test_model_generic_metadata_generic.py::TestModelGenericMetadataGeneric::test_generic_custom_fields_operations PASSED [ 46%]
tests/unit/models/core/test_model_generic_metadata_generic.py::TestModelGenericMetadataGeneric::test_generic_has_field_operation PASSED [ 46%]
tests/unit/models/core/test_model_generic_metadata_generic.py::TestModelGenericMetadataGeneric::test_generic_remove_field_operation PASSED [ 46%]
tests/unit/models/core/test_model_generic_metadata_generic.py::TestModelGenericMetadataGeneric::test_generic_to_dict_operation PASSED [ 46%]
tests/unit/models/core/test_model_generic_metadata_generic.py::TestModelGenericMetadataGeneric::test_generic_from_dict_factory FAILED [ 46%]
tests/unit/models/core/test_model_generic_metadata_generic.py::TestModelGenericMetadataGeneric::test_generic_pydantic_validation PASSED [ 46%]
tests/unit/models/core/test_model_generic_metadata_generic.py::TestModelGenericMetadataGeneric::test_generic_json_serialization FAILED [ 46%]
tests/unit/models/core/test_model_generic_metadata_generic.py::TestModelGenericMetadataGeneric::test_generic_with_complex_types PASSED [ 46%]
tests/unit/models/core/test_model_generic_metadata_generic.py::TestModelGenericMetadataGeneric::test_generic_custom_fields_none_handling PASSED [ 46%]
tests/unit/models/core/test_model_generic_metadata_generic.py::TestModelGenericMetadataGeneric::test_generic_field_name_conflicts PASSED [ 46%]
tests/unit/models/core/test_model_generic_metadata_generic.py::TestModelGenericMetadataGeneric::test_generic_inheritance_behavior PASSED [ 46%]
tests/unit/models/core/test_model_generic_metadata_generic.py::TestModelGenericMetadataGeneric::test_generic_type_safety PASSED [ 46%]
tests/unit/models/core/test_model_generic_metadata_generic.py::TestModelGenericMetadataGeneric::test_generic_round_trip_operations PASSED [ 46%]
tests/unit/models/core/test_model_generic_metadata_generic.py::TestModelGenericMetadataGenericEdgeCases::test_generic_with_none_type PASSED [ 46%]
tests/unit/models/core/test_model_generic_metadata_generic.py::TestModelGenericMetadataGenericEdgeCases::test_generic_inheritance_compatibility PASSED [ 46%]
tests/unit/models/core/test_model_generic_metadata_generic.py::TestModelGenericMetadataGenericEdgeCases::test_generic_with_union_types PASSED [ 46%]
tests/unit/models/core/test_model_generic_metadata_generic.py::TestModelGenericMetadataGenericEdgeCases::test_generic_custom_fields_initialization PASSED [ 46%]
tests/unit/models/core/test_model_item_summary.py::TestModelItemSummary::test_initialization_defaults PASSED [ 46%]
tests/unit/models/core/test_model_item_summary.py::TestModelItemSummary::test_initialization_with_values PASSED [ 46%]
tests/unit/models/core/test_model_item_summary.py::TestModelItemSummary::test_name_property_with_display_name PASSED [ 46%]
tests/unit/models/core/test_model_item_summary.py::TestModelItemSummary::test_name_property_fallback_to_uuid PASSED [ 46%]
tests/unit/models/core/test_model_item_summary.py::TestModelItemSummary::test_has_properties_empty PASSED [ 46%]
tests/unit/models/core/test_model_item_summary.py::TestModelItemSummary::test_has_properties_with_string_properties PASSED [ 46%]
tests/unit/models/core/test_model_item_summary.py::TestModelItemSummary::test_has_properties_with_numeric_properties PASSED [ 46%]
tests/unit/models/core/test_model_item_summary.py::TestModelItemSummary::test_has_properties_with_boolean_properties PASSED [ 46%]
tests/unit/models/core/test_model_item_summary.py::TestModelItemSummary::test_has_properties_with_multiple_properties PASSED [ 46%]
tests/unit/models/core/test_model_item_summary.py::TestModelItemSummary::test_configure_protocol_method PASSED [ 46%]
tests/unit/models/core/test_model_item_summary.py::TestModelItemSummary::test_configure_with_invalid_fields PASSED [ 47%]
tests/unit/models/core/test_model_item_summary.py::TestModelItemSummary::test_configure_with_exception FAILED [ 47%]
tests/unit/models/core/test_model_item_summary.py::TestModelItemSummary::test_serialize_protocol_method PASSED [ 47%]
tests/unit/models/core/test_model_item_summary.py::TestModelItemSummary::test_serialize_includes_none_values PASSED [ 47%]
tests/unit/models/core/test_model_item_summary.py::TestModelItemSummary::test_validate_instance_protocol_method PASSED [ 47%]
tests/unit/models/core/test_model_item_summary.py::TestModelItemSummary::test_validate_instance_with_data PASSED [ 47%]
tests/unit/models/core/test_model_item_summary.py::TestModelItemSummary::test_get_name_protocol_method PASSED [ 47%]
tests/unit/models/core/test_model_item_summary.py::TestModelItemSummary::test_get_name_with_name_field PASSED [ 47%]
tests/unit/models/core/test_model_item_summary.py::TestModelItemSummary::test_set_name_protocol_method PASSED [ 47%]
tests/unit/models/core/test_model_item_summary.py::TestModelItemSummary::test_item_type_enum_handling PASSED [ 47%]
tests/unit/models/core/test_model_item_summary.py::TestModelItemSummary::test_tags_list_operations PASSED [ 47%]
tests/unit/models/core/test_model_item_summary.py::TestModelItemSummary::test_categories_list_operations PASSED [ 47%]
tests/unit/models/core/test_model_item_summary.py::TestModelItemSummary::test_string_properties_operations PASSED [ 47%]
tests/unit/models/core/test_model_item_summary.py::TestModelItemSummary::test_numeric_properties_operations PASSED [ 47%]
tests/unit/models/core/test_model_item_summary.py::TestModelItemSummary::test_boolean_properties_operations PASSED [ 47%]
tests/unit/models/core/test_model_item_summary.py::TestModelItemSummary::test_model_config_extra_ignore PASSED [ 47%]
tests/unit/models/core/test_model_item_summary.py::TestModelItemSummary::test_model_config_validate_assignment PASSED [ 47%]
tests/unit/models/core/test_model_item_summary.py::TestModelItemSummary::test_timestamps_datetime_handling PASSED [ 47%]
tests/unit/models/core/test_model_item_summary.py::TestModelItemSummary::test_priority_edge_cases PASSED [ 47%]
tests/unit/models/core/test_model_item_summary.py::TestModelItemSummary::test_multiple_items_independence PASSED [ 47%]
tests/unit/models/core/test_model_item_summary.py::TestModelItemSummary::test_empty_collections_are_mutable PASSED [ 47%]
tests/unit/models/core/test_model_item_summary.py::TestModelItemSummary::test_complex_real_world_scenario PASSED [ 47%]
tests/unit/models/core/test_model_namespace_config.py::TestModelNamespaceConfig::test_model_instantiation_with_defaults PASSED [ 47%]
tests/unit/models/core/test_model_namespace_config.py::TestModelNamespaceConfig::test_model_instantiation_with_all_fields FAILED [ 47%]
tests/unit/models/core/test_model_namespace_config.py::TestModelNamespaceConfig::test_all_valid_strategy_values FAILED [ 47%]
tests/unit/models/core/test_model_namespace_config.py::TestModelNamespaceConfig::test_strategy_literal_validation PASSED [ 47%]
tests/unit/models/core/test_model_namespace_config.py::TestModelNamespaceConfig::test_enabled_field_validation PASSED [ 47%]
tests/unit/models/core/test_model_namespace_config.py::TestModelNamespaceConfig::test_field_types_validation PASSED [ 47%]
tests/unit/models/core/test_model_namespace_config.py::TestModelNamespaceConfig::test_model_serialization FAILED [ 47%]
tests/unit/models/core/test_model_namespace_config.py::TestModelNamespaceConfig::test_model_deserialization FAILED [ 47%]
tests/unit/models/core/test_model_namespace_config.py::TestModelNamespaceConfig::test_model_json_serialization PASSED [ 47%]
tests/unit/models/core/test_model_namespace_config.py::TestModelNamespaceConfig::test_model_equality FAILED [ 47%]
tests/unit/models/core/test_model_namespace_config.py::TestModelNamespaceConfig::test_default_values_behavior FAILED [ 47%]
tests/unit/models/core/test_model_namespace_config.py::TestModelNamespaceConfig::test_strategy_combinations FAILED [ 47%]
tests/unit/models/core/test_model_namespace_config.py::TestModelNamespaceConfig::test_repr_and_str FAILED [ 47%]
tests/unit/models/core/test_model_namespace_config.py::TestModelNamespaceConfigEdgeCases::test_none_values PASSED [ 47%]
tests/unit/models/core/test_model_namespace_config.py::TestModelNamespaceConfigEdgeCases::test_empty_and_whitespace_strategy PASSED [ 47%]
tests/unit/models/core/test_model_namespace_config.py::TestModelNamespaceConfigEdgeCases::test_unicode_strategy_values PASSED [ 47%]
tests/unit/models/core/test_model_namespace_config.py::TestModelNamespaceConfigEdgeCases::test_case_sensitivity_strategy PASSED [ 47%]
tests/unit/models/core/test_model_namespace_config.py::TestModelNamespaceConfigEdgeCases::test_boolean_edge_cases PASSED [ 47%]
tests/unit/models/core/test_model_namespace_config.py::TestModelNamespaceConfigEdgeCases::test_serialization_round_trip FAILED [ 47%]
tests/unit/models/core/test_model_namespace_config.py::TestModelNamespaceConfigEdgeCases::test_partial_updates PASSED [ 47%]
tests/unit/models/core/test_model_namespace_config.py::TestModelNamespaceConfigEdgeCases::test_immutability_behavior FAILED [ 47%]
tests/unit/models/core/test_model_namespace_config.py::TestModelNamespaceConfigEdgeCases::test_validation_error_messages PASSED [ 48%]
tests/unit/models/core/test_model_namespace_config.py::TestModelNamespaceConfigEdgeCases::test_configuration_scenarios FAILED [ 48%]
tests/unit/models/core/test_model_node_type.py::TestModelNodeType::test_model_instantiation_minimal_data PASSED [ 48%]
tests/unit/models/core/test_model_node_type.py::TestModelNodeType::test_model_instantiation_with_all_fields PASSED [ 48%]
tests/unit/models/core/test_model_node_type.py::TestModelNodeType::test_required_fields_validation PASSED [ 48%]
tests/unit/models/core/test_model_node_type.py::TestModelNodeType::test_name_pattern_validation PASSED [ 48%]
tests/unit/models/core/test_model_node_type.py::TestModelNodeType::test_category_pattern_validation PASSED [ 48%]
tests/unit/models/core/test_model_node_type.py::TestModelNodeType::test_execution_priority_validation PASSED [ 48%]
tests/unit/models/core/test_model_node_type.py::TestModelNodeType::test_field_types_validation PASSED [ 48%]
tests/unit/models/core/test_model_node_type.py::TestModelNodeType::test_factory_method_contract_to_model PASSED [ 48%]
tests/unit/models/core/test_model_node_type.py::TestModelNodeType::test_factory_method_multi_doc_model_generator PASSED [ 48%]
tests/unit/models/core/test_model_node_type.py::TestModelNodeType::test_factory_method_generate_error_codes PASSED [ 48%]
tests/unit/models/core/test_model_node_type.py::TestModelNodeType::test_factory_method_validation_engine PASSED [ 48%]
tests/unit/models/core/test_model_node_type.py::TestModelNodeType::test_factory_method_node_generator PASSED [ 48%]
tests/unit/models/core/test_model_node_type.py::TestModelNodeType::test_factory_method_template_engine PASSED [ 48%]
tests/unit/models/core/test_model_node_type.py::TestModelNodeType::test_factory_method_file_generator PASSED [ 48%]
tests/unit/models/core/test_model_node_type.py::TestModelNodeType::test_factory_method_standards_compliance_fixer PASSED [ 48%]
tests/unit/models/core/test_model_node_type.py::TestModelNodeType::test_factory_method_node_discovery PASSED [ 48%]
tests/unit/models/core/test_model_node_type.py::TestModelNodeType::test_factory_method_node_manager_runner PASSED [ 48%]
tests/unit/models/core/test_model_node_type.py::TestModelNodeType::test_factory_method_logger_emit_log_event PASSED [ 48%]
tests/unit/models/core/test_model_node_type.py::TestModelNodeType::test_factory_method_scenario_runner PASSED [ 48%]
tests/unit/models/core/test_model_node_type.py::TestModelNodeType::test_from_string_method_known_types PASSED [ 48%]
tests/unit/models/core/test_model_node_type.py::TestModelNodeType::test_from_string_method_unknown_type PASSED [ 48%]
tests/unit/models/core/test_model_node_type.py::TestModelNodeType::test_string_representation PASSED [ 48%]
tests/unit/models/core/test_model_node_type.py::TestModelNodeType::test_equality_comparison PASSED [ 48%]
tests/unit/models/core/test_model_node_type.py::TestModelNodeType::test_model_serialization PASSED [ 48%]
tests/unit/models/core/test_model_node_type.py::TestModelNodeType::test_model_deserialization PASSED [ 48%]
tests/unit/models/core/test_model_node_type.py::TestModelNodeType::test_model_json_serialization PASSED [ 48%]
tests/unit/models/core/test_model_node_type.py::TestModelNodeType::test_get_id_returns_type_id PASSED [ 48%]
tests/unit/models/core/test_model_node_type.py::TestModelNodeType::test_get_id_stable_across_calls PASSED [ 48%]
tests/unit/models/core/test_model_node_type.py::TestModelNodeType::test_all_factory_methods_coverage PASSED [ 48%]
tests/unit/models/core/test_model_node_type.py::TestModelNodeTypeEdgeCases::test_empty_string_fields PASSED [ 48%]
tests/unit/models/core/test_model_node_type.py::TestModelNodeTypeEdgeCases::test_whitespace_handling PASSED [ 48%]
tests/unit/models/core/test_model_node_type.py::TestModelNodeTypeEdgeCases::test_unicode_characters PASSED [ 48%]
tests/unit/models/core/test_model_node_type.py::TestModelNodeTypeEdgeCases::test_very_long_strings PASSED [ 48%]
tests/unit/models/core/test_model_node_type.py::TestModelNodeTypeEdgeCases::test_none_values_for_optional_fields PASSED [ 48%]
tests/unit/models/core/test_model_node_type.py::TestModelNodeTypeEdgeCases::test_large_priority_values PASSED [ 48%]
tests/unit/models/core/test_model_node_type.py::TestModelNodeTypeEdgeCases::test_complex_dependencies PASSED [ 48%]
tests/unit/models/core/test_model_node_type.py::TestModelNodeTypeEdgeCases::test_version_compatibility_edge_cases PASSED [ 48%]
tests/unit/models/core/test_model_result_accessor.py::TestModelResultAccessor::test_initialization_empty PASSED [ 48%]
tests/unit/models/core/test_model_result_accessor.py::TestModelResultAccessor::test_get_result_value_from_results PASSED [ 48%]
tests/unit/models/core/test_model_result_accessor.py::TestModelResultAccessor::test_get_result_value_from_metadata_fallback PASSED [ 48%]
tests/unit/models/core/test_model_result_accessor.py::TestModelResultAccessor::test_get_result_value_priority_results_over_metadata PASSED [ 48%]
tests/unit/models/core/test_model_result_accessor.py::TestModelResultAccessor::test_get_result_value_with_default PASSED [ 48%]
tests/unit/models/core/test_model_result_accessor.py::TestModelResultAccessor::test_set_result_value PASSED [ 49%]
tests/unit/models/core/test_model_result_accessor.py::TestModelResultAccessor::test_set_metadata_value PASSED [ 49%]
tests/unit/models/core/test_model_result_accessor.py::TestModelResultAccessor::test_mixed_results_and_metadata_operations PASSED [ 49%]
tests/unit/models/core/test_model_result_accessor.py::TestModelResultAccessor::test_type_validation_string_values PASSED [ 49%]
tests/unit/models/core/test_model_result_accessor.py::TestModelResultAccessor::test_type_validation_numeric_values PASSED [ 49%]
tests/unit/models/core/test_model_result_accessor.py::TestModelResultAccessor::test_type_validation_boolean_values PASSED [ 49%]
tests/unit/models/core/test_model_result_accessor.py::TestModelResultAccessor::test_invalid_type_handling PASSED [ 49%]
tests/unit/models/core/test_model_result_accessor.py::TestModelResultAccessor::test_inheritance_from_field_accessor PASSED [ 49%]
tests/unit/models/core/test_model_result_accessor.py::TestModelResultAccessor::test_complex_cli_result_scenario PASSED [ 49%]
tests/unit/models/core/test_model_result_accessor.py::TestModelResultAccessor::test_overwrite_values PASSED [ 49%]
tests/unit/models/core/test_model_result_accessor.py::TestModelResultAccessor::test_edge_case_zero_values PASSED [ 49%]
tests/unit/models/core/test_model_result_accessor.py::TestModelResultAccessor::test_edge_case_false_values PASSED [ 49%]
tests/unit/models/core/test_model_result_accessor.py::TestModelResultAccessor::test_edge_case_empty_strings PASSED [ 49%]
tests/unit/models/core/test_model_result_accessor.py::TestModelResultAccessor::test_performance_result_scenario PASSED [ 49%]
tests/unit/models/core/test_model_result_accessor.py::TestModelResultAccessor::test_pydantic_compatibility PASSED [ 49%]
tests/unit/models/core/test_model_result_accessor.py::TestModelResultAccessor::test_configure_protocol_method PASSED [ 49%]
tests/unit/models/core/test_model_result_accessor.py::TestModelResultAccessor::test_configure_with_invalid_attribute PASSED [ 49%]
tests/unit/models/core/test_model_result_accessor.py::TestModelResultAccessor::test_configure_with_exception PASSED [ 49%]
tests/unit/models/core/test_model_result_accessor.py::TestModelResultAccessor::test_serialize_protocol_method PASSED [ 49%]
tests/unit/models/core/test_model_result_accessor.py::TestModelResultAccessor::test_serialize_includes_data_attributes PASSED [ 49%]
tests/unit/models/core/test_model_result_accessor.py::TestModelResultAccessor::test_serialize_excludes_private_attributes PASSED [ 49%]
tests/unit/models/core/test_model_result_accessor.py::TestModelResultAccessor::test_validate_instance_protocol_method PASSED [ 49%]
tests/unit/models/core/test_model_result_accessor.py::TestModelResultAccessor::test_validate_instance_with_data PASSED [ 49%]
tests/unit/models/core/test_model_result_accessor.py::TestModelResultAccessor::test_get_name_protocol_method PASSED [ 49%]
tests/unit/models/core/test_model_result_accessor.py::TestModelResultAccessor::test_set_name_protocol_method PASSED [ 49%]
tests/unit/models/core/test_model_result_generic.py::TestResultGeneric::test_result_ok_creation PASSED [ 49%]
tests/unit/models/core/test_model_result_generic.py::TestResultGeneric::test_result_err_creation PASSED [ 49%]
tests/unit/models/core/test_model_result_generic.py::TestResultGeneric::test_result_unwrap_operations PASSED [ 49%]
tests/unit/models/core/test_model_result_generic.py::TestResultGeneric::test_result_unwrap_or_operations PASSED [ 49%]
tests/unit/models/core/test_model_result_generic.py::TestResultGeneric::test_result_unwrap_or_else_operations PASSED [ 49%]
tests/unit/models/core/test_model_result_generic.py::TestResultGeneric::test_result_expect_operations PASSED [ 49%]
tests/unit/models/core/test_model_result_generic.py::TestResultGeneric::test_result_map_operations PASSED [ 49%]
tests/unit/models/core/test_model_result_generic.py::TestResultGeneric::test_result_map_err_operations PASSED [ 49%]
tests/unit/models/core/test_model_result_generic.py::TestResultGeneric::test_result_and_then_operations PASSED [ 49%]
tests/unit/models/core/test_model_result_generic.py::TestResultGeneric::test_result_or_else_operations PASSED [ 49%]
tests/unit/models/core/test_model_result_generic.py::TestResultGeneric::test_result_boolean_conversion PASSED [ 49%]
tests/unit/models/core/test_model_result_generic.py::TestResultGeneric::test_result_string_representations PASSED [ 49%]
tests/unit/models/core/test_model_result_generic.py::TestResultGeneric::test_result_explicit_generic_types PASSED [ 49%]
tests/unit/models/core/test_model_result_generic.py::TestResultGeneric::test_result_factory_functions PASSED [ 49%]
tests/unit/models/core/test_model_result_generic.py::TestResultGeneric::test_try_result_function PASSED [ 49%]
tests/unit/models/core/test_model_result_generic.py::TestResultGeneric::test_collect_results_function PASSED [ 49%]
tests/unit/models/core/test_model_result_generic.py::TestResultGeneric::test_result_pydantic_validation PASSED [ 49%]
tests/unit/models/core/test_model_result_generic.py::TestResultGeneric::test_result_validation_errors PASSED [ 49%]
tests/unit/models/core/test_model_result_generic.py::TestResultGenericComplexTypes::test_result_with_nested_generics PASSED [ 50%]
tests/unit/models/core/test_model_result_generic.py::TestResultGenericComplexTypes::test_result_chaining_with_complex_types PASSED [ 50%]
tests/unit/models/core/test_model_result_generic.py::TestResultGenericComplexTypes::test_result_with_custom_classes PASSED [ 50%]
tests/unit/models/core/test_model_result_generic.py::TestResultGenericEdgeCases::test_result_with_none_values PASSED [ 50%]
tests/unit/models/core/test_model_result_generic.py::TestResultGenericEdgeCases::test_result_recursive_operations PASSED [ 50%]
tests/unit/models/core/test_model_result_generic.py::TestResultGenericEdgeCases::test_result_exception_in_operations PASSED [ 50%]
tests/unit/models/core/test_model_typed_accessor.py::TestModelTypedAccessor::test_initialization PASSED [ 50%]
tests/unit/models/core/test_model_typed_accessor.py::TestModelTypedAccessor::test_get_typed_field_string_success PASSED [ 50%]
tests/unit/models/core/test_model_typed_accessor.py::TestModelTypedAccessor::test_get_typed_field_string_default PASSED [ 50%]
tests/unit/models/core/test_model_typed_accessor.py::TestModelTypedAccessor::test_get_typed_field_string_type_mismatch PASSED [ 50%]
tests/unit/models/core/test_model_typed_accessor.py::TestModelTypedAccessor::test_get_typed_field_int_success PASSED [ 50%]
tests/unit/models/core/test_model_typed_accessor.py::TestModelTypedAccessor::test_get_typed_field_int_default PASSED [ 50%]
tests/unit/models/core/test_model_typed_accessor.py::TestModelTypedAccessor::test_get_typed_field_float_success PASSED [ 50%]
tests/unit/models/core/test_model_typed_accessor.py::TestModelTypedAccessor::test_get_typed_field_bool_success PASSED [ 50%]
tests/unit/models/core/test_model_typed_accessor.py::TestModelTypedAccessor::test_get_typed_field_none_value PASSED [ 50%]
tests/unit/models/core/test_model_typed_accessor.py::TestModelTypedAccessor::test_set_typed_field_string_success PASSED [ 50%]
tests/unit/models/core/test_model_typed_accessor.py::TestModelTypedAccessor::test_set_typed_field_int_success PASSED [ 50%]
tests/unit/models/core/test_model_typed_accessor.py::TestModelTypedAccessor::test_set_typed_field_float_success PASSED [ 50%]
tests/unit/models/core/test_model_typed_accessor.py::TestModelTypedAccessor::test_set_typed_field_bool_success PASSED [ 50%]
tests/unit/models/core/test_model_typed_accessor.py::TestModelTypedAccessor::test_set_typed_field_type_mismatch PASSED [ 50%]
tests/unit/models/core/test_model_typed_accessor.py::TestModelTypedAccessor::test_set_typed_field_with_schema_value PASSED [ 50%]
tests/unit/models/core/test_model_typed_accessor.py::TestModelTypedAccessor::test_multiple_typed_fields PASSED [ 50%]
tests/unit/models/core/test_model_typed_accessor.py::TestModelTypedAccessor::test_overwrite_typed_field PASSED [ 50%]
tests/unit/models/core/test_model_typed_accessor.py::TestModelTypedAccessor::test_configure_protocol_method PASSED [ 50%]
tests/unit/models/core/test_model_typed_accessor.py::TestModelTypedAccessor::test_configure_with_exception FAILED [ 50%]
tests/unit/models/core/test_model_typed_accessor.py::TestModelTypedAccessor::test_serialize_protocol_method PASSED [ 50%]
tests/unit/models/core/test_model_typed_accessor.py::TestModelTypedAccessor::test_serialize_with_data PASSED [ 50%]
tests/unit/models/core/test_model_typed_accessor.py::TestModelTypedAccessor::test_serialize_excludes_private_attributes PASSED [ 50%]
tests/unit/models/core/test_model_typed_accessor.py::TestModelTypedAccessor::test_serialize_handles_non_serializable_types PASSED [ 50%]
tests/unit/models/core/test_model_typed_accessor.py::TestModelTypedAccessor::test_validate_instance_protocol_method PASSED [ 50%]
tests/unit/models/core/test_model_typed_accessor.py::TestModelTypedAccessor::test_validate_instance_with_data PASSED [ 50%]
tests/unit/models/core/test_model_typed_accessor.py::TestModelTypedAccessor::test_get_name_protocol_method PASSED [ 50%]
tests/unit/models/core/test_model_typed_accessor.py::TestModelTypedAccessor::test_set_name_protocol_method PASSED [ 50%]
tests/unit/models/core/test_model_typed_accessor.py::TestModelTypedAccessor::test_inheritance_from_field_accessor PASSED [ 50%]
tests/unit/models/core/test_model_typed_accessor.py::TestModelTypedAccessor::test_nested_path_access PASSED [ 50%]
tests/unit/models/core/test_model_typed_accessor.py::TestModelTypedAccessor::test_list_type_handling PASSED [ 50%]
tests/unit/models/core/test_model_typed_accessor.py::TestModelTypedAccessor::test_dict_type_handling PASSED [ 50%]
tests/unit/models/core/test_model_typed_accessor.py::TestModelTypedAccessor::test_edge_case_empty_string PASSED [ 50%]
tests/unit/models/core/test_model_typed_accessor.py::TestModelTypedAccessor::test_edge_case_zero_value PASSED [ 50%]
tests/unit/models/core/test_model_typed_accessor.py::TestModelTypedAccessor::test_edge_case_false_value PASSED [ 50%]
tests/unit/models/core/test_model_typed_accessor.py::TestModelTypedAccessor::test_type_parameter_in_serialize PASSED [ 50%]
tests/unit/models/core/test_model_typed_accessor.py::TestModelTypedAccessor::test_complex_scenario_mixed_types PASSED [ 50%]
tests/unit/models/core/test_model_typed_accessor.py::TestModelTypedAccessor::test_generic_type_constraints PASSED [ 50%]
tests/unit/models/core/test_model_uri.py::TestModelOnexUri::test_model_instantiation_valid_data FAILED [ 51%]
tests/unit/models/core/test_model_uri.py::TestModelOnexUri::test_model_instantiation_all_valid_types FAILED [ 51%]
tests/unit/models/core/test_model_uri.py::TestModelOnexUri::test_required_fields_validation PASSED [ 51%]
tests/unit/models/core/test_model_uri.py::TestModelOnexUri::test_type_literal_validation PASSED [ 51%]
tests/unit/models/core/test_model_uri.py::TestModelOnexUri::test_field_types_validation PASSED [ 51%]
tests/unit/models/core/test_model_uri.py::TestModelOnexUri::test_various_namespace_formats FAILED [ 51%]
tests/unit/models/core/test_model_uri.py::TestModelOnexUri::test_various_version_specs FAILED [ 51%]
tests/unit/models/core/test_model_uri.py::TestModelOnexUri::test_original_uri_formats FAILED [ 51%]
tests/unit/models/core/test_model_uri.py::TestModelOnexUri::test_real_world_uri_examples FAILED [ 51%]
tests/unit/models/core/test_model_uri.py::TestModelOnexUri::test_model_serialization FAILED [ 51%]
tests/unit/models/core/test_model_uri.py::TestModelOnexUri::test_model_deserialization FAILED [ 51%]
tests/unit/models/core/test_model_uri.py::TestModelOnexUri::test_model_json_serialization FAILED [ 51%]
tests/unit/models/core/test_model_uri.py::TestModelOnexUri::test_model_equality FAILED [ 51%]
tests/unit/models/core/test_model_uri.py::TestModelOnexUri::test_model_instantiation_explicit_typing FAILED [ 51%]
tests/unit/models/core/test_model_uri.py::TestModelOnexUriEdgeCases::test_empty_string_fields FAILED [ 51%]
tests/unit/models/core/test_model_uri.py::TestModelOnexUriEdgeCases::test_whitespace_handling FAILED [ 51%]
tests/unit/models/core/test_model_uri.py::TestModelOnexUriEdgeCases::test_unicode_characters FAILED [ 51%]
tests/unit/models/core/test_model_uri.py::TestModelOnexUriEdgeCases::test_very_long_strings FAILED [ 51%]
tests/unit/models/core/test_model_uri.py::TestModelOnexUriEdgeCases::test_special_characters_in_fields FAILED [ 51%]
tests/unit/models/core/test_model_uri.py::TestModelOnexUriEdgeCases::test_type_field_edge_cases FAILED [ 51%]
tests/unit/models/core/test_model_uri.py::TestModelOnexUriEdgeCases::test_none_values_not_allowed PASSED [ 51%]
tests/unit/models/core/test_model_uri.py::TestModelOnexUriEdgeCases::test_mixed_case_type_validation PASSED [ 51%]
tests/unit/models/core/test_model_uri.py::TestModelOnexUriEdgeCases::test_comprehensive_uri_scenarios FAILED [ 51%]
tests/unit/models/discovery/test_discovery_events.py::TestNodeIntrospectionEvent::test_create_basic_introspection_event FAILED [ 51%]
tests/unit/models/discovery/test_discovery_events.py::TestNodeIntrospectionEvent::test_factory_method_create_from_node_info FAILED [ 51%]
tests/unit/models/discovery/test_discovery_events.py::TestToolDiscoveryRequest::test_create_basic_discovery_request FAILED [ 51%]
tests/unit/models/discovery/test_discovery_events.py::TestToolDiscoveryRequest::test_factory_method_create_mcp_request FAILED [ 51%]
tests/unit/models/discovery/test_discovery_events.py::TestToolDiscoveryResponse::test_create_basic_discovery_response FAILED [ 51%]
tests/unit/models/discovery/test_discovery_events.py::TestToolDiscoveryResponse::test_factory_method_create_success_response FAILED [ 51%]
tests/unit/models/discovery/test_discovery_events.py::TestNodeHealthEvent::test_create_basic_health_event FAILED [ 51%]
tests/unit/models/discovery/test_discovery_events.py::TestNodeHealthEvent::test_factory_method_create_warning_report PASSED [ 51%]
tests/unit/models/discovery/test_discovery_events.py::TestNodeShutdownEvent::test_create_basic_shutdown_event FAILED [ 51%]
tests/unit/models/discovery/test_discovery_events.py::TestNodeShutdownEvent::test_factory_method_create_error_shutdown PASSED [ 51%]
tests/unit/models/discovery/test_discovery_events.py::test_all_events_have_correlation_id_support FAILED [ 51%]
tests/unit/models/discovery/test_request_response_introspection.py::TestRequestIntrospectionEvent::test_basic_request_creation PASSED [ 51%]
tests/unit/models/discovery/test_request_response_introspection.py::TestRequestIntrospectionEvent::test_factory_methods PASSED [ 51%]
tests/unit/models/discovery/test_request_response_introspection.py::TestRequestIntrospectionEvent::test_filters PASSED [ 51%]
tests/unit/models/discovery/test_request_response_introspection.py::TestIntrospectionResponseEvent::test_basic_response_creation PASSED [ 51%]
tests/unit/models/discovery/test_request_response_introspection.py::TestIntrospectionResponseEvent::test_factory_methods FAILED [ 51%]
tests/unit/models/discovery/test_request_response_introspection.py::TestIntrospectionResponseEvent::test_detailed_response_models PASSED [ 51%]
tests/unit/models/discovery/test_request_response_introspection.py::TestMixinRequestResponseIntrospection::test_setup_and_teardown
